05:40:57 **** Incremental Build of configuration Debug for project Calculator ****
make all 
'Building file: ../main.c'
'Invoking: AVR Compiler'
avr-gcc -Wall -g2 -gstabs -O0 -fpack-struct -fshort-enums -ffunction-sections -fdata-sections -std=gnu99 -funsigned-char -funsigned-bitfields -mmcu=atmega32 -DF_CPU=8000000UL -MMD -MP -MF"main.d" -MT"main.o" -c -o "main.o" "../main.c"
../main.c:11:6: warning: return type of 'main' is not 'int' [-Wmain]
   11 | void main()
      |      ^~~~
'Finished building: ../main.c'
' '
'Building target: Calculator.elf'
'Invoking: AVR C Linker'
avr-gcc -Wl,-Map,Calculator.map -mmcu=atmega32 -o "Calculator.elf"  ./CLCD_program.o ./DIO_program.o ./KPD_program.o ./PORT_program.o ./main.o   
'Finished building target: Calculator.elf'
' '
'Invoking: AVR Create Extended Listing'
avr-objdump -h -S Calculator.elf  >"Calculator.lss"
'Finished building: Calculator.lss'
' '
'Invoking: Print Size'
avr-size --format=berkeley -t Calculator.elf
   text	   data	    bss	    dec	    hex	filename
   3910	     24	      2	   3936	    f60	Calculator.elf
   3910	     24	      2	   3936	    f60	(TOTALS)
'Finished building: sizedummy'
' '

05:40:58 Build Finished. 0 errors, 1 warnings. (took 829ms)

