14:00:22 **** Incremental Build of configuration Debug for project EEPROM ****
make all 
'Building file: ../main.c'
'Invoking: AVR Compiler'
avr-gcc -Wall -g2 -gstabs -O0 -fpack-struct -fshort-enums -ffunction-sections -fdata-sections -std=gnu99 -funsigned-char -funsigned-bitfields -mmcu=atmega32 -DF_CPU=8000000UL -MMD -MP -MF"main.d" -MT"main.o" -c -o "main.o" "../main.c"
In file included from ../main.c:10:
c:\users\ahmed kamal\downloads\program\avr-gcc-9.1.0-x64-mingw\avr\include\util\delay.h:112:3: warning: #warning "Compiler optimizations disabled; functions from <util/delay.h> won't work as designed" [-Wcpp]
  112 | # warning "Compiler optimizations disabled; functions from <util/delay.h> won't work as designed"
      |   ^~~~~~~
../main.c:12:6: warning: return type of 'main' is not 'int' [-Wmain]
   12 | void main(void)
      |      ^~~~
'Finished building: ../main.c'
' '
'Building target: EEPROM.elf'
'Invoking: AVR C Linker'
avr-gcc -Wl,-Map,EEPROM.map -mmcu=atmega32 -o "EEPROM.elf"  ./DIO_program.o ./EEPROM_program.o ./PORT_program.o ./TWI_program.o ./main.o   
'Finished building target: EEPROM.elf'
' '
'Invoking: AVR Create Extended Listing'
avr-objdump -h -S EEPROM.elf  >"EEPROM.lss"
'Finished building: EEPROM.lss'
' '
'Invoking: Print Size'
avr-size --format=berkeley -t EEPROM.elf
   text	   data	    bss	    dec	    hex	filename
   3250	      0	      0	   3250	    cb2	EEPROM.elf
   3250	      0	      0	   3250	    cb2	(TOTALS)
'Finished building: sizedummy'
' '

14:00:22 Build Finished. 0 errors, 2 warnings. (took 867ms)

