22:09:56 **** Incremental Build of configuration Debug for project EXTI ****
make all 
'Building file: ../main.c'
'Invoking: AVR Compiler'
avr-gcc -Wall -g2 -gstabs -O0 -fpack-struct -fshort-enums -ffunction-sections -fdata-sections -std=gnu99 -funsigned-char -funsigned-bitfields -mmcu=atmega32 -DF_CPU=8000000UL -MMD -MP -MF"main.d" -MT"main.o" -c -o "main.o" "../main.c"
In file included from ../main.c:2:
c:\users\ahmed kamal\downloads\program\avr-gcc-9.1.0-x64-mingw\avr\include\util\delay.h:112:3: warning: #warning "Compiler optimizations disabled; functions from <util/delay.h> won't work as designed" [-Wcpp]
  112 | # warning "Compiler optimizations disabled; functions from <util/delay.h> won't work as designed"
      |   ^~~~~~~
../main.c:9:6: warning: return type of 'main' is not 'int' [-Wmain]
    9 | void main(void)
      |      ^~~~
'Finished building: ../main.c'
' '
'Building target: EXTI.elf'
'Invoking: AVR C Linker'
avr-gcc -Wl,-Map,EXTI.map -mmcu=atmega32 -o "EXTI.elf"  ./DIO_program.o ./EXTI_program.o ./GIE_program.o ./PORT_program.o ./main.o   
'Finished building target: EXTI.elf'
' '
'Invoking: AVR Create Extended Listing'
avr-objdump -h -S EXTI.elf  >"EXTI.lss"
'Finished building: EXTI.lss'
' '
'Create Flash image (ihex format)'
avr-objcopy -R .eeprom -R .fuse -R .lock -R .signature -O ihex EXTI.elf  "EXTI.hex"
'Finished building: EXTI.hex'
' '
'Invoking: Print Size'
avr-size --format=berkeley -t EXTI.elf
   text	   data	    bss	    dec	    hex	filename
   4596	      0	      6	   4602	   11fa	EXTI.elf
   4596	      0	      6	   4602	   11fa	(TOTALS)
'Finished building: sizedummy'
' '

22:09:57 Build Finished. 0 errors, 2 warnings. (took 1s.24ms)

