07:23:47 **** Incremental Build of configuration Debug for project ICU_HW ****
make all 
'Building file: ../TIMER_program.c'
'Invoking: AVR Compiler'
avr-gcc -Wall -g2 -gstabs -O0 -fpack-struct -fshort-enums -ffunction-sections -fdata-sections -std=gnu99 -funsigned-char -funsigned-bitfields -mmcu=atmega32 -DF_CPU=8000000UL -MMD -MP -MF"TIMER_program.d" -MT"TIMER_program.o" -c -o "TIMER_program.o" "../TIMER_program.c"
'Finished building: ../TIMER_program.c'
' '
'Building file: ../main.c'
'Invoking: AVR Compiler'
avr-gcc -Wall -g2 -gstabs -O0 -fpack-struct -fshort-enums -ffunction-sections -fdata-sections -std=gnu99 -funsigned-char -funsigned-bitfields -mmcu=atmega32 -DF_CPU=8000000UL -MMD -MP -MF"main.d" -MT"main.o" -c -o "main.o" "../main.c"
../main.c:18:6: warning: return type of 'main' is not 'int' [-Wmain]
   18 | void main()
      |      ^~~~
'Finished building: ../main.c'
' '
'Building target: ICU_HW.elf'
'Invoking: AVR C Linker'
avr-gcc -Wl,-Map,ICU_HW.map -mmcu=atmega32 -o "ICU_HW.elf"  ./CLCD_program.o ./DIO_program.o ./GIE_program.o ./PORT_program.o ./TIMER_program.o ./main.o   
'Finished building target: ICU_HW.elf'
' '
'Invoking: AVR Create Extended Listing'
avr-objdump -h -S ICU_HW.elf  >"ICU_HW.lss"
'Finished building: ICU_HW.lss'
' '
'Invoking: Print Size'
avr-size --format=berkeley -t ICU_HW.elf
   text	   data	    bss	    dec	    hex	filename
   6154	     24	     31	   6209	   1841	ICU_HW.elf
   6154	     24	     31	   6209	   1841	(TOTALS)
'Finished building: sizedummy'
' '

07:23:48 Build Finished. 0 errors, 1 warnings. (took 1s.155ms)

