11:10:45 **** Incremental Build of configuration Debug for project ICU_SW ****
make all 
'Building file: ../main.c'
'Invoking: AVR Compiler'
avr-gcc -Wall -g2 -gstabs -O0 -fpack-struct -fshort-enums -ffunction-sections -fdata-sections -std=gnu99 -funsigned-char -funsigned-bitfields -mmcu=atmega32 -DF_CPU=8000000UL -MMD -MP -MF"main.d" -MT"main.o" -c -o "main.o" "../main.c"
../main.c:18:6: warning: return type of 'main' is not 'int' [-Wmain]
   18 | void main()
      |      ^~~~
'Finished building: ../main.c'
' '
'Building target: ICU_SW.elf'
'Invoking: AVR C Linker'
avr-gcc -Wl,-Map,ICU_SW.map -mmcu=atmega32 -o "ICU_SW.elf"  ./CLCD_program.o ./DIO_program.o ./EXTI_program.o ./GIE_program.o ./PORT_program.o ./TIMER_program.o ./main.o   
'Finished building target: ICU_SW.elf'
' '
'Invoking: AVR Create Extended Listing'
avr-objdump -h -S ICU_SW.elf  >"ICU_SW.lss"
'Finished building: ICU_SW.lss'
' '
'Invoking: Print Size'
avr-size --format=berkeley -t ICU_SW.elf
   text	   data	    bss	    dec	    hex	filename
   6022	     22	     13	   6057	   17a9	ICU_SW.elf
   6022	     22	     13	   6057	   17a9	(TOTALS)
'Finished building: sizedummy'
' '

11:10:46 Build Finished. 0 errors, 1 warnings. (took 852ms)

