14:34:11 **** Incremental Build of configuration Debug for project Keypad ****
make all 
'Building file: ../KPD_program.c'
'Invoking: AVR Compiler'
avr-gcc -Wall -g2 -gstabs -O0 -fpack-struct -fshort-enums -ffunction-sections -fdata-sections -std=gnu99 -funsigned-char -funsigned-bitfields -mmcu=atmega32 -DF_CPU=8000000UL -MMD -MP -MF"KPD_program.d" -MT"KPD_program.o" -c -o "KPD_program.o" "../KPD_program.c"
'Finished building: ../KPD_program.c'
' '
'Building file: ../main.c'
'Invoking: AVR Compiler'
avr-gcc -Wall -g2 -gstabs -O0 -fpack-struct -fshort-enums -ffunction-sections -fdata-sections -std=gnu99 -funsigned-char -funsigned-bitfields -mmcu=atmega32 -DF_CPU=8000000UL -MMD -MP -MF"main.d" -MT"main.o" -c -o "main.o" "../main.c"
../main.c:9:6: warning: return type of 'main' is not 'int' [-Wmain]
    9 | void main(void)
      |      ^~~~
'Finished building: ../main.c'
' '
'Building target: Keypad.elf'
'Invoking: AVR C Linker'
avr-gcc -Wl,-Map,Keypad.map -mmcu=atmega32 -o "Keypad.elf"  ./CLCD_program.o ./DIO_program.o ./KPD_program.o ./PORT_program.o ./main.o   
'Finished building target: Keypad.elf'
' '
'Invoking: AVR Create Extended Listing'
avr-objdump -h -S Keypad.elf  >"Keypad.lss"
'Finished building: Keypad.lss'
' '
'Invoking: Print Size'
avr-size --format=berkeley -t Keypad.elf
   text	   data	    bss	    dec	    hex	filename
   3596	     24	      0	   3620	    e24	Keypad.elf
   3596	     24	      0	   3620	    e24	(TOTALS)
'Finished building: sizedummy'
' '

14:34:12 Build Finished. 0 errors, 1 warnings. (took 1s.100ms)

