11:59:38 **** Incremental Build of configuration Debug for project LCD_Test ****
make all 
'Building file: ../LCD_program.c'
'Invoking: AVR Compiler'
avr-gcc -Wall -g2 -gstabs -O0 -fpack-struct -fshort-enums -ffunction-sections -fdata-sections -std=gnu99 -funsigned-char -funsigned-bitfields -mmcu=atmega32 -DF_CPU=8000000UL -MMD -MP -MF"LCD_program.d" -MT"LCD_program.o" -c -o "LCD_program.o" "../LCD_program.c"
../LCD_program.c:9: warning: "F_CPU" redefined
    9 | #define F_CPU 8000000U
      | 
<command-line>: note: this is the location of the previous definition
In file included from ../LCD_program.c:10:
c:\users\ahmed kamal\downloads\program\avr-gcc-9.1.0-x64-mingw\avr\include\util\delay.h:112:3: warning: #warning "Compiler optimizations disabled; functions from <util/delay.h> won't work as designed" [-Wcpp]
  112 | # warning "Compiler optimizations disabled; functions from <util/delay.h> won't work as designed"
      |   ^~~~~~~
../LCD_program.c: In function 'LCD_StoreCustomChar':
../LCD_program.c:179:10: warning: operation on 'address' may be undefined [-Wsequence-point]
  179 |  address = SET_BIT(address,6);
'Finished building: ../LCD_program.c'
' '
'Building file: ../main.c'
'Invoking: AVR Compiler'
avr-gcc -Wall -g2 -gstabs -O0 -fpack-struct -fshort-enums -ffunction-sections -fdata-sections -std=gnu99 -funsigned-char -funsigned-bitfields -mmcu=atmega32 -DF_CPU=8000000UL -MMD -MP -MF"main.d" -MT"main.o" -c -o "main.o" "../main.c"
../main.c:6:6: warning: return type of 'main' is not 'int' [-Wmain]
    6 | void main()
      |      ^~~~
'Finished building: ../main.c'
' '
'Building target: LCD_Test.elf'
'Invoking: AVR C Linker'
avr-gcc -Wl,-Map,LCD_Test.map -mmcu=atmega32 -o "LCD_Test.elf"  ./DIO_Program.o ./LCD_program.o ./main.o   
'Finished building target: LCD_Test.elf'
' '
'Invoking: AVR Create Extended Listing'
avr-objdump -h -S LCD_Test.elf  >"LCD_Test.lss"
'Finished building: LCD_Test.lss'
' '
'Invoking: Print Size'
avr-size --format=berkeley -t LCD_Test.elf
   text	   data	    bss	    dec	    hex	filename
   5860	      0	      0	   5860	   16e4	LCD_Test.elf
   5860	      0	      0	   5860	   16e4	(TOTALS)
'Finished building: sizedummy'
' '

11:59:40 Build Finished. 0 errors, 4 warnings. (took 1s.30ms)

