13:27:01 **** Incremental Build of configuration Debug for project Motor_Dashboard ****
make all 
'Building file: ../ADC_program.c'
'Invoking: AVR Compiler'
avr-gcc -Wall -g2 -gstabs -O0 -fpack-struct -fshort-enums -ffunction-sections -fdata-sections -std=gnu99 -funsigned-char -funsigned-bitfields -mmcu=atmega32 -DF_CPU=8000000UL -MMD -MP -MF"ADC_program.d" -MT"ADC_program.o" -c -o "ADC_program.o" "../ADC_program.c"
../ADC_program.c: In function 'ADC_u8StartChainAsynch':
../ADC_program.c:207:27: warning: assignment to 'u16 *' {aka 'short unsigned int *'} from incompatible pointer type 'u8 *' {aka 'unsigned char *'} [-Wincompatible-pointer-types]
  207 |     ADC_pu16ChainResultArr=Copy_psChain->Result;
      |                           ^
'Finished building: ../ADC_program.c'
' '
'Building file: ../DIO_program.c'
'Invoking: AVR Compiler'
avr-gcc -Wall -g2 -gstabs -O0 -fpack-struct -fshort-enums -ffunction-sections -fdata-sections -std=gnu99 -funsigned-char -funsigned-bitfields -mmcu=atmega32 -DF_CPU=8000000UL -MMD -MP -MF"DIO_program.d" -MT"DIO_program.o" -c -o "DIO_program.o" "../DIO_program.c"
'Finished building: ../DIO_program.c'
' '
'Building file: ../GIE_program.c'
'Invoking: AVR Compiler'
avr-gcc -Wall -g2 -gstabs -O0 -fpack-struct -fshort-enums -ffunction-sections -fdata-sections -std=gnu99 -funsigned-char -funsigned-bitfields -mmcu=atmega32 -DF_CPU=8000000UL -MMD -MP -MF"GIE_program.d" -MT"GIE_program.o" -c -o "GIE_program.o" "../GIE_program.c"
'Finished building: ../GIE_program.c'
' '
'Building file: ../PORT_program.c'
'Invoking: AVR Compiler'
avr-gcc -Wall -g2 -gstabs -O0 -fpack-struct -fshort-enums -ffunction-sections -fdata-sections -std=gnu99 -funsigned-char -funsigned-bitfields -mmcu=atmega32 -DF_CPU=8000000UL -MMD -MP -MF"PORT_program.d" -MT"PORT_program.o" -c -o "PORT_program.o" "../PORT_program.c"
'Finished building: ../PORT_program.c'
' '
'Building file: ../main.c'
'Invoking: AVR Compiler'
avr-gcc -Wall -g2 -gstabs -O0 -fpack-struct -fshort-enums -ffunction-sections -fdata-sections -std=gnu99 -funsigned-char -funsigned-bitfields -mmcu=atmega32 -DF_CPU=8000000UL -MMD -MP -MF"main.d" -MT"main.o" -c -o "main.o" "../main.c"
../main.c:17:6: warning: return type of 'main' is not 'int' [-Wmain]
   17 | void main()
      |      ^~~~
'Finished building: ../main.c'
' '
'Building target: Motor_Dashboard.elf'
'Invoking: AVR C Linker'
avr-gcc -Wl,-Map,Motor_Dashboard.map -mmcu=atmega32 -o "Motor_Dashboard.elf"  ./ADC_program.o ./DIO_program.o ./GIE_program.o ./PORT_program.o ./main.o   
'Finished building target: Motor_Dashboard.elf'
' '
'Invoking: AVR Create Extended Listing'
avr-objdump -h -S Motor_Dashboard.elf  >"Motor_Dashboard.lss"
'Finished building: Motor_Dashboard.lss'
' '
'Invoking: Print Size'
avr-size --format=berkeley -t Motor_Dashboard.elf
   text	   data	    bss	    dec	    hex	filename
   2410	      0	     13	   2423	    977	Motor_Dashboard.elf
   2410	      0	     13	   2423	    977	(TOTALS)
'Finished building: sizedummy'
' '

13:27:04 Build Finished. 0 errors, 2 warnings. (took 2s.722ms)

