23:41:54 **** Incremental Build of configuration Debug for project Pot_Servo ****
make all 
'Building file: ../main.c'
'Invoking: AVR Compiler'
avr-gcc -Wall -g2 -gstabs -O0 -fpack-struct -fshort-enums -ffunction-sections -fdata-sections -std=gnu99 -funsigned-char -funsigned-bitfields -mmcu=atmega32 -DF_CPU=8000000UL -MMD -MP -MF"main.d" -MT"main.o" -c -o "main.o" "../main.c"
../main.c:22:6: warning: return type of 'main' is not 'int' [-Wmain]
   22 | void main()
      |      ^~~~
'Finished building: ../main.c'
' '
'Building target: Pot_Servo.elf'
'Invoking: AVR C Linker'
avr-gcc -Wl,-Map,Pot_Servo.map -mmcu=atmega32 -o "Pot_Servo.elf"  ./ADC_program.o ./DIO_program.o ./GIE_program.o ./PORT_program.o ./TIMER_program.o ./main.o   
'Finished building target: Pot_Servo.elf'
' '
'Invoking: AVR Create Extended Listing'
avr-objdump -h -S Pot_Servo.elf  >"Pot_Servo.lss"
'Finished building: Pot_Servo.lss'
' '
'Create Flash image (ihex format)'
avr-objcopy -R .eeprom -R .fuse -R .lock -R .signature -O ihex Pot_Servo.elf  "Pot_Servo.hex"
'Finished building: Pot_Servo.hex'
' '
'Invoking: Print Size'
avr-size --format=berkeley -t Pot_Servo.elf
   text	   data	    bss	    dec	    hex	filename
   3720	      0	     15	   3735	    e97	Pot_Servo.elf
   3720	      0	     15	   3735	    e97	(TOTALS)
'Finished building: sizedummy'
' '

23:41:55 Build Finished. 0 errors, 1 warnings. (took 886ms)

