Archive member included to satisfy reference by file (symbol)

c:/users/ahmed kamal/downloads/program/avr-gcc-9.1.0-x64-mingw/bin/../lib/gcc/avr/9.1.0/avr5\libgcc.a(_exit.o)
                              c:/users/ahmed kamal/downloads/program/avr-gcc-9.1.0-x64-mingw/bin/../lib/gcc/avr/9.1.0/../../../../avr/lib/avr5/crtatmega32.o (exit)
c:/users/ahmed kamal/downloads/program/avr-gcc-9.1.0-x64-mingw/bin/../lib/gcc/avr/9.1.0/avr5\libgcc.a(_copy_data.o)
                              ./main.o (__do_copy_data)
c:/users/ahmed kamal/downloads/program/avr-gcc-9.1.0-x64-mingw/bin/../lib/gcc/avr/9.1.0/../../../../avr/lib/avr5\libm.a(cmpsf2.o)
                              ./CLCD_program.o (__ltsf2)
c:/users/ahmed kamal/downloads/program/avr-gcc-9.1.0-x64-mingw/bin/../lib/gcc/avr/9.1.0/../../../../avr/lib/avr5\libm.a(fixunssfsi.o)
                              ./CLCD_program.o (__fixunssfsi)
c:/users/ahmed kamal/downloads/program/avr-gcc-9.1.0-x64-mingw/bin/../lib/gcc/avr/9.1.0/../../../../avr/lib/avr5\libm.a(fp_cmp.o)
                              c:/users/ahmed kamal/downloads/program/avr-gcc-9.1.0-x64-mingw/bin/../lib/gcc/avr/9.1.0/../../../../avr/lib/avr5\libm.a(cmpsf2.o) (__fp_cmp)
c:/users/ahmed kamal/downloads/program/avr-gcc-9.1.0-x64-mingw/bin/../lib/gcc/avr/9.1.0/../../../../avr/lib/avr5\libm.a(fp_split3.o)
                              c:/users/ahmed kamal/downloads/program/avr-gcc-9.1.0-x64-mingw/bin/../lib/gcc/avr/9.1.0/../../../../avr/lib/avr5\libm.a(fixunssfsi.o) (__fp_splitA)
c:/users/ahmed kamal/downloads/program/avr-gcc-9.1.0-x64-mingw/bin/../lib/gcc/avr/9.1.0/../../../../avr/lib/avr5\libm.a(fp_zero.o)
                              c:/users/ahmed kamal/downloads/program/avr-gcc-9.1.0-x64-mingw/bin/../lib/gcc/avr/9.1.0/../../../../avr/lib/avr5\libm.a(fixunssfsi.o) (__fp_zero)
c:/users/ahmed kamal/downloads/program/avr-gcc-9.1.0-x64-mingw/bin/../lib/gcc/avr/9.1.0/../../../../avr/lib/avr5\libm.a(gesf2.o)
                              ./CLCD_program.o (__gtsf2)
c:/users/ahmed kamal/downloads/program/avr-gcc-9.1.0-x64-mingw/bin/../lib/gcc/avr/9.1.0/../../../../avr/lib/avr5\libm.a(mulsf3.o)
                              ./CLCD_program.o (__mulsf3)
c:/users/ahmed kamal/downloads/program/avr-gcc-9.1.0-x64-mingw/bin/../lib/gcc/avr/9.1.0/../../../../avr/lib/avr5\libm.a(mulsf3x.o)
                              c:/users/ahmed kamal/downloads/program/avr-gcc-9.1.0-x64-mingw/bin/../lib/gcc/avr/9.1.0/../../../../avr/lib/avr5\libm.a(mulsf3.o) (__mulsf3x)
c:/users/ahmed kamal/downloads/program/avr-gcc-9.1.0-x64-mingw/bin/../lib/gcc/avr/9.1.0/../../../../avr/lib/avr5\libm.a(fp_inf.o)
                              c:/users/ahmed kamal/downloads/program/avr-gcc-9.1.0-x64-mingw/bin/../lib/gcc/avr/9.1.0/../../../../avr/lib/avr5\libm.a(mulsf3x.o) (__fp_inf)
c:/users/ahmed kamal/downloads/program/avr-gcc-9.1.0-x64-mingw/bin/../lib/gcc/avr/9.1.0/../../../../avr/lib/avr5\libm.a(fp_nan.o)
                              c:/users/ahmed kamal/downloads/program/avr-gcc-9.1.0-x64-mingw/bin/../lib/gcc/avr/9.1.0/../../../../avr/lib/avr5\libm.a(mulsf3x.o) (__fp_nan)
c:/users/ahmed kamal/downloads/program/avr-gcc-9.1.0-x64-mingw/bin/../lib/gcc/avr/9.1.0/../../../../avr/lib/avr5\libm.a(fp_pscA.o)
                              c:/users/ahmed kamal/downloads/program/avr-gcc-9.1.0-x64-mingw/bin/../lib/gcc/avr/9.1.0/../../../../avr/lib/avr5\libm.a(mulsf3x.o) (__fp_pscA)
c:/users/ahmed kamal/downloads/program/avr-gcc-9.1.0-x64-mingw/bin/../lib/gcc/avr/9.1.0/../../../../avr/lib/avr5\libm.a(fp_pscB.o)
                              c:/users/ahmed kamal/downloads/program/avr-gcc-9.1.0-x64-mingw/bin/../lib/gcc/avr/9.1.0/../../../../avr/lib/avr5\libm.a(mulsf3x.o) (__fp_pscB)
c:/users/ahmed kamal/downloads/program/avr-gcc-9.1.0-x64-mingw/bin/../lib/gcc/avr/9.1.0/../../../../avr/lib/avr5\libm.a(fp_round.o)
                              c:/users/ahmed kamal/downloads/program/avr-gcc-9.1.0-x64-mingw/bin/../lib/gcc/avr/9.1.0/../../../../avr/lib/avr5\libm.a(mulsf3.o) (__fp_round)

Memory Configuration

Name             Origin             Length             Attributes
text             0x0000000000000000 0x0000000000020000 xr
data             0x0000000000800060 0x000000000000ffa0 rw !x
eeprom           0x0000000000810000 0x0000000000010000 rw !x
fuse             0x0000000000820000 0x0000000000000400 rw !x
lock             0x0000000000830000 0x0000000000000400 rw !x
signature        0x0000000000840000 0x0000000000000400 rw !x
user_signatures  0x0000000000850000 0x0000000000000400 rw !x
*default*        0x0000000000000000 0xffffffffffffffff

Linker script and memory map

LOAD c:/users/ahmed kamal/downloads/program/avr-gcc-9.1.0-x64-mingw/bin/../lib/gcc/avr/9.1.0/../../../../avr/lib/avr5/crtatmega32.o
LOAD ./CLCD_program.o
LOAD ./DIO_program.o
LOAD ./PORT_program.o
LOAD ./main.o
START GROUP
LOAD c:/users/ahmed kamal/downloads/program/avr-gcc-9.1.0-x64-mingw/bin/../lib/gcc/avr/9.1.0/avr5\libgcc.a
LOAD c:/users/ahmed kamal/downloads/program/avr-gcc-9.1.0-x64-mingw/bin/../lib/gcc/avr/9.1.0/../../../../avr/lib/avr5\libm.a
LOAD c:/users/ahmed kamal/downloads/program/avr-gcc-9.1.0-x64-mingw/bin/../lib/gcc/avr/9.1.0/../../../../avr/lib/avr5\libc.a
LOAD c:/users/ahmed kamal/downloads/program/avr-gcc-9.1.0-x64-mingw/bin/../lib/gcc/avr/9.1.0/../../../../avr/lib/avr5\libatmega32.a
END GROUP
                0x0000000000020000                __TEXT_REGION_LENGTH__ = DEFINED (__TEXT_REGION_LENGTH__)?__TEXT_REGION_LENGTH__:0x20000
                0x000000000000ffa0                __DATA_REGION_LENGTH__ = DEFINED (__DATA_REGION_LENGTH__)?__DATA_REGION_LENGTH__:0xffa0
                0x0000000000010000                __EEPROM_REGION_LENGTH__ = DEFINED (__EEPROM_REGION_LENGTH__)?__EEPROM_REGION_LENGTH__:0x10000
                0x0000000000000400                __FUSE_REGION_LENGTH__ = DEFINED (__FUSE_REGION_LENGTH__)?__FUSE_REGION_LENGTH__:0x400
                0x0000000000000400                __LOCK_REGION_LENGTH__ = DEFINED (__LOCK_REGION_LENGTH__)?__LOCK_REGION_LENGTH__:0x400
                0x0000000000000400                __SIGNATURE_REGION_LENGTH__ = DEFINED (__SIGNATURE_REGION_LENGTH__)?__SIGNATURE_REGION_LENGTH__:0x400
                0x0000000000000400                __USER_SIGNATURE_REGION_LENGTH__ = DEFINED (__USER_SIGNATURE_REGION_LENGTH__)?__USER_SIGNATURE_REGION_LENGTH__:0x400

.hash
 *(.hash)

.dynsym
 *(.dynsym)

.dynstr
 *(.dynstr)

.gnu.version
 *(.gnu.version)

.gnu.version_d
 *(.gnu.version_d)

.gnu.version_r
 *(.gnu.version_r)

.rel.init
 *(.rel.init)

.rela.init
 *(.rela.init)

.rel.text
 *(.rel.text)
 *(.rel.text.*)
 *(.rel.gnu.linkonce.t*)

.rela.text
 *(.rela.text)
 *(.rela.text.*)
 *(.rela.gnu.linkonce.t*)

.rel.fini
 *(.rel.fini)

.rela.fini
 *(.rela.fini)

.rel.rodata
 *(.rel.rodata)
 *(.rel.rodata.*)
 *(.rel.gnu.linkonce.r*)

.rela.rodata
 *(.rela.rodata)
 *(.rela.rodata.*)
 *(.rela.gnu.linkonce.r*)

.rel.data
 *(.rel.data)
 *(.rel.data.*)
 *(.rel.gnu.linkonce.d*)

.rela.data
 *(.rela.data)
 *(.rela.data.*)
 *(.rela.gnu.linkonce.d*)

.rel.ctors
 *(.rel.ctors)

.rela.ctors
 *(.rela.ctors)

.rel.dtors
 *(.rel.dtors)

.rela.dtors
 *(.rela.dtors)

.rel.got
 *(.rel.got)

.rela.got
 *(.rela.got)

.rel.bss
 *(.rel.bss)

.rela.bss
 *(.rela.bss)

.rel.plt
 *(.rel.plt)

.rela.plt
 *(.rela.plt)

.text           0x0000000000000000     0x29ae
 *(.vectors)
 .vectors       0x0000000000000000       0x54 c:/users/ahmed kamal/downloads/program/avr-gcc-9.1.0-x64-mingw/bin/../lib/gcc/avr/9.1.0/../../../../avr/lib/avr5/crtatmega32.o
                0x0000000000000000                __vector_default
                0x0000000000000000                __vectors
 *(.vectors)
 *(.progmem.gcc*)
                0x0000000000000054                . = ALIGN (0x2)
                0x0000000000000054                __trampolines_start = .
 *(.trampolines)
 .trampolines   0x0000000000000054        0x0 linker stubs
 *(.trampolines*)
                0x0000000000000054                __trampolines_end = .
 *libprintf_flt.a:*(.progmem.data)
 *libc.a:*(.progmem.data)
 *(.progmem.*)
                0x0000000000000054                . = ALIGN (0x2)
 *(.lowtext)
 *(.lowtext*)
                0x0000000000000054                __ctors_start = .
 *(.ctors)
                0x0000000000000054                __ctors_end = .
                0x0000000000000054                __dtors_start = .
 *(.dtors)
                0x0000000000000054                __dtors_end = .
 SORT_BY_NAME(*)(.ctors)
 SORT_BY_NAME(*)(.dtors)
 *(.init0)
 .init0         0x0000000000000054        0x0 c:/users/ahmed kamal/downloads/program/avr-gcc-9.1.0-x64-mingw/bin/../lib/gcc/avr/9.1.0/../../../../avr/lib/avr5/crtatmega32.o
                0x0000000000000054                __init
 *(.init0)
 *(.init1)
 *(.init1)
 *(.init2)
 .init2         0x0000000000000054        0xc c:/users/ahmed kamal/downloads/program/avr-gcc-9.1.0-x64-mingw/bin/../lib/gcc/avr/9.1.0/../../../../avr/lib/avr5/crtatmega32.o
 *(.init2)
 *(.init3)
 *(.init3)
 *(.init4)
 .init4         0x0000000000000060       0x16 c:/users/ahmed kamal/downloads/program/avr-gcc-9.1.0-x64-mingw/bin/../lib/gcc/avr/9.1.0/avr5\libgcc.a(_copy_data.o)
                0x0000000000000060                __do_copy_data
 *(.init4)
 *(.init5)
 *(.init5)
 *(.init6)
 *(.init6)
 *(.init7)
 *(.init7)
 *(.init8)
 *(.init8)
 *(.init9)
 .init9         0x0000000000000076        0x8 c:/users/ahmed kamal/downloads/program/avr-gcc-9.1.0-x64-mingw/bin/../lib/gcc/avr/9.1.0/../../../../avr/lib/avr5/crtatmega32.o
 *(.init9)
 *(.text)
 .text          0x000000000000007e        0x4 c:/users/ahmed kamal/downloads/program/avr-gcc-9.1.0-x64-mingw/bin/../lib/gcc/avr/9.1.0/../../../../avr/lib/avr5/crtatmega32.o
                0x000000000000007e                __vector_1
                0x000000000000007e                __vector_12
                0x000000000000007e                __bad_interrupt
                0x000000000000007e                __vector_6
                0x000000000000007e                __vector_3
                0x000000000000007e                __vector_11
                0x000000000000007e                __vector_13
                0x000000000000007e                __vector_17
                0x000000000000007e                __vector_19
                0x000000000000007e                __vector_7
                0x000000000000007e                __vector_5
                0x000000000000007e                __vector_4
                0x000000000000007e                __vector_9
                0x000000000000007e                __vector_2
                0x000000000000007e                __vector_15
                0x000000000000007e                __vector_8
                0x000000000000007e                __vector_14
                0x000000000000007e                __vector_10
                0x000000000000007e                __vector_16
                0x000000000000007e                __vector_18
                0x000000000000007e                __vector_20
 .text          0x0000000000000082        0x0 ./CLCD_program.o
 .text          0x0000000000000082        0x0 ./DIO_program.o
 .text          0x0000000000000082        0x0 ./PORT_program.o
 .text          0x0000000000000082        0x0 ./main.o
 .text          0x0000000000000082        0x0 c:/users/ahmed kamal/downloads/program/avr-gcc-9.1.0-x64-mingw/bin/../lib/gcc/avr/9.1.0/avr5\libgcc.a(_exit.o)
 .text          0x0000000000000082        0x0 c:/users/ahmed kamal/downloads/program/avr-gcc-9.1.0-x64-mingw/bin/../lib/gcc/avr/9.1.0/avr5\libgcc.a(_copy_data.o)
 .text          0x0000000000000082        0x0 c:/users/ahmed kamal/downloads/program/avr-gcc-9.1.0-x64-mingw/bin/../lib/gcc/avr/9.1.0/../../../../avr/lib/avr5\libm.a(cmpsf2.o)
 .text          0x0000000000000082        0x0 c:/users/ahmed kamal/downloads/program/avr-gcc-9.1.0-x64-mingw/bin/../lib/gcc/avr/9.1.0/../../../../avr/lib/avr5\libm.a(fixunssfsi.o)
 .text          0x0000000000000082        0x0 c:/users/ahmed kamal/downloads/program/avr-gcc-9.1.0-x64-mingw/bin/../lib/gcc/avr/9.1.0/../../../../avr/lib/avr5\libm.a(fp_cmp.o)
 .text          0x0000000000000082        0x0 c:/users/ahmed kamal/downloads/program/avr-gcc-9.1.0-x64-mingw/bin/../lib/gcc/avr/9.1.0/../../../../avr/lib/avr5\libm.a(fp_split3.o)
 .text          0x0000000000000082        0x0 c:/users/ahmed kamal/downloads/program/avr-gcc-9.1.0-x64-mingw/bin/../lib/gcc/avr/9.1.0/../../../../avr/lib/avr5\libm.a(fp_zero.o)
 .text          0x0000000000000082        0x0 c:/users/ahmed kamal/downloads/program/avr-gcc-9.1.0-x64-mingw/bin/../lib/gcc/avr/9.1.0/../../../../avr/lib/avr5\libm.a(gesf2.o)
 .text          0x0000000000000082        0x0 c:/users/ahmed kamal/downloads/program/avr-gcc-9.1.0-x64-mingw/bin/../lib/gcc/avr/9.1.0/../../../../avr/lib/avr5\libm.a(mulsf3.o)
 .text          0x0000000000000082        0x0 c:/users/ahmed kamal/downloads/program/avr-gcc-9.1.0-x64-mingw/bin/../lib/gcc/avr/9.1.0/../../../../avr/lib/avr5\libm.a(mulsf3x.o)
 .text          0x0000000000000082        0x0 c:/users/ahmed kamal/downloads/program/avr-gcc-9.1.0-x64-mingw/bin/../lib/gcc/avr/9.1.0/../../../../avr/lib/avr5\libm.a(fp_inf.o)
 .text          0x0000000000000082        0x0 c:/users/ahmed kamal/downloads/program/avr-gcc-9.1.0-x64-mingw/bin/../lib/gcc/avr/9.1.0/../../../../avr/lib/avr5\libm.a(fp_nan.o)
 .text          0x0000000000000082        0x0 c:/users/ahmed kamal/downloads/program/avr-gcc-9.1.0-x64-mingw/bin/../lib/gcc/avr/9.1.0/../../../../avr/lib/avr5\libm.a(fp_pscA.o)
 .text          0x0000000000000082        0x0 c:/users/ahmed kamal/downloads/program/avr-gcc-9.1.0-x64-mingw/bin/../lib/gcc/avr/9.1.0/../../../../avr/lib/avr5\libm.a(fp_pscB.o)
 .text          0x0000000000000082        0x0 c:/users/ahmed kamal/downloads/program/avr-gcc-9.1.0-x64-mingw/bin/../lib/gcc/avr/9.1.0/../../../../avr/lib/avr5\libm.a(fp_round.o)
                0x0000000000000082                . = ALIGN (0x2)
 *(.text.*)
 .text.CLCD_voidSendCommand
                0x0000000000000082      0x176 ./CLCD_program.o
                0x0000000000000082                CLCD_voidSendCommand
 .text.CLCD_voidSendData
                0x00000000000001f8      0x176 ./CLCD_program.o
                0x00000000000001f8                CLCD_voidSendData
 .text.CLCD_voidInit
                0x000000000000036e      0x156 ./CLCD_program.o
                0x000000000000036e                CLCD_voidInit
 .text.CLCD_voidSendString
                0x00000000000004c4       0x56 ./CLCD_program.o
                0x00000000000004c4                CLCD_voidSendString
 .text.CLCD_voidGoToXY
                0x000000000000051a       0x42 ./CLCD_program.o
                0x000000000000051a                CLCD_voidGoToXY
 .text.CLCD_voidWriteSpecialCharacter
                0x000000000000055c       0x76 ./CLCD_program.o
                0x000000000000055c                CLCD_voidWriteSpecialCharacter
 .text.CLCD_voidWriteNumber
                0x00000000000005d2       0x24 ./CLCD_program.o
                0x00000000000005d2                CLCD_voidWriteNumber
 .text.DIO_u8SetPinValue
                0x00000000000005f6      0x212 ./DIO_program.o
                0x00000000000005f6                DIO_u8SetPinValue
 .text.DIO_u8SetPortValue
                0x0000000000000808       0x7e ./DIO_program.o
                0x0000000000000808                DIO_u8SetPortValue
 .text.DIO_u8GetPinValue
                0x0000000000000886      0x11e ./DIO_program.o
                0x0000000000000886                DIO_u8GetPinValue
 .text.PORT_voidInit
                0x00000000000009a4       0x54 ./PORT_program.o
                0x00000000000009a4                PORT_voidInit
 .text.main     0x00000000000009f8     0x1d7c ./main.o
                0x00000000000009f8                main
 .text.libgcc.mul
                0x0000000000002774        0x0 c:/users/ahmed kamal/downloads/program/avr-gcc-9.1.0-x64-mingw/bin/../lib/gcc/avr/9.1.0/avr5\libgcc.a(_exit.o)
 .text.libgcc.div
                0x0000000000002774        0x0 c:/users/ahmed kamal/downloads/program/avr-gcc-9.1.0-x64-mingw/bin/../lib/gcc/avr/9.1.0/avr5\libgcc.a(_exit.o)
 .text.libgcc   0x0000000000002774        0x0 c:/users/ahmed kamal/downloads/program/avr-gcc-9.1.0-x64-mingw/bin/../lib/gcc/avr/9.1.0/avr5\libgcc.a(_exit.o)
 .text.libgcc.prologue
                0x0000000000002774        0x0 c:/users/ahmed kamal/downloads/program/avr-gcc-9.1.0-x64-mingw/bin/../lib/gcc/avr/9.1.0/avr5\libgcc.a(_exit.o)
 .text.libgcc.builtins
                0x0000000000002774        0x0 c:/users/ahmed kamal/downloads/program/avr-gcc-9.1.0-x64-mingw/bin/../lib/gcc/avr/9.1.0/avr5\libgcc.a(_exit.o)
 .text.libgcc.fmul
                0x0000000000002774        0x0 c:/users/ahmed kamal/downloads/program/avr-gcc-9.1.0-x64-mingw/bin/../lib/gcc/avr/9.1.0/avr5\libgcc.a(_exit.o)
 .text.libgcc.fixed
                0x0000000000002774        0x0 c:/users/ahmed kamal/downloads/program/avr-gcc-9.1.0-x64-mingw/bin/../lib/gcc/avr/9.1.0/avr5\libgcc.a(_exit.o)
 .text.libgcc.mul
                0x0000000000002774        0x0 c:/users/ahmed kamal/downloads/program/avr-gcc-9.1.0-x64-mingw/bin/../lib/gcc/avr/9.1.0/avr5\libgcc.a(_copy_data.o)
 .text.libgcc.div
                0x0000000000002774        0x0 c:/users/ahmed kamal/downloads/program/avr-gcc-9.1.0-x64-mingw/bin/../lib/gcc/avr/9.1.0/avr5\libgcc.a(_copy_data.o)
 .text.libgcc   0x0000000000002774        0x0 c:/users/ahmed kamal/downloads/program/avr-gcc-9.1.0-x64-mingw/bin/../lib/gcc/avr/9.1.0/avr5\libgcc.a(_copy_data.o)
 .text.libgcc.prologue
                0x0000000000002774        0x0 c:/users/ahmed kamal/downloads/program/avr-gcc-9.1.0-x64-mingw/bin/../lib/gcc/avr/9.1.0/avr5\libgcc.a(_copy_data.o)
 .text.libgcc.builtins
                0x0000000000002774        0x0 c:/users/ahmed kamal/downloads/program/avr-gcc-9.1.0-x64-mingw/bin/../lib/gcc/avr/9.1.0/avr5\libgcc.a(_copy_data.o)
 .text.libgcc.fmul
                0x0000000000002774        0x0 c:/users/ahmed kamal/downloads/program/avr-gcc-9.1.0-x64-mingw/bin/../lib/gcc/avr/9.1.0/avr5\libgcc.a(_copy_data.o)
 .text.libgcc.fixed
                0x0000000000002774        0x0 c:/users/ahmed kamal/downloads/program/avr-gcc-9.1.0-x64-mingw/bin/../lib/gcc/avr/9.1.0/avr5\libgcc.a(_copy_data.o)
 .text.avr-libc.fplib
                0x0000000000002774        0xa c:/users/ahmed kamal/downloads/program/avr-gcc-9.1.0-x64-mingw/bin/../lib/gcc/avr/9.1.0/../../../../avr/lib/avr5\libm.a(cmpsf2.o)
                0x0000000000002774                __nesf2
                0x0000000000002774                __eqsf2
                0x0000000000002774                __cmpsf2
                0x0000000000002774                __ltsf2
                0x0000000000002774                __lesf2
 .text.avr-libc.fplib
                0x000000000000277e       0x5e c:/users/ahmed kamal/downloads/program/avr-gcc-9.1.0-x64-mingw/bin/../lib/gcc/avr/9.1.0/../../../../avr/lib/avr5\libm.a(fixunssfsi.o)
                0x000000000000277e                __fixunssfsi
 .text.avr-libc.fplib
                0x00000000000027dc       0x48 c:/users/ahmed kamal/downloads/program/avr-gcc-9.1.0-x64-mingw/bin/../lib/gcc/avr/9.1.0/../../../../avr/lib/avr5\libm.a(fp_cmp.o)
                0x00000000000027dc                __fp_cmp
 .text.avr-libc.fplib
                0x0000000000002824       0x44 c:/users/ahmed kamal/downloads/program/avr-gcc-9.1.0-x64-mingw/bin/../lib/gcc/avr/9.1.0/../../../../avr/lib/avr5\libm.a(fp_split3.o)
                0x0000000000002824                __fp_split3
                0x0000000000002834                __fp_splitA
 .text.avr-libc.fplib
                0x0000000000002868        0xe c:/users/ahmed kamal/downloads/program/avr-gcc-9.1.0-x64-mingw/bin/../lib/gcc/avr/9.1.0/../../../../avr/lib/avr5\libm.a(fp_zero.o)
                0x0000000000002868                __fp_zero
                0x000000000000286a                __fp_szero
 .text.avr-libc.fplib
                0x0000000000002876        0xa c:/users/ahmed kamal/downloads/program/avr-gcc-9.1.0-x64-mingw/bin/../lib/gcc/avr/9.1.0/../../../../avr/lib/avr5\libm.a(gesf2.o)
                0x0000000000002876                __gesf2
                0x0000000000002876                __gtsf2
 .text.avr-libc.fplib
                0x0000000000002880        0x8 c:/users/ahmed kamal/downloads/program/avr-gcc-9.1.0-x64-mingw/bin/../lib/gcc/avr/9.1.0/../../../../avr/lib/avr5\libm.a(mulsf3.o)
                0x0000000000002880                __mulsf3
 .text.avr-libc.fplib
                0x0000000000002888       0xd2 c:/users/ahmed kamal/downloads/program/avr-gcc-9.1.0-x64-mingw/bin/../lib/gcc/avr/9.1.0/../../../../avr/lib/avr5\libm.a(mulsf3x.o)
                0x00000000000028a6                __mulsf3x
                0x00000000000028ac                __mulsf3_pse
 .text.avr-libc.fplib
                0x000000000000295a        0xc c:/users/ahmed kamal/downloads/program/avr-gcc-9.1.0-x64-mingw/bin/../lib/gcc/avr/9.1.0/../../../../avr/lib/avr5\libm.a(fp_inf.o)
                0x000000000000295a                __fp_inf
 .text.avr-libc.fplib
                0x0000000000002966        0x6 c:/users/ahmed kamal/downloads/program/avr-gcc-9.1.0-x64-mingw/bin/../lib/gcc/avr/9.1.0/../../../../avr/lib/avr5\libm.a(fp_nan.o)
                0x0000000000002966                __fp_nan
 .text.avr-libc.fplib
                0x000000000000296c        0xe c:/users/ahmed kamal/downloads/program/avr-gcc-9.1.0-x64-mingw/bin/../lib/gcc/avr/9.1.0/../../../../avr/lib/avr5\libm.a(fp_pscA.o)
                0x000000000000296c                __fp_pscA
 .text.avr-libc.fplib
                0x000000000000297a        0xe c:/users/ahmed kamal/downloads/program/avr-gcc-9.1.0-x64-mingw/bin/../lib/gcc/avr/9.1.0/../../../../avr/lib/avr5\libm.a(fp_pscB.o)
                0x000000000000297a                __fp_pscB
 .text.avr-libc.fplib
                0x0000000000002988       0x22 c:/users/ahmed kamal/downloads/program/avr-gcc-9.1.0-x64-mingw/bin/../lib/gcc/avr/9.1.0/../../../../avr/lib/avr5\libm.a(fp_round.o)
                0x0000000000002988                __fp_round
                0x00000000000029aa                . = ALIGN (0x2)
 *(.fini9)
 .fini9         0x00000000000029aa        0x0 c:/users/ahmed kamal/downloads/program/avr-gcc-9.1.0-x64-mingw/bin/../lib/gcc/avr/9.1.0/avr5\libgcc.a(_exit.o)
                0x00000000000029aa                _exit
                0x00000000000029aa                exit
 *(.fini9)
 *(.fini8)
 *(.fini8)
 *(.fini7)
 *(.fini7)
 *(.fini6)
 *(.fini6)
 *(.fini5)
 *(.fini5)
 *(.fini4)
 *(.fini4)
 *(.fini3)
 *(.fini3)
 *(.fini2)
 *(.fini2)
 *(.fini1)
 *(.fini1)
 *(.fini0)
 .fini0         0x00000000000029aa        0x4 c:/users/ahmed kamal/downloads/program/avr-gcc-9.1.0-x64-mingw/bin/../lib/gcc/avr/9.1.0/avr5\libgcc.a(_exit.o)
 *(.fini0)
 *(.hightext)
 *(.hightext*)
 *(.progmemx.*)
                0x00000000000029ae                . = ALIGN (0x2)
 *(.jumptables)
 *(.jumptables*)
                0x00000000000029ae                _etext = .

.data           0x0000000000800060       0x9e load address 0x00000000000029ae
                0x0000000000800060                PROVIDE (__data_start = .)
 *(.data)
 .data          0x0000000000800060        0x0 c:/users/ahmed kamal/downloads/program/avr-gcc-9.1.0-x64-mingw/bin/../lib/gcc/avr/9.1.0/../../../../avr/lib/avr5/crtatmega32.o
 .data          0x0000000000800060        0x0 ./CLCD_program.o
 .data          0x0000000000800060        0x0 ./DIO_program.o
 .data          0x0000000000800060        0x0 ./PORT_program.o
 .data          0x0000000000800060        0x0 ./main.o
 .data          0x0000000000800060        0x0 c:/users/ahmed kamal/downloads/program/avr-gcc-9.1.0-x64-mingw/bin/../lib/gcc/avr/9.1.0/avr5\libgcc.a(_exit.o)
 .data          0x0000000000800060        0x0 c:/users/ahmed kamal/downloads/program/avr-gcc-9.1.0-x64-mingw/bin/../lib/gcc/avr/9.1.0/avr5\libgcc.a(_copy_data.o)
 .data          0x0000000000800060        0x0 c:/users/ahmed kamal/downloads/program/avr-gcc-9.1.0-x64-mingw/bin/../lib/gcc/avr/9.1.0/../../../../avr/lib/avr5\libm.a(cmpsf2.o)
 .data          0x0000000000800060        0x0 c:/users/ahmed kamal/downloads/program/avr-gcc-9.1.0-x64-mingw/bin/../lib/gcc/avr/9.1.0/../../../../avr/lib/avr5\libm.a(fixunssfsi.o)
 .data          0x0000000000800060        0x0 c:/users/ahmed kamal/downloads/program/avr-gcc-9.1.0-x64-mingw/bin/../lib/gcc/avr/9.1.0/../../../../avr/lib/avr5\libm.a(fp_cmp.o)
 .data          0x0000000000800060        0x0 c:/users/ahmed kamal/downloads/program/avr-gcc-9.1.0-x64-mingw/bin/../lib/gcc/avr/9.1.0/../../../../avr/lib/avr5\libm.a(fp_split3.o)
 .data          0x0000000000800060        0x0 c:/users/ahmed kamal/downloads/program/avr-gcc-9.1.0-x64-mingw/bin/../lib/gcc/avr/9.1.0/../../../../avr/lib/avr5\libm.a(fp_zero.o)
 .data          0x0000000000800060        0x0 c:/users/ahmed kamal/downloads/program/avr-gcc-9.1.0-x64-mingw/bin/../lib/gcc/avr/9.1.0/../../../../avr/lib/avr5\libm.a(gesf2.o)
 .data          0x0000000000800060        0x0 c:/users/ahmed kamal/downloads/program/avr-gcc-9.1.0-x64-mingw/bin/../lib/gcc/avr/9.1.0/../../../../avr/lib/avr5\libm.a(mulsf3.o)
 .data          0x0000000000800060        0x0 c:/users/ahmed kamal/downloads/program/avr-gcc-9.1.0-x64-mingw/bin/../lib/gcc/avr/9.1.0/../../../../avr/lib/avr5\libm.a(mulsf3x.o)
 .data          0x0000000000800060        0x0 c:/users/ahmed kamal/downloads/program/avr-gcc-9.1.0-x64-mingw/bin/../lib/gcc/avr/9.1.0/../../../../avr/lib/avr5\libm.a(fp_inf.o)
 .data          0x0000000000800060        0x0 c:/users/ahmed kamal/downloads/program/avr-gcc-9.1.0-x64-mingw/bin/../lib/gcc/avr/9.1.0/../../../../avr/lib/avr5\libm.a(fp_nan.o)
 .data          0x0000000000800060        0x0 c:/users/ahmed kamal/downloads/program/avr-gcc-9.1.0-x64-mingw/bin/../lib/gcc/avr/9.1.0/../../../../avr/lib/avr5\libm.a(fp_pscA.o)
 .data          0x0000000000800060        0x0 c:/users/ahmed kamal/downloads/program/avr-gcc-9.1.0-x64-mingw/bin/../lib/gcc/avr/9.1.0/../../../../avr/lib/avr5\libm.a(fp_pscB.o)
 .data          0x0000000000800060        0x0 c:/users/ahmed kamal/downloads/program/avr-gcc-9.1.0-x64-mingw/bin/../lib/gcc/avr/9.1.0/../../../../avr/lib/avr5\libm.a(fp_round.o)
 *(.data*)
 *(.gnu.linkonce.d*)
 *(.rodata)
 .rodata        0x0000000000800060       0x9e ./main.o
 *(.rodata*)
 *(.gnu.linkonce.r*)
                0x00000000008000fe                . = ALIGN (0x2)
                0x00000000008000fe                _edata = .
                0x00000000008000fe                PROVIDE (__data_end = .)

.bss            0x00000000008000fe        0x0
                [!provide]                        PROVIDE (__bss_start = .)
 *(.bss)
 .bss           0x00000000008000fe        0x0 c:/users/ahmed kamal/downloads/program/avr-gcc-9.1.0-x64-mingw/bin/../lib/gcc/avr/9.1.0/../../../../avr/lib/avr5/crtatmega32.o
 .bss           0x00000000008000fe        0x0 ./CLCD_program.o
 .bss           0x00000000008000fe        0x0 ./DIO_program.o
 .bss           0x00000000008000fe        0x0 ./PORT_program.o
 .bss           0x00000000008000fe        0x0 ./main.o
 .bss           0x00000000008000fe        0x0 c:/users/ahmed kamal/downloads/program/avr-gcc-9.1.0-x64-mingw/bin/../lib/gcc/avr/9.1.0/avr5\libgcc.a(_exit.o)
 .bss           0x00000000008000fe        0x0 c:/users/ahmed kamal/downloads/program/avr-gcc-9.1.0-x64-mingw/bin/../lib/gcc/avr/9.1.0/avr5\libgcc.a(_copy_data.o)
 .bss           0x00000000008000fe        0x0 c:/users/ahmed kamal/downloads/program/avr-gcc-9.1.0-x64-mingw/bin/../lib/gcc/avr/9.1.0/../../../../avr/lib/avr5\libm.a(cmpsf2.o)
 .bss           0x00000000008000fe        0x0 c:/users/ahmed kamal/downloads/program/avr-gcc-9.1.0-x64-mingw/bin/../lib/gcc/avr/9.1.0/../../../../avr/lib/avr5\libm.a(fixunssfsi.o)
 .bss           0x00000000008000fe        0x0 c:/users/ahmed kamal/downloads/program/avr-gcc-9.1.0-x64-mingw/bin/../lib/gcc/avr/9.1.0/../../../../avr/lib/avr5\libm.a(fp_cmp.o)
 .bss           0x00000000008000fe        0x0 c:/users/ahmed kamal/downloads/program/avr-gcc-9.1.0-x64-mingw/bin/../lib/gcc/avr/9.1.0/../../../../avr/lib/avr5\libm.a(fp_split3.o)
 .bss           0x00000000008000fe        0x0 c:/users/ahmed kamal/downloads/program/avr-gcc-9.1.0-x64-mingw/bin/../lib/gcc/avr/9.1.0/../../../../avr/lib/avr5\libm.a(fp_zero.o)
 .bss           0x00000000008000fe        0x0 c:/users/ahmed kamal/downloads/program/avr-gcc-9.1.0-x64-mingw/bin/../lib/gcc/avr/9.1.0/../../../../avr/lib/avr5\libm.a(gesf2.o)
 .bss           0x00000000008000fe        0x0 c:/users/ahmed kamal/downloads/program/avr-gcc-9.1.0-x64-mingw/bin/../lib/gcc/avr/9.1.0/../../../../avr/lib/avr5\libm.a(mulsf3.o)
 .bss           0x00000000008000fe        0x0 c:/users/ahmed kamal/downloads/program/avr-gcc-9.1.0-x64-mingw/bin/../lib/gcc/avr/9.1.0/../../../../avr/lib/avr5\libm.a(mulsf3x.o)
 .bss           0x00000000008000fe        0x0 c:/users/ahmed kamal/downloads/program/avr-gcc-9.1.0-x64-mingw/bin/../lib/gcc/avr/9.1.0/../../../../avr/lib/avr5\libm.a(fp_inf.o)
 .bss           0x00000000008000fe        0x0 c:/users/ahmed kamal/downloads/program/avr-gcc-9.1.0-x64-mingw/bin/../lib/gcc/avr/9.1.0/../../../../avr/lib/avr5\libm.a(fp_nan.o)
 .bss           0x00000000008000fe        0x0 c:/users/ahmed kamal/downloads/program/avr-gcc-9.1.0-x64-mingw/bin/../lib/gcc/avr/9.1.0/../../../../avr/lib/avr5\libm.a(fp_pscA.o)
 .bss           0x00000000008000fe        0x0 c:/users/ahmed kamal/downloads/program/avr-gcc-9.1.0-x64-mingw/bin/../lib/gcc/avr/9.1.0/../../../../avr/lib/avr5\libm.a(fp_pscB.o)
 .bss           0x00000000008000fe        0x0 c:/users/ahmed kamal/downloads/program/avr-gcc-9.1.0-x64-mingw/bin/../lib/gcc/avr/9.1.0/../../../../avr/lib/avr5\libm.a(fp_round.o)
 *(.bss*)
 *(COMMON)
                [!provide]                        PROVIDE (__bss_end = .)
                0x00000000000029ae                __data_load_start = LOADADDR (.data)
                0x0000000000002a4c                __data_load_end = (__data_load_start + SIZEOF (.data))

.noinit         0x00000000008000fe        0x0
                [!provide]                        PROVIDE (__noinit_start = .)
 *(.noinit*)
                [!provide]                        PROVIDE (__noinit_end = .)
                0x00000000008000fe                _end = .
                [!provide]                        PROVIDE (__heap_start = .)

.eeprom         0x0000000000810000        0x0
 *(.eeprom*)
                0x0000000000810000                __eeprom_end = .

.fuse
 *(.fuse)
 *(.lfuse)
 *(.hfuse)
 *(.efuse)

.lock
 *(.lock*)

.signature
 *(.signature*)

.stab           0x0000000000000000     0x2988
 *(.stab)
 .stab          0x0000000000000000      0xb4c ./CLCD_program.o
 .stab          0x0000000000000b4c      0x6e4 ./DIO_program.o
                                        0x75c (size before relaxing)
 .stab          0x0000000000001230      0x36c ./PORT_program.o
                                        0x3e4 (size before relaxing)
 .stab          0x000000000000159c     0x13ec ./main.o
                                       0x15fc (size before relaxing)

.stabstr        0x0000000000000000     0x1119
 *(.stabstr)
 .stabstr       0x0000000000000000     0x1119 ./CLCD_program.o

.stab.excl
 *(.stab.excl)

.stab.exclstr
 *(.stab.exclstr)

.stab.index
 *(.stab.index)

.stab.indexstr
 *(.stab.indexstr)

.comment        0x0000000000000000       0x11
 *(.comment)
 .comment       0x0000000000000000       0x11 ./CLCD_program.o
                                         0x12 (size before relaxing)
 .comment       0x0000000000000011       0x12 ./DIO_program.o
 .comment       0x0000000000000011       0x12 ./PORT_program.o
 .comment       0x0000000000000011       0x12 ./main.o

.note.gnu.avr.deviceinfo
                0x0000000000000000       0x3c
 .note.gnu.avr.deviceinfo
                0x0000000000000000       0x3c c:/users/ahmed kamal/downloads/program/avr-gcc-9.1.0-x64-mingw/bin/../lib/gcc/avr/9.1.0/../../../../avr/lib/avr5/crtatmega32.o

.note.gnu.build-id
 *(.note.gnu.build-id)

.debug
 *(.debug)

.line
 *(.line)

.debug_srcinfo
 *(.debug_srcinfo)

.debug_sfnames
 *(.debug_sfnames)

.debug_aranges  0x0000000000000000       0x40
 *(.debug_aranges)
 .debug_aranges
                0x0000000000000000       0x20 c:/users/ahmed kamal/downloads/program/avr-gcc-9.1.0-x64-mingw/bin/../lib/gcc/avr/9.1.0/avr5\libgcc.a(_exit.o)
 .debug_aranges
                0x0000000000000020       0x20 c:/users/ahmed kamal/downloads/program/avr-gcc-9.1.0-x64-mingw/bin/../lib/gcc/avr/9.1.0/avr5\libgcc.a(_copy_data.o)

.debug_pubnames
 *(.debug_pubnames)

.debug_info     0x0000000000000000      0x532
 *(.debug_info .gnu.linkonce.wi.*)
 .debug_info    0x0000000000000000      0x4e6 c:/users/ahmed kamal/downloads/program/avr-gcc-9.1.0-x64-mingw/bin/../lib/gcc/avr/9.1.0/../../../../avr/lib/avr5/crtatmega32.o
 .debug_info    0x00000000000004e6       0x26 c:/users/ahmed kamal/downloads/program/avr-gcc-9.1.0-x64-mingw/bin/../lib/gcc/avr/9.1.0/avr5\libgcc.a(_exit.o)
 .debug_info    0x000000000000050c       0x26 c:/users/ahmed kamal/downloads/program/avr-gcc-9.1.0-x64-mingw/bin/../lib/gcc/avr/9.1.0/avr5\libgcc.a(_copy_data.o)

.debug_abbrev   0x0000000000000000      0x4cb
 *(.debug_abbrev)
 .debug_abbrev  0x0000000000000000      0x4a3 c:/users/ahmed kamal/downloads/program/avr-gcc-9.1.0-x64-mingw/bin/../lib/gcc/avr/9.1.0/../../../../avr/lib/avr5/crtatmega32.o
 .debug_abbrev  0x00000000000004a3       0x14 c:/users/ahmed kamal/downloads/program/avr-gcc-9.1.0-x64-mingw/bin/../lib/gcc/avr/9.1.0/avr5\libgcc.a(_exit.o)
 .debug_abbrev  0x00000000000004b7       0x14 c:/users/ahmed kamal/downloads/program/avr-gcc-9.1.0-x64-mingw/bin/../lib/gcc/avr/9.1.0/avr5\libgcc.a(_copy_data.o)

.debug_line     0x0000000000000000      0x115
 *(.debug_line .debug_line.* .debug_line_end)
 .debug_line    0x0000000000000000       0x1d c:/users/ahmed kamal/downloads/program/avr-gcc-9.1.0-x64-mingw/bin/../lib/gcc/avr/9.1.0/../../../../avr/lib/avr5/crtatmega32.o
 .debug_line    0x000000000000001d       0x61 c:/users/ahmed kamal/downloads/program/avr-gcc-9.1.0-x64-mingw/bin/../lib/gcc/avr/9.1.0/avr5\libgcc.a(_exit.o)
 .debug_line    0x000000000000007e       0x97 c:/users/ahmed kamal/downloads/program/avr-gcc-9.1.0-x64-mingw/bin/../lib/gcc/avr/9.1.0/avr5\libgcc.a(_copy_data.o)

.debug_frame
 *(.debug_frame)

.debug_str      0x0000000000000000      0x1f4
 *(.debug_str)
 .debug_str     0x0000000000000000      0x196 c:/users/ahmed kamal/downloads/program/avr-gcc-9.1.0-x64-mingw/bin/../lib/gcc/avr/9.1.0/../../../../avr/lib/avr5/crtatmega32.o
 .debug_str     0x0000000000000196       0x5e c:/users/ahmed kamal/downloads/program/avr-gcc-9.1.0-x64-mingw/bin/../lib/gcc/avr/9.1.0/avr5\libgcc.a(_exit.o)
 .debug_str     0x00000000000001f4       0x5e c:/users/ahmed kamal/downloads/program/avr-gcc-9.1.0-x64-mingw/bin/../lib/gcc/avr/9.1.0/avr5\libgcc.a(_copy_data.o)

.debug_loc
 *(.debug_loc)

.debug_macinfo
 *(.debug_macinfo)

.debug_weaknames
 *(.debug_weaknames)

.debug_funcnames
 *(.debug_funcnames)

.debug_typenames
 *(.debug_typenames)

.debug_varnames
 *(.debug_varnames)

.debug_pubtypes
 *(.debug_pubtypes)

.debug_ranges
 *(.debug_ranges)

.debug_macro
 *(.debug_macro)

.debug_addr
 *(.debug_addr)
OUTPUT(Hamoksha_Video.elf elf32-avr)
LOAD linker stubs
