Archive member included to satisfy reference by file (symbol)

c:/users/ahmed kamal/downloads/program/avr-gcc-9.1.0-x64-mingw/bin/../lib/gcc/avr/9.1.0/avr5\libgcc.a(_divmodsi4.o)
                              ./LCD_program.o (__divmodsi4)
c:/users/ahmed kamal/downloads/program/avr-gcc-9.1.0-x64-mingw/bin/../lib/gcc/avr/9.1.0/avr5\libgcc.a(_negsi2.o)
                              c:/users/ahmed kamal/downloads/program/avr-gcc-9.1.0-x64-mingw/bin/../lib/gcc/avr/9.1.0/avr5\libgcc.a(_divmodsi4.o) (__negsi2)
c:/users/ahmed kamal/downloads/program/avr-gcc-9.1.0-x64-mingw/bin/../lib/gcc/avr/9.1.0/avr5\libgcc.a(_exit.o)
                              c:/users/ahmed kamal/downloads/program/avr-gcc-9.1.0-x64-mingw/bin/../lib/gcc/avr/9.1.0/../../../../avr/lib/avr5/crtatmega32.o (exit)
c:/users/ahmed kamal/downloads/program/avr-gcc-9.1.0-x64-mingw/bin/../lib/gcc/avr/9.1.0/avr5\libgcc.a(_udivmodsi4.o)
                              c:/users/ahmed kamal/downloads/program/avr-gcc-9.1.0-x64-mingw/bin/../lib/gcc/avr/9.1.0/avr5\libgcc.a(_divmodsi4.o) (__udivmodsi4)
c:/users/ahmed kamal/downloads/program/avr-gcc-9.1.0-x64-mingw/bin/../lib/gcc/avr/9.1.0/../../../../avr/lib/avr5\libm.a(cmpsf2.o)
                              ./LCD_program.o (__ltsf2)
c:/users/ahmed kamal/downloads/program/avr-gcc-9.1.0-x64-mingw/bin/../lib/gcc/avr/9.1.0/../../../../avr/lib/avr5\libm.a(fixunssfsi.o)
                              ./LCD_program.o (__fixunssfsi)
c:/users/ahmed kamal/downloads/program/avr-gcc-9.1.0-x64-mingw/bin/../lib/gcc/avr/9.1.0/../../../../avr/lib/avr5\libm.a(fp_cmp.o)
                              c:/users/ahmed kamal/downloads/program/avr-gcc-9.1.0-x64-mingw/bin/../lib/gcc/avr/9.1.0/../../../../avr/lib/avr5\libm.a(cmpsf2.o) (__fp_cmp)
c:/users/ahmed kamal/downloads/program/avr-gcc-9.1.0-x64-mingw/bin/../lib/gcc/avr/9.1.0/../../../../avr/lib/avr5\libm.a(fp_split3.o)
                              c:/users/ahmed kamal/downloads/program/avr-gcc-9.1.0-x64-mingw/bin/../lib/gcc/avr/9.1.0/../../../../avr/lib/avr5\libm.a(fixunssfsi.o) (__fp_splitA)
c:/users/ahmed kamal/downloads/program/avr-gcc-9.1.0-x64-mingw/bin/../lib/gcc/avr/9.1.0/../../../../avr/lib/avr5\libm.a(fp_zero.o)
                              c:/users/ahmed kamal/downloads/program/avr-gcc-9.1.0-x64-mingw/bin/../lib/gcc/avr/9.1.0/../../../../avr/lib/avr5\libm.a(fixunssfsi.o) (__fp_zero)
c:/users/ahmed kamal/downloads/program/avr-gcc-9.1.0-x64-mingw/bin/../lib/gcc/avr/9.1.0/../../../../avr/lib/avr5\libm.a(gesf2.o)
                              ./LCD_program.o (__gtsf2)
c:/users/ahmed kamal/downloads/program/avr-gcc-9.1.0-x64-mingw/bin/../lib/gcc/avr/9.1.0/../../../../avr/lib/avr5\libm.a(mulsf3.o)
                              ./LCD_program.o (__mulsf3)
c:/users/ahmed kamal/downloads/program/avr-gcc-9.1.0-x64-mingw/bin/../lib/gcc/avr/9.1.0/../../../../avr/lib/avr5\libm.a(mulsf3x.o)
                              c:/users/ahmed kamal/downloads/program/avr-gcc-9.1.0-x64-mingw/bin/../lib/gcc/avr/9.1.0/../../../../avr/lib/avr5\libm.a(mulsf3.o) (__mulsf3x)
c:/users/ahmed kamal/downloads/program/avr-gcc-9.1.0-x64-mingw/bin/../lib/gcc/avr/9.1.0/../../../../avr/lib/avr5\libm.a(fp_inf.o)
                              c:/users/ahmed kamal/downloads/program/avr-gcc-9.1.0-x64-mingw/bin/../lib/gcc/avr/9.1.0/../../../../avr/lib/avr5\libm.a(mulsf3x.o) (__fp_inf)
c:/users/ahmed kamal/downloads/program/avr-gcc-9.1.0-x64-mingw/bin/../lib/gcc/avr/9.1.0/../../../../avr/lib/avr5\libm.a(fp_nan.o)
                              c:/users/ahmed kamal/downloads/program/avr-gcc-9.1.0-x64-mingw/bin/../lib/gcc/avr/9.1.0/../../../../avr/lib/avr5\libm.a(mulsf3x.o) (__fp_nan)
c:/users/ahmed kamal/downloads/program/avr-gcc-9.1.0-x64-mingw/bin/../lib/gcc/avr/9.1.0/../../../../avr/lib/avr5\libm.a(fp_pscA.o)
                              c:/users/ahmed kamal/downloads/program/avr-gcc-9.1.0-x64-mingw/bin/../lib/gcc/avr/9.1.0/../../../../avr/lib/avr5\libm.a(mulsf3x.o) (__fp_pscA)
c:/users/ahmed kamal/downloads/program/avr-gcc-9.1.0-x64-mingw/bin/../lib/gcc/avr/9.1.0/../../../../avr/lib/avr5\libm.a(fp_pscB.o)
                              c:/users/ahmed kamal/downloads/program/avr-gcc-9.1.0-x64-mingw/bin/../lib/gcc/avr/9.1.0/../../../../avr/lib/avr5\libm.a(mulsf3x.o) (__fp_pscB)
c:/users/ahmed kamal/downloads/program/avr-gcc-9.1.0-x64-mingw/bin/../lib/gcc/avr/9.1.0/../../../../avr/lib/avr5\libm.a(fp_round.o)
                              c:/users/ahmed kamal/downloads/program/avr-gcc-9.1.0-x64-mingw/bin/../lib/gcc/avr/9.1.0/../../../../avr/lib/avr5\libm.a(mulsf3.o) (__fp_round)

Memory Configuration

Name             Origin             Length             Attributes
text             0x0000000000000000 0x0000000000020000 xr
data             0x0000000000800060 0x000000000000ffa0 rw !x
eeprom           0x0000000000810000 0x0000000000010000 rw !x
fuse             0x0000000000820000 0x0000000000000400 rw !x
lock             0x0000000000830000 0x0000000000000400 rw !x
signature        0x0000000000840000 0x0000000000000400 rw !x
user_signatures  0x0000000000850000 0x0000000000000400 rw !x
*default*        0x0000000000000000 0xffffffffffffffff

Linker script and memory map

LOAD c:/users/ahmed kamal/downloads/program/avr-gcc-9.1.0-x64-mingw/bin/../lib/gcc/avr/9.1.0/../../../../avr/lib/avr5/crtatmega32.o
LOAD ./DIO_Program.o
LOAD ./LCD_program.o
LOAD ./main.o
START GROUP
LOAD c:/users/ahmed kamal/downloads/program/avr-gcc-9.1.0-x64-mingw/bin/../lib/gcc/avr/9.1.0/avr5\libgcc.a
LOAD c:/users/ahmed kamal/downloads/program/avr-gcc-9.1.0-x64-mingw/bin/../lib/gcc/avr/9.1.0/../../../../avr/lib/avr5\libm.a
LOAD c:/users/ahmed kamal/downloads/program/avr-gcc-9.1.0-x64-mingw/bin/../lib/gcc/avr/9.1.0/../../../../avr/lib/avr5\libc.a
LOAD c:/users/ahmed kamal/downloads/program/avr-gcc-9.1.0-x64-mingw/bin/../lib/gcc/avr/9.1.0/../../../../avr/lib/avr5\libatmega32.a
END GROUP
                0x0000000000020000                __TEXT_REGION_LENGTH__ = DEFINED (__TEXT_REGION_LENGTH__)?__TEXT_REGION_LENGTH__:0x20000
                0x000000000000ffa0                __DATA_REGION_LENGTH__ = DEFINED (__DATA_REGION_LENGTH__)?__DATA_REGION_LENGTH__:0xffa0
                0x0000000000010000                __EEPROM_REGION_LENGTH__ = DEFINED (__EEPROM_REGION_LENGTH__)?__EEPROM_REGION_LENGTH__:0x10000
                0x0000000000000400                __FUSE_REGION_LENGTH__ = DEFINED (__FUSE_REGION_LENGTH__)?__FUSE_REGION_LENGTH__:0x400
                0x0000000000000400                __LOCK_REGION_LENGTH__ = DEFINED (__LOCK_REGION_LENGTH__)?__LOCK_REGION_LENGTH__:0x400
                0x0000000000000400                __SIGNATURE_REGION_LENGTH__ = DEFINED (__SIGNATURE_REGION_LENGTH__)?__SIGNATURE_REGION_LENGTH__:0x400
                0x0000000000000400                __USER_SIGNATURE_REGION_LENGTH__ = DEFINED (__USER_SIGNATURE_REGION_LENGTH__)?__USER_SIGNATURE_REGION_LENGTH__:0x400

.hash
 *(.hash)

.dynsym
 *(.dynsym)

.dynstr
 *(.dynstr)

.gnu.version
 *(.gnu.version)

.gnu.version_d
 *(.gnu.version_d)

.gnu.version_r
 *(.gnu.version_r)

.rel.init
 *(.rel.init)

.rela.init
 *(.rela.init)

.rel.text
 *(.rel.text)
 *(.rel.text.*)
 *(.rel.gnu.linkonce.t*)

.rela.text
 *(.rela.text)
 *(.rela.text.*)
 *(.rela.gnu.linkonce.t*)

.rel.fini
 *(.rel.fini)

.rela.fini
 *(.rela.fini)

.rel.rodata
 *(.rel.rodata)
 *(.rel.rodata.*)
 *(.rel.gnu.linkonce.r*)

.rela.rodata
 *(.rela.rodata)
 *(.rela.rodata.*)
 *(.rela.gnu.linkonce.r*)

.rel.data
 *(.rel.data)
 *(.rel.data.*)
 *(.rel.gnu.linkonce.d*)

.rela.data
 *(.rela.data)
 *(.rela.data.*)
 *(.rela.gnu.linkonce.d*)

.rel.ctors
 *(.rel.ctors)

.rela.ctors
 *(.rela.ctors)

.rel.dtors
 *(.rel.dtors)

.rela.dtors
 *(.rela.dtors)

.rel.got
 *(.rel.got)

.rela.got
 *(.rela.got)

.rel.bss
 *(.rel.bss)

.rela.bss
 *(.rela.bss)

.rel.plt
 *(.rel.plt)

.rela.plt
 *(.rela.plt)

.text           0x0000000000000000     0x16e4
 *(.vectors)
 .vectors       0x0000000000000000       0x54 c:/users/ahmed kamal/downloads/program/avr-gcc-9.1.0-x64-mingw/bin/../lib/gcc/avr/9.1.0/../../../../avr/lib/avr5/crtatmega32.o
                0x0000000000000000                __vector_default
                0x0000000000000000                __vectors
 *(.vectors)
 *(.progmem.gcc*)
                0x0000000000000054                . = ALIGN (0x2)
                0x0000000000000054                __trampolines_start = .
 *(.trampolines)
 .trampolines   0x0000000000000054        0x0 linker stubs
 *(.trampolines*)
                0x0000000000000054                __trampolines_end = .
 *libprintf_flt.a:*(.progmem.data)
 *libc.a:*(.progmem.data)
 *(.progmem.*)
                0x0000000000000054                . = ALIGN (0x2)
 *(.lowtext)
 *(.lowtext*)
                0x0000000000000054                __ctors_start = .
 *(.ctors)
                0x0000000000000054                __ctors_end = .
                0x0000000000000054                __dtors_start = .
 *(.dtors)
                0x0000000000000054                __dtors_end = .
 SORT_BY_NAME(*)(.ctors)
 SORT_BY_NAME(*)(.dtors)
 *(.init0)
 .init0         0x0000000000000054        0x0 c:/users/ahmed kamal/downloads/program/avr-gcc-9.1.0-x64-mingw/bin/../lib/gcc/avr/9.1.0/../../../../avr/lib/avr5/crtatmega32.o
                0x0000000000000054                __init
 *(.init0)
 *(.init1)
 *(.init1)
 *(.init2)
 .init2         0x0000000000000054        0xc c:/users/ahmed kamal/downloads/program/avr-gcc-9.1.0-x64-mingw/bin/../lib/gcc/avr/9.1.0/../../../../avr/lib/avr5/crtatmega32.o
 *(.init2)
 *(.init3)
 *(.init3)
 *(.init4)
 *(.init4)
 *(.init5)
 *(.init5)
 *(.init6)
 *(.init6)
 *(.init7)
 *(.init7)
 *(.init8)
 *(.init8)
 *(.init9)
 .init9         0x0000000000000060        0x8 c:/users/ahmed kamal/downloads/program/avr-gcc-9.1.0-x64-mingw/bin/../lib/gcc/avr/9.1.0/../../../../avr/lib/avr5/crtatmega32.o
 *(.init9)
 *(.text)
 .text          0x0000000000000068        0x4 c:/users/ahmed kamal/downloads/program/avr-gcc-9.1.0-x64-mingw/bin/../lib/gcc/avr/9.1.0/../../../../avr/lib/avr5/crtatmega32.o
                0x0000000000000068                __vector_1
                0x0000000000000068                __vector_12
                0x0000000000000068                __bad_interrupt
                0x0000000000000068                __vector_6
                0x0000000000000068                __vector_3
                0x0000000000000068                __vector_11
                0x0000000000000068                __vector_13
                0x0000000000000068                __vector_17
                0x0000000000000068                __vector_19
                0x0000000000000068                __vector_7
                0x0000000000000068                __vector_5
                0x0000000000000068                __vector_4
                0x0000000000000068                __vector_9
                0x0000000000000068                __vector_2
                0x0000000000000068                __vector_15
                0x0000000000000068                __vector_8
                0x0000000000000068                __vector_14
                0x0000000000000068                __vector_10
                0x0000000000000068                __vector_16
                0x0000000000000068                __vector_18
                0x0000000000000068                __vector_20
 .text          0x000000000000006c        0x0 ./DIO_Program.o
 .text          0x000000000000006c        0x0 ./LCD_program.o
 .text          0x000000000000006c        0x0 ./main.o
 .text          0x000000000000006c        0x0 c:/users/ahmed kamal/downloads/program/avr-gcc-9.1.0-x64-mingw/bin/../lib/gcc/avr/9.1.0/avr5\libgcc.a(_divmodsi4.o)
 .text          0x000000000000006c        0x0 c:/users/ahmed kamal/downloads/program/avr-gcc-9.1.0-x64-mingw/bin/../lib/gcc/avr/9.1.0/avr5\libgcc.a(_negsi2.o)
 .text          0x000000000000006c        0x0 c:/users/ahmed kamal/downloads/program/avr-gcc-9.1.0-x64-mingw/bin/../lib/gcc/avr/9.1.0/avr5\libgcc.a(_exit.o)
 .text          0x000000000000006c        0x0 c:/users/ahmed kamal/downloads/program/avr-gcc-9.1.0-x64-mingw/bin/../lib/gcc/avr/9.1.0/avr5\libgcc.a(_udivmodsi4.o)
 .text          0x000000000000006c        0x0 c:/users/ahmed kamal/downloads/program/avr-gcc-9.1.0-x64-mingw/bin/../lib/gcc/avr/9.1.0/../../../../avr/lib/avr5\libm.a(cmpsf2.o)
 .text          0x000000000000006c        0x0 c:/users/ahmed kamal/downloads/program/avr-gcc-9.1.0-x64-mingw/bin/../lib/gcc/avr/9.1.0/../../../../avr/lib/avr5\libm.a(fixunssfsi.o)
 .text          0x000000000000006c        0x0 c:/users/ahmed kamal/downloads/program/avr-gcc-9.1.0-x64-mingw/bin/../lib/gcc/avr/9.1.0/../../../../avr/lib/avr5\libm.a(fp_cmp.o)
 .text          0x000000000000006c        0x0 c:/users/ahmed kamal/downloads/program/avr-gcc-9.1.0-x64-mingw/bin/../lib/gcc/avr/9.1.0/../../../../avr/lib/avr5\libm.a(fp_split3.o)
 .text          0x000000000000006c        0x0 c:/users/ahmed kamal/downloads/program/avr-gcc-9.1.0-x64-mingw/bin/../lib/gcc/avr/9.1.0/../../../../avr/lib/avr5\libm.a(fp_zero.o)
 .text          0x000000000000006c        0x0 c:/users/ahmed kamal/downloads/program/avr-gcc-9.1.0-x64-mingw/bin/../lib/gcc/avr/9.1.0/../../../../avr/lib/avr5\libm.a(gesf2.o)
 .text          0x000000000000006c        0x0 c:/users/ahmed kamal/downloads/program/avr-gcc-9.1.0-x64-mingw/bin/../lib/gcc/avr/9.1.0/../../../../avr/lib/avr5\libm.a(mulsf3.o)
 .text          0x000000000000006c        0x0 c:/users/ahmed kamal/downloads/program/avr-gcc-9.1.0-x64-mingw/bin/../lib/gcc/avr/9.1.0/../../../../avr/lib/avr5\libm.a(mulsf3x.o)
 .text          0x000000000000006c        0x0 c:/users/ahmed kamal/downloads/program/avr-gcc-9.1.0-x64-mingw/bin/../lib/gcc/avr/9.1.0/../../../../avr/lib/avr5\libm.a(fp_inf.o)
 .text          0x000000000000006c        0x0 c:/users/ahmed kamal/downloads/program/avr-gcc-9.1.0-x64-mingw/bin/../lib/gcc/avr/9.1.0/../../../../avr/lib/avr5\libm.a(fp_nan.o)
 .text          0x000000000000006c        0x0 c:/users/ahmed kamal/downloads/program/avr-gcc-9.1.0-x64-mingw/bin/../lib/gcc/avr/9.1.0/../../../../avr/lib/avr5\libm.a(fp_pscA.o)
 .text          0x000000000000006c        0x0 c:/users/ahmed kamal/downloads/program/avr-gcc-9.1.0-x64-mingw/bin/../lib/gcc/avr/9.1.0/../../../../avr/lib/avr5\libm.a(fp_pscB.o)
 .text          0x000000000000006c        0x0 c:/users/ahmed kamal/downloads/program/avr-gcc-9.1.0-x64-mingw/bin/../lib/gcc/avr/9.1.0/../../../../avr/lib/avr5\libm.a(fp_round.o)
                0x000000000000006c                . = ALIGN (0x2)
 *(.text.*)
 .text.DIO_SetPortDir
                0x000000000000006c       0x74 ./DIO_Program.o
                0x000000000000006c                DIO_SetPortDir
 .text.DIO_SetPinDir
                0x00000000000000e0      0x200 ./DIO_Program.o
                0x00000000000000e0                DIO_SetPinDir
 .text.DIO_SetPortVal
                0x00000000000002e0       0x74 ./DIO_Program.o
                0x00000000000002e0                DIO_SetPortVal
 .text.DIO_SetPinVal
                0x0000000000000354      0x200 ./DIO_Program.o
                0x0000000000000354                DIO_SetPinVal
 .text.DIO_ReadPort
                0x0000000000000554       0x92 ./DIO_Program.o
                0x0000000000000554                DIO_ReadPort
 .text.DIO_ReadPin
                0x00000000000005e6       0xfc ./DIO_Program.o
                0x00000000000005e6                DIO_ReadPin
 .text.DIO_PullUp_PIN
                0x00000000000006e2       0xfa ./DIO_Program.o
                0x00000000000006e2                DIO_PullUp_PIN
 .text.DIO_TogglePin
                0x00000000000007dc       0xfa ./DIO_Program.o
                0x00000000000007dc                DIO_TogglePin
 .text.LCD_Init
                0x00000000000008d6      0x2b6 ./LCD_program.o
                0x00000000000008d6                LCD_Init
 .text.LCD_WriteCommand
                0x0000000000000b8c      0x2ae ./LCD_program.o
                0x0000000000000b8c                LCD_WriteCommand
 .text.LCD_WriteChar
                0x0000000000000e3a      0x2ae ./LCD_program.o
                0x0000000000000e3a                LCD_WriteChar
 .text.LCD_WriteString
                0x00000000000010e8       0x56 ./LCD_program.o
                0x00000000000010e8                LCD_WriteString
 .text.LCD_Goto
                0x000000000000113e       0x44 ./LCD_program.o
                0x000000000000113e                LCD_Goto
 .text.LCD_Clear
                0x0000000000001182       0x16 ./LCD_program.o
                0x0000000000001182                LCD_Clear
 .text.LCD_WriteInterger
                0x0000000000001198      0x1d4 ./LCD_program.o
                0x0000000000001198                LCD_WriteInterger
 .text.LCD_StoreCustomChar
                0x000000000000136c       0x6e ./LCD_program.o
                0x000000000000136c                LCD_StoreCustomChar
 .text.LCD_PrintCustomChar
                0x00000000000013da       0x2e ./LCD_program.o
                0x00000000000013da                LCD_PrintCustomChar
 .text.main     0x0000000000001408       0x20 ./main.o
                0x0000000000001408                main
 .text.libgcc.mul
                0x0000000000001428        0x0 c:/users/ahmed kamal/downloads/program/avr-gcc-9.1.0-x64-mingw/bin/../lib/gcc/avr/9.1.0/avr5\libgcc.a(_divmodsi4.o)
 .text.libgcc.div
                0x0000000000001428       0x2e c:/users/ahmed kamal/downloads/program/avr-gcc-9.1.0-x64-mingw/bin/../lib/gcc/avr/9.1.0/avr5\libgcc.a(_divmodsi4.o)
                0x0000000000001428                __divmodsi4
 .text.libgcc   0x0000000000001456        0x0 c:/users/ahmed kamal/downloads/program/avr-gcc-9.1.0-x64-mingw/bin/../lib/gcc/avr/9.1.0/avr5\libgcc.a(_divmodsi4.o)
 .text.libgcc.prologue
                0x0000000000001456        0x0 c:/users/ahmed kamal/downloads/program/avr-gcc-9.1.0-x64-mingw/bin/../lib/gcc/avr/9.1.0/avr5\libgcc.a(_divmodsi4.o)
 .text.libgcc.builtins
                0x0000000000001456        0x0 c:/users/ahmed kamal/downloads/program/avr-gcc-9.1.0-x64-mingw/bin/../lib/gcc/avr/9.1.0/avr5\libgcc.a(_divmodsi4.o)
 .text.libgcc.fmul
                0x0000000000001456        0x0 c:/users/ahmed kamal/downloads/program/avr-gcc-9.1.0-x64-mingw/bin/../lib/gcc/avr/9.1.0/avr5\libgcc.a(_divmodsi4.o)
 .text.libgcc.fixed
                0x0000000000001456        0x0 c:/users/ahmed kamal/downloads/program/avr-gcc-9.1.0-x64-mingw/bin/../lib/gcc/avr/9.1.0/avr5\libgcc.a(_divmodsi4.o)
 .text.libgcc.mul
                0x0000000000001456        0x0 c:/users/ahmed kamal/downloads/program/avr-gcc-9.1.0-x64-mingw/bin/../lib/gcc/avr/9.1.0/avr5\libgcc.a(_negsi2.o)
 .text.libgcc.div
                0x0000000000001456       0x10 c:/users/ahmed kamal/downloads/program/avr-gcc-9.1.0-x64-mingw/bin/../lib/gcc/avr/9.1.0/avr5\libgcc.a(_negsi2.o)
                0x0000000000001456                __negsi2
 .text.libgcc   0x0000000000001466        0x0 c:/users/ahmed kamal/downloads/program/avr-gcc-9.1.0-x64-mingw/bin/../lib/gcc/avr/9.1.0/avr5\libgcc.a(_negsi2.o)
 .text.libgcc.prologue
                0x0000000000001466        0x0 c:/users/ahmed kamal/downloads/program/avr-gcc-9.1.0-x64-mingw/bin/../lib/gcc/avr/9.1.0/avr5\libgcc.a(_negsi2.o)
 .text.libgcc.builtins
                0x0000000000001466        0x0 c:/users/ahmed kamal/downloads/program/avr-gcc-9.1.0-x64-mingw/bin/../lib/gcc/avr/9.1.0/avr5\libgcc.a(_negsi2.o)
 .text.libgcc.fmul
                0x0000000000001466        0x0 c:/users/ahmed kamal/downloads/program/avr-gcc-9.1.0-x64-mingw/bin/../lib/gcc/avr/9.1.0/avr5\libgcc.a(_negsi2.o)
 .text.libgcc.fixed
                0x0000000000001466        0x0 c:/users/ahmed kamal/downloads/program/avr-gcc-9.1.0-x64-mingw/bin/../lib/gcc/avr/9.1.0/avr5\libgcc.a(_negsi2.o)
 .text.libgcc.mul
                0x0000000000001466        0x0 c:/users/ahmed kamal/downloads/program/avr-gcc-9.1.0-x64-mingw/bin/../lib/gcc/avr/9.1.0/avr5\libgcc.a(_exit.o)
 .text.libgcc.div
                0x0000000000001466        0x0 c:/users/ahmed kamal/downloads/program/avr-gcc-9.1.0-x64-mingw/bin/../lib/gcc/avr/9.1.0/avr5\libgcc.a(_exit.o)
 .text.libgcc   0x0000000000001466        0x0 c:/users/ahmed kamal/downloads/program/avr-gcc-9.1.0-x64-mingw/bin/../lib/gcc/avr/9.1.0/avr5\libgcc.a(_exit.o)
 .text.libgcc.prologue
                0x0000000000001466        0x0 c:/users/ahmed kamal/downloads/program/avr-gcc-9.1.0-x64-mingw/bin/../lib/gcc/avr/9.1.0/avr5\libgcc.a(_exit.o)
 .text.libgcc.builtins
                0x0000000000001466        0x0 c:/users/ahmed kamal/downloads/program/avr-gcc-9.1.0-x64-mingw/bin/../lib/gcc/avr/9.1.0/avr5\libgcc.a(_exit.o)
 .text.libgcc.fmul
                0x0000000000001466        0x0 c:/users/ahmed kamal/downloads/program/avr-gcc-9.1.0-x64-mingw/bin/../lib/gcc/avr/9.1.0/avr5\libgcc.a(_exit.o)
 .text.libgcc.fixed
                0x0000000000001466        0x0 c:/users/ahmed kamal/downloads/program/avr-gcc-9.1.0-x64-mingw/bin/../lib/gcc/avr/9.1.0/avr5\libgcc.a(_exit.o)
 .text.libgcc.mul
                0x0000000000001466        0x0 c:/users/ahmed kamal/downloads/program/avr-gcc-9.1.0-x64-mingw/bin/../lib/gcc/avr/9.1.0/avr5\libgcc.a(_udivmodsi4.o)
 .text.libgcc.div
                0x0000000000001466       0x44 c:/users/ahmed kamal/downloads/program/avr-gcc-9.1.0-x64-mingw/bin/../lib/gcc/avr/9.1.0/avr5\libgcc.a(_udivmodsi4.o)
                0x0000000000001466                __udivmodsi4
 .text.libgcc   0x00000000000014aa        0x0 c:/users/ahmed kamal/downloads/program/avr-gcc-9.1.0-x64-mingw/bin/../lib/gcc/avr/9.1.0/avr5\libgcc.a(_udivmodsi4.o)
 .text.libgcc.prologue
                0x00000000000014aa        0x0 c:/users/ahmed kamal/downloads/program/avr-gcc-9.1.0-x64-mingw/bin/../lib/gcc/avr/9.1.0/avr5\libgcc.a(_udivmodsi4.o)
 .text.libgcc.builtins
                0x00000000000014aa        0x0 c:/users/ahmed kamal/downloads/program/avr-gcc-9.1.0-x64-mingw/bin/../lib/gcc/avr/9.1.0/avr5\libgcc.a(_udivmodsi4.o)
 .text.libgcc.fmul
                0x00000000000014aa        0x0 c:/users/ahmed kamal/downloads/program/avr-gcc-9.1.0-x64-mingw/bin/../lib/gcc/avr/9.1.0/avr5\libgcc.a(_udivmodsi4.o)
 .text.libgcc.fixed
                0x00000000000014aa        0x0 c:/users/ahmed kamal/downloads/program/avr-gcc-9.1.0-x64-mingw/bin/../lib/gcc/avr/9.1.0/avr5\libgcc.a(_udivmodsi4.o)
 .text.avr-libc.fplib
                0x00000000000014aa        0xa c:/users/ahmed kamal/downloads/program/avr-gcc-9.1.0-x64-mingw/bin/../lib/gcc/avr/9.1.0/../../../../avr/lib/avr5\libm.a(cmpsf2.o)
                0x00000000000014aa                __nesf2
                0x00000000000014aa                __eqsf2
                0x00000000000014aa                __cmpsf2
                0x00000000000014aa                __ltsf2
                0x00000000000014aa                __lesf2
 .text.avr-libc.fplib
                0x00000000000014b4       0x5e c:/users/ahmed kamal/downloads/program/avr-gcc-9.1.0-x64-mingw/bin/../lib/gcc/avr/9.1.0/../../../../avr/lib/avr5\libm.a(fixunssfsi.o)
                0x00000000000014b4                __fixunssfsi
 .text.avr-libc.fplib
                0x0000000000001512       0x48 c:/users/ahmed kamal/downloads/program/avr-gcc-9.1.0-x64-mingw/bin/../lib/gcc/avr/9.1.0/../../../../avr/lib/avr5\libm.a(fp_cmp.o)
                0x0000000000001512                __fp_cmp
 .text.avr-libc.fplib
                0x000000000000155a       0x44 c:/users/ahmed kamal/downloads/program/avr-gcc-9.1.0-x64-mingw/bin/../lib/gcc/avr/9.1.0/../../../../avr/lib/avr5\libm.a(fp_split3.o)
                0x000000000000155a                __fp_split3
                0x000000000000156a                __fp_splitA
 .text.avr-libc.fplib
                0x000000000000159e        0xe c:/users/ahmed kamal/downloads/program/avr-gcc-9.1.0-x64-mingw/bin/../lib/gcc/avr/9.1.0/../../../../avr/lib/avr5\libm.a(fp_zero.o)
                0x000000000000159e                __fp_zero
                0x00000000000015a0                __fp_szero
 .text.avr-libc.fplib
                0x00000000000015ac        0xa c:/users/ahmed kamal/downloads/program/avr-gcc-9.1.0-x64-mingw/bin/../lib/gcc/avr/9.1.0/../../../../avr/lib/avr5\libm.a(gesf2.o)
                0x00000000000015ac                __gesf2
                0x00000000000015ac                __gtsf2
 .text.avr-libc.fplib
                0x00000000000015b6        0x8 c:/users/ahmed kamal/downloads/program/avr-gcc-9.1.0-x64-mingw/bin/../lib/gcc/avr/9.1.0/../../../../avr/lib/avr5\libm.a(mulsf3.o)
                0x00000000000015b6                __mulsf3
 .text.avr-libc.fplib
                0x00000000000015be       0xd2 c:/users/ahmed kamal/downloads/program/avr-gcc-9.1.0-x64-mingw/bin/../lib/gcc/avr/9.1.0/../../../../avr/lib/avr5\libm.a(mulsf3x.o)
                0x00000000000015dc                __mulsf3x
                0x00000000000015e2                __mulsf3_pse
 .text.avr-libc.fplib
                0x0000000000001690        0xc c:/users/ahmed kamal/downloads/program/avr-gcc-9.1.0-x64-mingw/bin/../lib/gcc/avr/9.1.0/../../../../avr/lib/avr5\libm.a(fp_inf.o)
                0x0000000000001690                __fp_inf
 .text.avr-libc.fplib
                0x000000000000169c        0x6 c:/users/ahmed kamal/downloads/program/avr-gcc-9.1.0-x64-mingw/bin/../lib/gcc/avr/9.1.0/../../../../avr/lib/avr5\libm.a(fp_nan.o)
                0x000000000000169c                __fp_nan
 .text.avr-libc.fplib
                0x00000000000016a2        0xe c:/users/ahmed kamal/downloads/program/avr-gcc-9.1.0-x64-mingw/bin/../lib/gcc/avr/9.1.0/../../../../avr/lib/avr5\libm.a(fp_pscA.o)
                0x00000000000016a2                __fp_pscA
 .text.avr-libc.fplib
                0x00000000000016b0        0xe c:/users/ahmed kamal/downloads/program/avr-gcc-9.1.0-x64-mingw/bin/../lib/gcc/avr/9.1.0/../../../../avr/lib/avr5\libm.a(fp_pscB.o)
                0x00000000000016b0                __fp_pscB
 .text.avr-libc.fplib
                0x00000000000016be       0x22 c:/users/ahmed kamal/downloads/program/avr-gcc-9.1.0-x64-mingw/bin/../lib/gcc/avr/9.1.0/../../../../avr/lib/avr5\libm.a(fp_round.o)
                0x00000000000016be                __fp_round
                0x00000000000016e0                . = ALIGN (0x2)
 *(.fini9)
 .fini9         0x00000000000016e0        0x0 c:/users/ahmed kamal/downloads/program/avr-gcc-9.1.0-x64-mingw/bin/../lib/gcc/avr/9.1.0/avr5\libgcc.a(_exit.o)
                0x00000000000016e0                _exit
                0x00000000000016e0                exit
 *(.fini9)
 *(.fini8)
 *(.fini8)
 *(.fini7)
 *(.fini7)
 *(.fini6)
 *(.fini6)
 *(.fini5)
 *(.fini5)
 *(.fini4)
 *(.fini4)
 *(.fini3)
 *(.fini3)
 *(.fini2)
 *(.fini2)
 *(.fini1)
 *(.fini1)
 *(.fini0)
 .fini0         0x00000000000016e0        0x4 c:/users/ahmed kamal/downloads/program/avr-gcc-9.1.0-x64-mingw/bin/../lib/gcc/avr/9.1.0/avr5\libgcc.a(_exit.o)
 *(.fini0)
 *(.hightext)
 *(.hightext*)
 *(.progmemx.*)
                0x00000000000016e4                . = ALIGN (0x2)
 *(.jumptables)
 *(.jumptables*)
                0x00000000000016e4                _etext = .

.data           0x0000000000800060        0x0 load address 0x00000000000016e4
                [!provide]                        PROVIDE (__data_start = .)
 *(.data)
 .data          0x0000000000800060        0x0 c:/users/ahmed kamal/downloads/program/avr-gcc-9.1.0-x64-mingw/bin/../lib/gcc/avr/9.1.0/../../../../avr/lib/avr5/crtatmega32.o
 .data          0x0000000000800060        0x0 ./DIO_Program.o
 .data          0x0000000000800060        0x0 ./LCD_program.o
 .data          0x0000000000800060        0x0 ./main.o
 .data          0x0000000000800060        0x0 c:/users/ahmed kamal/downloads/program/avr-gcc-9.1.0-x64-mingw/bin/../lib/gcc/avr/9.1.0/avr5\libgcc.a(_divmodsi4.o)
 .data          0x0000000000800060        0x0 c:/users/ahmed kamal/downloads/program/avr-gcc-9.1.0-x64-mingw/bin/../lib/gcc/avr/9.1.0/avr5\libgcc.a(_negsi2.o)
 .data          0x0000000000800060        0x0 c:/users/ahmed kamal/downloads/program/avr-gcc-9.1.0-x64-mingw/bin/../lib/gcc/avr/9.1.0/avr5\libgcc.a(_exit.o)
 .data          0x0000000000800060        0x0 c:/users/ahmed kamal/downloads/program/avr-gcc-9.1.0-x64-mingw/bin/../lib/gcc/avr/9.1.0/avr5\libgcc.a(_udivmodsi4.o)
 .data          0x0000000000800060        0x0 c:/users/ahmed kamal/downloads/program/avr-gcc-9.1.0-x64-mingw/bin/../lib/gcc/avr/9.1.0/../../../../avr/lib/avr5\libm.a(cmpsf2.o)
 .data          0x0000000000800060        0x0 c:/users/ahmed kamal/downloads/program/avr-gcc-9.1.0-x64-mingw/bin/../lib/gcc/avr/9.1.0/../../../../avr/lib/avr5\libm.a(fixunssfsi.o)
 .data          0x0000000000800060        0x0 c:/users/ahmed kamal/downloads/program/avr-gcc-9.1.0-x64-mingw/bin/../lib/gcc/avr/9.1.0/../../../../avr/lib/avr5\libm.a(fp_cmp.o)
 .data          0x0000000000800060        0x0 c:/users/ahmed kamal/downloads/program/avr-gcc-9.1.0-x64-mingw/bin/../lib/gcc/avr/9.1.0/../../../../avr/lib/avr5\libm.a(fp_split3.o)
 .data          0x0000000000800060        0x0 c:/users/ahmed kamal/downloads/program/avr-gcc-9.1.0-x64-mingw/bin/../lib/gcc/avr/9.1.0/../../../../avr/lib/avr5\libm.a(fp_zero.o)
 .data          0x0000000000800060        0x0 c:/users/ahmed kamal/downloads/program/avr-gcc-9.1.0-x64-mingw/bin/../lib/gcc/avr/9.1.0/../../../../avr/lib/avr5\libm.a(gesf2.o)
 .data          0x0000000000800060        0x0 c:/users/ahmed kamal/downloads/program/avr-gcc-9.1.0-x64-mingw/bin/../lib/gcc/avr/9.1.0/../../../../avr/lib/avr5\libm.a(mulsf3.o)
 .data          0x0000000000800060        0x0 c:/users/ahmed kamal/downloads/program/avr-gcc-9.1.0-x64-mingw/bin/../lib/gcc/avr/9.1.0/../../../../avr/lib/avr5\libm.a(mulsf3x.o)
 .data          0x0000000000800060        0x0 c:/users/ahmed kamal/downloads/program/avr-gcc-9.1.0-x64-mingw/bin/../lib/gcc/avr/9.1.0/../../../../avr/lib/avr5\libm.a(fp_inf.o)
 .data          0x0000000000800060        0x0 c:/users/ahmed kamal/downloads/program/avr-gcc-9.1.0-x64-mingw/bin/../lib/gcc/avr/9.1.0/../../../../avr/lib/avr5\libm.a(fp_nan.o)
 .data          0x0000000000800060        0x0 c:/users/ahmed kamal/downloads/program/avr-gcc-9.1.0-x64-mingw/bin/../lib/gcc/avr/9.1.0/../../../../avr/lib/avr5\libm.a(fp_pscA.o)
 .data          0x0000000000800060        0x0 c:/users/ahmed kamal/downloads/program/avr-gcc-9.1.0-x64-mingw/bin/../lib/gcc/avr/9.1.0/../../../../avr/lib/avr5\libm.a(fp_pscB.o)
 .data          0x0000000000800060        0x0 c:/users/ahmed kamal/downloads/program/avr-gcc-9.1.0-x64-mingw/bin/../lib/gcc/avr/9.1.0/../../../../avr/lib/avr5\libm.a(fp_round.o)
 *(.data*)
 *(.gnu.linkonce.d*)
 *(.rodata)
 *(.rodata*)
 *(.gnu.linkonce.r*)
                0x0000000000800060                . = ALIGN (0x2)
                0x0000000000800060                _edata = .
                [!provide]                        PROVIDE (__data_end = .)

.bss            0x0000000000800060        0x0
                [!provide]                        PROVIDE (__bss_start = .)
 *(.bss)
 .bss           0x0000000000800060        0x0 c:/users/ahmed kamal/downloads/program/avr-gcc-9.1.0-x64-mingw/bin/../lib/gcc/avr/9.1.0/../../../../avr/lib/avr5/crtatmega32.o
 .bss           0x0000000000800060        0x0 ./DIO_Program.o
 .bss           0x0000000000800060        0x0 ./LCD_program.o
 .bss           0x0000000000800060        0x0 ./main.o
 .bss           0x0000000000800060        0x0 c:/users/ahmed kamal/downloads/program/avr-gcc-9.1.0-x64-mingw/bin/../lib/gcc/avr/9.1.0/avr5\libgcc.a(_divmodsi4.o)
 .bss           0x0000000000800060        0x0 c:/users/ahmed kamal/downloads/program/avr-gcc-9.1.0-x64-mingw/bin/../lib/gcc/avr/9.1.0/avr5\libgcc.a(_negsi2.o)
 .bss           0x0000000000800060        0x0 c:/users/ahmed kamal/downloads/program/avr-gcc-9.1.0-x64-mingw/bin/../lib/gcc/avr/9.1.0/avr5\libgcc.a(_exit.o)
 .bss           0x0000000000800060        0x0 c:/users/ahmed kamal/downloads/program/avr-gcc-9.1.0-x64-mingw/bin/../lib/gcc/avr/9.1.0/avr5\libgcc.a(_udivmodsi4.o)
 .bss           0x0000000000800060        0x0 c:/users/ahmed kamal/downloads/program/avr-gcc-9.1.0-x64-mingw/bin/../lib/gcc/avr/9.1.0/../../../../avr/lib/avr5\libm.a(cmpsf2.o)
 .bss           0x0000000000800060        0x0 c:/users/ahmed kamal/downloads/program/avr-gcc-9.1.0-x64-mingw/bin/../lib/gcc/avr/9.1.0/../../../../avr/lib/avr5\libm.a(fixunssfsi.o)
 .bss           0x0000000000800060        0x0 c:/users/ahmed kamal/downloads/program/avr-gcc-9.1.0-x64-mingw/bin/../lib/gcc/avr/9.1.0/../../../../avr/lib/avr5\libm.a(fp_cmp.o)
 .bss           0x0000000000800060        0x0 c:/users/ahmed kamal/downloads/program/avr-gcc-9.1.0-x64-mingw/bin/../lib/gcc/avr/9.1.0/../../../../avr/lib/avr5\libm.a(fp_split3.o)
 .bss           0x0000000000800060        0x0 c:/users/ahmed kamal/downloads/program/avr-gcc-9.1.0-x64-mingw/bin/../lib/gcc/avr/9.1.0/../../../../avr/lib/avr5\libm.a(fp_zero.o)
 .bss           0x0000000000800060        0x0 c:/users/ahmed kamal/downloads/program/avr-gcc-9.1.0-x64-mingw/bin/../lib/gcc/avr/9.1.0/../../../../avr/lib/avr5\libm.a(gesf2.o)
 .bss           0x0000000000800060        0x0 c:/users/ahmed kamal/downloads/program/avr-gcc-9.1.0-x64-mingw/bin/../lib/gcc/avr/9.1.0/../../../../avr/lib/avr5\libm.a(mulsf3.o)
 .bss           0x0000000000800060        0x0 c:/users/ahmed kamal/downloads/program/avr-gcc-9.1.0-x64-mingw/bin/../lib/gcc/avr/9.1.0/../../../../avr/lib/avr5\libm.a(mulsf3x.o)
 .bss           0x0000000000800060        0x0 c:/users/ahmed kamal/downloads/program/avr-gcc-9.1.0-x64-mingw/bin/../lib/gcc/avr/9.1.0/../../../../avr/lib/avr5\libm.a(fp_inf.o)
 .bss           0x0000000000800060        0x0 c:/users/ahmed kamal/downloads/program/avr-gcc-9.1.0-x64-mingw/bin/../lib/gcc/avr/9.1.0/../../../../avr/lib/avr5\libm.a(fp_nan.o)
 .bss           0x0000000000800060        0x0 c:/users/ahmed kamal/downloads/program/avr-gcc-9.1.0-x64-mingw/bin/../lib/gcc/avr/9.1.0/../../../../avr/lib/avr5\libm.a(fp_pscA.o)
 .bss           0x0000000000800060        0x0 c:/users/ahmed kamal/downloads/program/avr-gcc-9.1.0-x64-mingw/bin/../lib/gcc/avr/9.1.0/../../../../avr/lib/avr5\libm.a(fp_pscB.o)
 .bss           0x0000000000800060        0x0 c:/users/ahmed kamal/downloads/program/avr-gcc-9.1.0-x64-mingw/bin/../lib/gcc/avr/9.1.0/../../../../avr/lib/avr5\libm.a(fp_round.o)
 *(.bss*)
 *(COMMON)
                [!provide]                        PROVIDE (__bss_end = .)
                0x00000000000016e4                __data_load_start = LOADADDR (.data)
                0x00000000000016e4                __data_load_end = (__data_load_start + SIZEOF (.data))

.noinit         0x0000000000800060        0x0
                [!provide]                        PROVIDE (__noinit_start = .)
 *(.noinit*)
                [!provide]                        PROVIDE (__noinit_end = .)
                0x0000000000800060                _end = .
                [!provide]                        PROVIDE (__heap_start = .)

.eeprom         0x0000000000810000        0x0
 *(.eeprom*)
                0x0000000000810000                __eeprom_end = .

.fuse
 *(.fuse)
 *(.lfuse)
 *(.hfuse)
 *(.efuse)

.lock
 *(.lock*)

.signature
 *(.signature*)

.stab           0x0000000000000000     0x1da0
 *(.stab)
 .stab          0x0000000000000000      0xb64 ./DIO_Program.o
 .stab          0x0000000000000b64      0xf60 ./LCD_program.o
                                        0xfe4 (size before relaxing)
 .stab          0x0000000000001ac4      0x2dc ./main.o
                                        0x360 (size before relaxing)

.stabstr        0x0000000000000000     0x1016
 *(.stabstr)
 .stabstr       0x0000000000000000     0x1016 ./DIO_Program.o

.stab.excl
 *(.stab.excl)

.stab.exclstr
 *(.stab.exclstr)

.stab.index
 *(.stab.index)

.stab.indexstr
 *(.stab.indexstr)

.comment        0x0000000000000000       0x11
 *(.comment)
 .comment       0x0000000000000000       0x11 ./DIO_Program.o
                                         0x12 (size before relaxing)
 .comment       0x0000000000000011       0x12 ./LCD_program.o
 .comment       0x0000000000000011       0x12 ./main.o

.note.gnu.avr.deviceinfo
                0x0000000000000000       0x3c
 .note.gnu.avr.deviceinfo
                0x0000000000000000       0x3c c:/users/ahmed kamal/downloads/program/avr-gcc-9.1.0-x64-mingw/bin/../lib/gcc/avr/9.1.0/../../../../avr/lib/avr5/crtatmega32.o

.note.gnu.build-id
 *(.note.gnu.build-id)

.debug
 *(.debug)

.line
 *(.line)

.debug_srcinfo
 *(.debug_srcinfo)

.debug_sfnames
 *(.debug_sfnames)

.debug_aranges  0x0000000000000000       0x80
 *(.debug_aranges)
 .debug_aranges
                0x0000000000000000       0x20 c:/users/ahmed kamal/downloads/program/avr-gcc-9.1.0-x64-mingw/bin/../lib/gcc/avr/9.1.0/avr5\libgcc.a(_divmodsi4.o)
 .debug_aranges
                0x0000000000000020       0x20 c:/users/ahmed kamal/downloads/program/avr-gcc-9.1.0-x64-mingw/bin/../lib/gcc/avr/9.1.0/avr5\libgcc.a(_negsi2.o)
 .debug_aranges
                0x0000000000000040       0x20 c:/users/ahmed kamal/downloads/program/avr-gcc-9.1.0-x64-mingw/bin/../lib/gcc/avr/9.1.0/avr5\libgcc.a(_exit.o)
 .debug_aranges
                0x0000000000000060       0x20 c:/users/ahmed kamal/downloads/program/avr-gcc-9.1.0-x64-mingw/bin/../lib/gcc/avr/9.1.0/avr5\libgcc.a(_udivmodsi4.o)

.debug_pubnames
 *(.debug_pubnames)

.debug_info     0x0000000000000000      0x57e
 *(.debug_info .gnu.linkonce.wi.*)
 .debug_info    0x0000000000000000      0x4e6 c:/users/ahmed kamal/downloads/program/avr-gcc-9.1.0-x64-mingw/bin/../lib/gcc/avr/9.1.0/../../../../avr/lib/avr5/crtatmega32.o
 .debug_info    0x00000000000004e6       0x26 c:/users/ahmed kamal/downloads/program/avr-gcc-9.1.0-x64-mingw/bin/../lib/gcc/avr/9.1.0/avr5\libgcc.a(_divmodsi4.o)
 .debug_info    0x000000000000050c       0x26 c:/users/ahmed kamal/downloads/program/avr-gcc-9.1.0-x64-mingw/bin/../lib/gcc/avr/9.1.0/avr5\libgcc.a(_negsi2.o)
 .debug_info    0x0000000000000532       0x26 c:/users/ahmed kamal/downloads/program/avr-gcc-9.1.0-x64-mingw/bin/../lib/gcc/avr/9.1.0/avr5\libgcc.a(_exit.o)
 .debug_info    0x0000000000000558       0x26 c:/users/ahmed kamal/downloads/program/avr-gcc-9.1.0-x64-mingw/bin/../lib/gcc/avr/9.1.0/avr5\libgcc.a(_udivmodsi4.o)

.debug_abbrev   0x0000000000000000      0x4f3
 *(.debug_abbrev)
 .debug_abbrev  0x0000000000000000      0x4a3 c:/users/ahmed kamal/downloads/program/avr-gcc-9.1.0-x64-mingw/bin/../lib/gcc/avr/9.1.0/../../../../avr/lib/avr5/crtatmega32.o
 .debug_abbrev  0x00000000000004a3       0x14 c:/users/ahmed kamal/downloads/program/avr-gcc-9.1.0-x64-mingw/bin/../lib/gcc/avr/9.1.0/avr5\libgcc.a(_divmodsi4.o)
 .debug_abbrev  0x00000000000004b7       0x14 c:/users/ahmed kamal/downloads/program/avr-gcc-9.1.0-x64-mingw/bin/../lib/gcc/avr/9.1.0/avr5\libgcc.a(_negsi2.o)
 .debug_abbrev  0x00000000000004cb       0x14 c:/users/ahmed kamal/downloads/program/avr-gcc-9.1.0-x64-mingw/bin/../lib/gcc/avr/9.1.0/avr5\libgcc.a(_exit.o)
 .debug_abbrev  0x00000000000004df       0x14 c:/users/ahmed kamal/downloads/program/avr-gcc-9.1.0-x64-mingw/bin/../lib/gcc/avr/9.1.0/avr5\libgcc.a(_udivmodsi4.o)

.debug_line     0x0000000000000000      0x2cd
 *(.debug_line .debug_line.* .debug_line_end)
 .debug_line    0x0000000000000000       0x1d c:/users/ahmed kamal/downloads/program/avr-gcc-9.1.0-x64-mingw/bin/../lib/gcc/avr/9.1.0/../../../../avr/lib/avr5/crtatmega32.o
 .debug_line    0x000000000000001d       0xcd c:/users/ahmed kamal/downloads/program/avr-gcc-9.1.0-x64-mingw/bin/../lib/gcc/avr/9.1.0/avr5\libgcc.a(_divmodsi4.o)
 .debug_line    0x00000000000000ea       0x61 c:/users/ahmed kamal/downloads/program/avr-gcc-9.1.0-x64-mingw/bin/../lib/gcc/avr/9.1.0/avr5\libgcc.a(_negsi2.o)
 .debug_line    0x000000000000014b       0x61 c:/users/ahmed kamal/downloads/program/avr-gcc-9.1.0-x64-mingw/bin/../lib/gcc/avr/9.1.0/avr5\libgcc.a(_exit.o)
 .debug_line    0x00000000000001ac      0x121 c:/users/ahmed kamal/downloads/program/avr-gcc-9.1.0-x64-mingw/bin/../lib/gcc/avr/9.1.0/avr5\libgcc.a(_udivmodsi4.o)

.debug_frame
 *(.debug_frame)

.debug_str      0x0000000000000000      0x1f4
 *(.debug_str)
 .debug_str     0x0000000000000000      0x196 c:/users/ahmed kamal/downloads/program/avr-gcc-9.1.0-x64-mingw/bin/../lib/gcc/avr/9.1.0/../../../../avr/lib/avr5/crtatmega32.o
 .debug_str     0x0000000000000196       0x5e c:/users/ahmed kamal/downloads/program/avr-gcc-9.1.0-x64-mingw/bin/../lib/gcc/avr/9.1.0/avr5\libgcc.a(_divmodsi4.o)
 .debug_str     0x00000000000001f4       0x5e c:/users/ahmed kamal/downloads/program/avr-gcc-9.1.0-x64-mingw/bin/../lib/gcc/avr/9.1.0/avr5\libgcc.a(_negsi2.o)
 .debug_str     0x00000000000001f4       0x5e c:/users/ahmed kamal/downloads/program/avr-gcc-9.1.0-x64-mingw/bin/../lib/gcc/avr/9.1.0/avr5\libgcc.a(_exit.o)
 .debug_str     0x00000000000001f4       0x5e c:/users/ahmed kamal/downloads/program/avr-gcc-9.1.0-x64-mingw/bin/../lib/gcc/avr/9.1.0/avr5\libgcc.a(_udivmodsi4.o)

.debug_loc
 *(.debug_loc)

.debug_macinfo
 *(.debug_macinfo)

.debug_weaknames
 *(.debug_weaknames)

.debug_funcnames
 *(.debug_funcnames)

.debug_typenames
 *(.debug_typenames)

.debug_varnames
 *(.debug_varnames)

.debug_pubtypes
 *(.debug_pubtypes)

.debug_ranges
 *(.debug_ranges)

.debug_macro
 *(.debug_macro)

.debug_addr
 *(.debug_addr)
OUTPUT(LCD_Test.elf elf32-avr)
LOAD linker stubs
