04:32:13 **** Incremental Build of configuration Debug for project Electrical_Switch ****
make all 
'Building file: ../main.c'
'Invoking: AVR Compiler'
avr-gcc -Wall -g2 -gstabs -O0 -fpack-struct -fshort-enums -ffunction-sections -fdata-sections -std=gnu99 -funsigned-char -funsigned-bitfields -mmcu=atmega32 -DF_CPU=16000000UL -MMD -MP -MF"main.d" -MT"main.o" -c -o "main.o" "../main.c"
In file included from ../main.c:1:
c:\users\ahmed kamal\downloads\program\avr-gcc-9.1.0-x64-mingw\avr\include\util\delay.h:112:3: warning: #warning "Compiler optimizations disabled; functions from <util/delay.h> won't work as designed" [-Wcpp]
  112 | # warning "Compiler optimizations disabled; functions from <util/delay.h> won't work as designed"
      |   ^~~~~~~
../main.c:10:6: warning: return type of 'main' is not 'int' [-Wmain]
   10 | void main()
      |      ^~~~
'Finished building: ../main.c'
' '
'Building target: Electrical_Switch.elf'
'Invoking: AVR C Linker'
avr-gcc -Wl,-Map,Electrical_Switch.map -mmcu=atmega32 -o "Electrical_Switch.elf"  ./DIO_program.o ./PORT_program.o ./main.o   
'Finished building target: Electrical_Switch.elf'
' '
'Invoking: AVR Create Extended Listing'
avr-objdump -h -S Electrical_Switch.elf  >"Electrical_Switch.lss"
'Finished building: Electrical_Switch.lss'
' '
'Create Flash image (ihex format)'
avr-objcopy -R .eeprom -R .fuse -R .lock -R .signature -O ihex Electrical_Switch.elf  "Electrical_Switch.hex"
'Finished building: Electrical_Switch.hex'
' '
'Invoking: Print Size'
avr-size --format=berkeley -t Electrical_Switch.elf
   text	   data	    bss	    dec	    hex	filename
   3230	      0	      0	   3230	    c9e	Electrical_Switch.elf
   3230	      0	      0	   3230	    c9e	(TOTALS)
'Finished building: sizedummy'
' '

04:32:14 Build Finished. 0 errors, 2 warnings. (took 958ms)

