20:16:07 **** Incremental Build of configuration Debug for project Name_SineWave ****
make all 
'Building file: ../main.c'
'Invoking: AVR Compiler'
avr-gcc -Wall -g2 -gstabs -O0 -fpack-struct -fshort-enums -ffunction-sections -fdata-sections -std=gnu99 -funsigned-char -funsigned-bitfields -mmcu=atmega32 -DF_CPU=8000000UL -MMD -MP -MF"main.d" -MT"main.o" -c -o "main.o" "../main.c"
In file included from ../main.c:8:
c:\users\ahmed kamal\downloads\program\avr-gcc-9.1.0-x64-mingw\avr\include\util\delay.h:112:3: warning: #warning "Compiler optimizations disabled; functions from <util/delay.h> won't work as designed" [-Wcpp]
  112 | # warning "Compiler optimizations disabled; functions from <util/delay.h> won't work as designed"
      |   ^~~~~~~
../main.c:12:6: warning: return type of 'main' is not 'int' [-Wmain]
   12 | void main()
      |      ^~~~
../main.c: In function 'main':
../main.c:59:34: warning: passing argument 1 of 'CLCD_voidWriteSpecialCharacter' from incompatible pointer type [-Wincompatible-pointer-types]
   59 |   CLCD_voidWriteSpecialCharacter(&alf_pattern,0,1,15);
      |                                  ^~~~~~~~~~~~
      |                                  |
      |                                  u8 (*)[7] {aka unsigned char (*)[7]}
In file included from ../main.c:6:
../CLCD_interface.h:25:40: note: expected 'u8 *' {aka 'unsigned char *'} but argument is of type 'u8 (*)[7]' {aka 'unsigned char (*)[7]'}
   25 | void CLCD_voidWriteSpecialCharacter(u8*Copy_pu8Pattern,u8 Copy_u8PatternNumber,u8 Copy_u8XPos,u8 Copy_u8YPos);
      |                                     ~~~^~~~~~~~~~~~~~~
../main.c:61:34: warning: passing argument 1 of 'CLCD_voidWriteSpecialCharacter' from incompatible pointer type [-Wincompatible-pointer-types]
   61 |   CLCD_voidWriteSpecialCharacter(&ha_pattern,1,1,14);
      |                                  ^~~~~~~~~~~
      |                                  |
      |                                  u8 (*)[7] {aka unsigned char (*)[7]}
In file included from ../main.c:6:
../CLCD_interface.h:25:40: note: expected 'u8 *' {aka 'unsigned char *'} but argument is of type 'u8 (*)[7]' {aka 'unsigned char (*)[7]'}
   25 | void CLCD_voidWriteSpecialCharacter(u8*Copy_pu8Pattern,u8 Copy_u8PatternNumber,u8 Copy_u8XPos,u8 Copy_u8YPos);
      |                                     ~~~^~~~~~~~~~~~~~~
../main.c:63:34: warning: passing argument 1 of 'CLCD_voidWriteSpecialCharacter' from incompatible pointer type [-Wincompatible-pointer-types]
   63 |   CLCD_voidWriteSpecialCharacter(&mim_pattern,2,1,13);
      |                                  ^~~~~~~~~~~~
      |                                  |
      |                                  u8 (*)[7] {aka unsigned char (*)[7]}
In file included from ../main.c:6:
../CLCD_interface.h:25:40: note: expected 'u8 *' {aka 'unsigned char *'} but argument is of type 'u8 (*)[7]' {aka 'unsigned char (*)[7]'}
   25 | void CLCD_voidWriteSpecialCharacter(u8*Copy_pu8Pattern,u8 Copy_u8PatternNumber,u8 Copy_u8XPos,u8 Copy_u8YPos);
      |                                     ~~~^~~~~~~~~~~~~~~
../main.c:65:34: warning: passing argument 1 of 'CLCD_voidWriteSpecialCharacter' from incompatible pointer type [-Wincompatible-pointer-types]
   65 |   CLCD_voidWriteSpecialCharacter(&dal_pattern,3,1,12);
      |                                  ^~~~~~~~~~~~
      |                                  |
      |                                  u8 (*)[7] {aka unsigned char (*)[7]}
In file included from ../main.c:6:
../CLCD_interface.h:25:40: note: expected 'u8 *' {aka 'unsigned char *'} but argument is of type 'u8 (*)[7]' {aka 'unsigned char (*)[7]'}
   25 | void CLCD_voidWriteSpecialCharacter(u8*Copy_pu8Pattern,u8 Copy_u8PatternNumber,u8 Copy_u8XPos,u8 Copy_u8YPos);
      |                                     ~~~^~~~~~~~~~~~~~~
../main.c:69:34: warning: passing argument 1 of 'CLCD_voidWriteSpecialCharacter' from incompatible pointer type [-Wincompatible-pointer-types]
   69 |   CLCD_voidWriteSpecialCharacter(&alf_pattern,0,0,11);
      |                                  ^~~~~~~~~~~~
      |                                  |
      |                                  u8 (*)[7] {aka unsigned char (*)[7]}
In file included from ../main.c:6:
../CLCD_interface.h:25:40: note: expected 'u8 *' {aka 'unsigned char *'} but argument is of type 'u8 (*)[7]' {aka 'unsigned char (*)[7]'}
   25 | void CLCD_voidWriteSpecialCharacter(u8*Copy_pu8Pattern,u8 Copy_u8PatternNumber,u8 Copy_u8XPos,u8 Copy_u8YPos);
      |                                     ~~~^~~~~~~~~~~~~~~
../main.c:71:34: warning: passing argument 1 of 'CLCD_voidWriteSpecialCharacter' from incompatible pointer type [-Wincompatible-pointer-types]
   71 |   CLCD_voidWriteSpecialCharacter(&ha_pattern,1,0,10);
      |                                  ^~~~~~~~~~~
      |                                  |
      |                                  u8 (*)[7] {aka unsigned char (*)[7]}
In file included from ../main.c:6:
../CLCD_interface.h:25:40: note: expected 'u8 *' {aka 'unsigned char *'} but argument is of type 'u8 (*)[7]' {aka 'unsigned char (*)[7]'}
   25 | void CLCD_voidWriteSpecialCharacter(u8*Copy_pu8Pattern,u8 Copy_u8PatternNumber,u8 Copy_u8XPos,u8 Copy_u8YPos);
      |                                     ~~~^~~~~~~~~~~~~~~
../main.c:73:34: warning: passing argument 1 of 'CLCD_voidWriteSpecialCharacter' from incompatible pointer type [-Wincompatible-pointer-types]
   73 |   CLCD_voidWriteSpecialCharacter(&mim_pattern,2,0,9);
      |                                  ^~~~~~~~~~~~
      |                                  |
      |                                  u8 (*)[7] {aka unsigned char (*)[7]}
In file included from ../main.c:6:
../CLCD_interface.h:25:40: note: expected 'u8 *' {aka 'unsigned char *'} but argument is of type 'u8 (*)[7]' {aka 'unsigned char (*)[7]'}
   25 | void CLCD_voidWriteSpecialCharacter(u8*Copy_pu8Pattern,u8 Copy_u8PatternNumber,u8 Copy_u8XPos,u8 Copy_u8YPos);
      |                                     ~~~^~~~~~~~~~~~~~~
../main.c:75:34: warning: passing argument 1 of 'CLCD_voidWriteSpecialCharacter' from incompatible pointer type [-Wincompatible-pointer-types]
   75 |   CLCD_voidWriteSpecialCharacter(&dal_pattern,3,0,8);
      |                                  ^~~~~~~~~~~~
      |                                  |
      |                                  u8 (*)[7] {aka unsigned char (*)[7]}
In file included from ../main.c:6:
../CLCD_interface.h:25:40: note: expected 'u8 *' {aka 'unsigned char *'} but argument is of type 'u8 (*)[7]' {aka 'unsigned char (*)[7]'}
   25 | void CLCD_voidWriteSpecialCharacter(u8*Copy_pu8Pattern,u8 Copy_u8PatternNumber,u8 Copy_u8XPos,u8 Copy_u8YPos);
      |                                     ~~~^~~~~~~~~~~~~~~
../main.c:79:35: warning: passing argument 1 of 'CLCD_voidWriteSpecialCharacter' from incompatible pointer type [-Wincompatible-pointer-types]
   79 |    CLCD_voidWriteSpecialCharacter(&alf_pattern,0,1,7);
      |                                   ^~~~~~~~~~~~
      |                                   |
      |                                   u8 (*)[7] {aka unsigned char (*)[7]}
In file included from ../main.c:6:
../CLCD_interface.h:25:40: note: expected 'u8 *' {aka 'unsigned char *'} but argument is of type 'u8 (*)[7]' {aka 'unsigned char (*)[7]'}
   25 | void CLCD_voidWriteSpecialCharacter(u8*Copy_pu8Pattern,u8 Copy_u8PatternNumber,u8 Copy_u8XPos,u8 Copy_u8YPos);
      |                                     ~~~^~~~~~~~~~~~~~~
../main.c:81:35: warning: passing argument 1 of 'CLCD_voidWriteSpecialCharacter' from incompatible pointer type [-Wincompatible-pointer-types]
   81 |    CLCD_voidWriteSpecialCharacter(&ha_pattern,1,1,6);
      |                                   ^~~~~~~~~~~
      |                                   |
      |                                   u8 (*)[7] {aka unsigned char (*)[7]}
In file included from ../main.c:6:
../CLCD_interface.h:25:40: note: expected 'u8 *' {aka 'unsigned char *'} but argument is of type 'u8 (*)[7]' {aka 'unsigned char (*)[7]'}
   25 | void CLCD_voidWriteSpecialCharacter(u8*Copy_pu8Pattern,u8 Copy_u8PatternNumber,u8 Copy_u8XPos,u8 Copy_u8YPos);
      |                                     ~~~^~~~~~~~~~~~~~~
../main.c:83:35: warning: passing argument 1 of 'CLCD_voidWriteSpecialCharacter' from incompatible pointer type [-Wincompatible-pointer-types]
   83 |    CLCD_voidWriteSpecialCharacter(&mim_pattern,2,1,5);
      |                                   ^~~~~~~~~~~~
      |                                   |
      |                                   u8 (*)[7] {aka unsigned char (*)[7]}
In file included from ../main.c:6:
../CLCD_interface.h:25:40: note: expected 'u8 *' {aka 'unsigned char *'} but argument is of type 'u8 (*)[7]' {aka 'unsigned char (*)[7]'}
   25 | void CLCD_voidWriteSpecialCharacter(u8*Copy_pu8Pattern,u8 Copy_u8PatternNumber,u8 Copy_u8XPos,u8 Copy_u8YPos);
      |                                     ~~~^~~~~~~~~~~~~~~
../main.c:85:35: warning: passing argument 1 of 'CLCD_voidWriteSpecialCharacter' from incompatible pointer type [-Wincompatible-pointer-types]
   85 |    CLCD_voidWriteSpecialCharacter(&dal_pattern,3,1,4);
      |                                   ^~~~~~~~~~~~
      |                                   |
      |                                   u8 (*)[7] {aka unsigned char (*)[7]}
In file included from ../main.c:6:
../CLCD_interface.h:25:40: note: expected 'u8 *' {aka 'unsigned char *'} but argument is of type 'u8 (*)[7]' {aka 'unsigned char (*)[7]'}
   25 | void CLCD_voidWriteSpecialCharacter(u8*Copy_pu8Pattern,u8 Copy_u8PatternNumber,u8 Copy_u8XPos,u8 Copy_u8YPos);
      |                                     ~~~^~~~~~~~~~~~~~~
../main.c:91:36: warning: passing argument 1 of 'CLCD_voidWriteSpecialCharacter' from incompatible pointer type [-Wincompatible-pointer-types]
   91 |     CLCD_voidWriteSpecialCharacter(&alf_pattern,0,0,3);
      |                                    ^~~~~~~~~~~~
      |                                    |
      |                                    u8 (*)[7] {aka unsigned char (*)[7]}
In file included from ../main.c:6:
../CLCD_interface.h:25:40: note: expected 'u8 *' {aka 'unsigned char *'} but argument is of type 'u8 (*)[7]' {aka 'unsigned char (*)[7]'}
   25 | void CLCD_voidWriteSpecialCharacter(u8*Copy_pu8Pattern,u8 Copy_u8PatternNumber,u8 Copy_u8XPos,u8 Copy_u8YPos);
      |                                     ~~~^~~~~~~~~~~~~~~
../main.c:93:36: warning: passing argument 1 of 'CLCD_voidWriteSpecialCharacter' from incompatible pointer type [-Wincompatible-pointer-types]
   93 |     CLCD_voidWriteSpecialCharacter(&ha_pattern,1,0,2);
      |                                    ^~~~~~~~~~~
      |                                    |
      |                                    u8 (*)[7] {aka unsigned char (*)[7]}
In file included from ../main.c:6:
../CLCD_interface.h:25:40: note: expected 'u8 *' {aka 'unsigned char *'} but argument is of type 'u8 (*)[7]' {aka 'unsigned char (*)[7]'}
   25 | void CLCD_voidWriteSpecialCharacter(u8*Copy_pu8Pattern,u8 Copy_u8PatternNumber,u8 Copy_u8XPos,u8 Copy_u8YPos);
      |                                     ~~~^~~~~~~~~~~~~~~
../main.c:95:36: warning: passing argument 1 of 'CLCD_voidWriteSpecialCharacter' from incompatible pointer type [-Wincompatible-pointer-types]
   95 |     CLCD_voidWriteSpecialCharacter(&mim_pattern,2,0,1);
      |                                    ^~~~~~~~~~~~
      |                                    |
      |                                    u8 (*)[7] {aka unsigned char (*)[7]}
In file included from ../main.c:6:
../CLCD_interface.h:25:40: note: expected 'u8 *' {aka 'unsigned char *'} but argument is of type 'u8 (*)[7]' {aka 'unsigned char (*)[7]'}
   25 | void CLCD_voidWriteSpecialCharacter(u8*Copy_pu8Pattern,u8 Copy_u8PatternNumber,u8 Copy_u8XPos,u8 Copy_u8YPos);
      |                                     ~~~^~~~~~~~~~~~~~~
../main.c:97:36: warning: passing argument 1 of 'CLCD_voidWriteSpecialCharacter' from incompatible pointer type [-Wincompatible-pointer-types]
   97 |     CLCD_voidWriteSpecialCharacter(&dal_pattern,3,0,0);
      |                                    ^~~~~~~~~~~~
      |                                    |
      |                                    u8 (*)[7] {aka unsigned char (*)[7]}
In file included from ../main.c:6:
../CLCD_interface.h:25:40: note: expected 'u8 *' {aka 'unsigned char *'} but argument is of type 'u8 (*)[7]' {aka 'unsigned char (*)[7]'}
   25 | void CLCD_voidWriteSpecialCharacter(u8*Copy_pu8Pattern,u8 Copy_u8PatternNumber,u8 Copy_u8XPos,u8 Copy_u8YPos);
      |                                     ~~~^~~~~~~~~~~~~~~
../main.c:55:7: warning: unused variable 'j' [-Wunused-variable]
   55 |  u8 i,j;
      |       ^
../main.c:55:5: warning: unused variable 'i' [-Wunused-variable]
   55 |  u8 i,j;
      |     ^
'Finished building: ../main.c'
' '
'Building target: Name_SineWave.elf'
'Invoking: AVR C Linker'
avr-gcc -Wl,-Map,Name_SineWave.map -mmcu=atmega32 -o "Name_SineWave.elf"  ./CLCD_program.o ./DIO_program.o ./PORT_program.o ./main.o   
'Finished building target: Name_SineWave.elf'
' '
'Invoking: AVR Create Extended Listing'
avr-objdump -h -S Name_SineWave.elf  >"Name_SineWave.lss"
'Finished building: Name_SineWave.lss'
' '
'Invoking: Print Size'
avr-size --format=berkeley -t Name_SineWave.elf
   text	   data	    bss	    dec	    hex	filename
   4886	     28	      0	   4914	   1332	Name_SineWave.elf
   4886	     28	      0	   4914	   1332	(TOTALS)
'Finished building: sizedummy'
' '

20:16:08 Build Finished. 0 errors, 20 warnings. (took 987ms)

