06:49:20 **** Incremental Build of configuration Debug for project Servo ****
make all 
'Building file: ../main.c'
'Invoking: AVR Compiler'
avr-gcc -Wall -g2 -gstabs -O0 -fpack-struct -fshort-enums -ffunction-sections -fdata-sections -std=gnu99 -funsigned-char -funsigned-bitfields -mmcu=atmega32 -DF_CPU=8000000UL -MMD -MP -MF"main.d" -MT"main.o" -c -o "main.o" "../main.c"
In file included from ../main.c:8:
c:\users\ahmed kamal\downloads\program\avr-gcc-9.1.0-x64-mingw\avr\include\util\delay.h:112:3: warning: #warning "Compiler optimizations disabled; functions from <util/delay.h> won't work as designed" [-Wcpp]
  112 | # warning "Compiler optimizations disabled; functions from <util/delay.h> won't work as designed"
      |   ^~~~~~~
../main.c:12:6: warning: return type of 'main' is not 'int' [-Wmain]
   12 | void main()
      |      ^~~~
'Finished building: ../main.c'
' '
'Building target: Servo.elf'
'Invoking: AVR C Linker'
avr-gcc -Wl,-Map,Servo.map -mmcu=atmega32 -o "Servo.elf"  ./DIO_program.o ./PORT_program.o ./Servo_program.o ./TIMER_program.o ./main.o   
'Finished building target: Servo.elf'
' '
'Invoking: AVR Create Extended Listing'
avr-objdump -h -S Servo.elf  >"Servo.lss"
'Finished building: Servo.lss'
' '
'Invoking: Print Size'
avr-size --format=berkeley -t Servo.elf
   text	   data	    bss	    dec	    hex	filename
   2688	      0	      2	   2690	    a82	Servo.elf
   2688	      0	      2	   2690	    a82	(TOTALS)
'Finished building: sizedummy'
' '

06:49:21 Build Finished. 0 errors, 2 warnings. (took 747ms)

