18:09:03 **** Incremental Build of configuration Debug for project SWC_DIO ****
make all 
'Building file: ../DIO_program.c'
'Invoking: AVR Compiler'
avr-gcc -Wall -g2 -gstabs -O0 -fpack-struct -fshort-enums -ffunction-sections -fdata-sections -std=gnu99 -funsigned-char -funsigned-bitfields -mmcu=atmega32 -DF_CPU=16000000UL -MMD -MP -MF"DIO_program.d" -MT"DIO_program.o" -c -o "DIO_program.o" "../DIO_program.c"
'Finished building: ../DIO_program.c'
' '
'Building file: ../main.c'
'Invoking: AVR Compiler'
avr-gcc -Wall -g2 -gstabs -O0 -fpack-struct -fshort-enums -ffunction-sections -fdata-sections -std=gnu99 -funsigned-char -funsigned-bitfields -mmcu=atmega32 -DF_CPU=16000000UL -MMD -MP -MF"main.d" -MT"main.o" -c -o "main.o" "../main.c"
../main.c:14:6: warning: return type of 'main' is not 'int' [-Wmain]
   14 | void main(void)
      |      ^~~~
'Finished building: ../main.c'
' '
'Building target: SWC_DIO.elf'
'Invoking: AVR C Linker'
avr-gcc -Wl,-Map,SWC_DIO.map -mmcu=atmega32 -o "SWC_DIO.elf"  ./DIO_program.o ./main.o   
'Finished building target: SWC_DIO.elf'
' '
'Invoking: AVR Create Extended Listing'
avr-objdump -h -S SWC_DIO.elf  >"SWC_DIO.lss"
'Finished building: SWC_DIO.lss'
' '
'Invoking: Print Size'
avr-size --format=berkeley -t SWC_DIO.elf
   text	   data	    bss	    dec	    hex	filename
   1064	      0	      0	   1064	    428	SWC_DIO.elf
   1064	      0	      0	   1064	    428	(TOTALS)
'Finished building: sizedummy'
' '

18:09:04 Build Finished. 0 errors, 1 warnings. (took 824ms)

