05:49:09 **** Incremental Build of configuration Debug for project SWC_ADC ****
make all 
'Building file: ../ADC_program.c'
'Invoking: AVR Compiler'
avr-gcc -Wall -g2 -gstabs -O0 -fpack-struct -fshort-enums -ffunction-sections -fdata-sections -std=gnu99 -funsigned-char -funsigned-bitfields -mmcu=atmega32 -DF_CPU=8000000UL -MMD -MP -MF"ADC_program.d" -MT"ADC_program.o" -c -o "ADC_program.o" "../ADC_program.c"
../ADC_program.c: In function 'ADC_u8StartChainAsynch':
../ADC_program.c:210:27: warning: assignment to 'u16 *' {aka 'short unsigned int *'} from incompatible pointer type 'u8 *' {aka 'unsigned char *'} [-Wincompatible-pointer-types]
  210 |     ADC_pu16ChainResultArr=Copy_psChain->Result;
      |                           ^
'Finished building: ../ADC_program.c'
' '
'Building file: ../main.c'
'Invoking: AVR Compiler'
avr-gcc -Wall -g2 -gstabs -O0 -fpack-struct -fshort-enums -ffunction-sections -fdata-sections -std=gnu99 -funsigned-char -funsigned-bitfields -mmcu=atmega32 -DF_CPU=8000000UL -MMD -MP -MF"main.d" -MT"main.o" -c -o "main.o" "../main.c"
../main.c:26:6: warning: return type of 'main' is not 'int' [-Wmain]
   26 | void main()
      |      ^~~~
../main.c:22:4: warning: array 'APP_u8ChainSynchResultArr' assumed to have one element
   22 | u8 APP_u8ChainSynchResultArr[];
      |    ^~~~~~~~~~~~~~~~~~~~~~~~~
'Finished building: ../main.c'
' '
'Building target: SWC_ADC.elf'
'Invoking: AVR C Linker'
avr-gcc -Wl,-Map,SWC_ADC.map -mmcu=atmega32 -o "SWC_ADC.elf"  ./ADC_program.o ./DIO_program.o ./GIE_program.o ./PORT_program.o ./main.o   
'Finished building target: SWC_ADC.elf'
' '
'Invoking: AVR Create Extended Listing'
avr-objdump -h -S SWC_ADC.elf  >"SWC_ADC.lss"
'Finished building: SWC_ADC.lss'
' '
'Create Flash image (ihex format)'
avr-objcopy -R .eeprom -R .fuse -R .lock -R .signature -O ihex SWC_ADC.elf  "SWC_ADC.hex"
'Finished building: SWC_ADC.hex'
' '
'Invoking: Print Size'
avr-size --format=berkeley -t SWC_ADC.elf
   text	   data	    bss	    dec	    hex	filename
   2510	      8	     16	   2534	    9e6	SWC_ADC.elf
   2510	      8	     16	   2534	    9e6	(TOTALS)
'Finished building: sizedummy'
' '

05:49:12 Build Finished. 0 errors, 3 warnings. (took 2s.598ms)

