01:08:15 **** Incremental Build of configuration Debug for project Test_dio ****
make all 
'Building file: ../main.c'
'Invoking: AVR Compiler'
avr-gcc -Wall -g2 -gstabs -O0 -fpack-struct -fshort-enums -ffunction-sections -fdata-sections -std=gnu99 -funsigned-char -funsigned-bitfields -mmcu=atmega32 -DF_CPU=8000000UL -MMD -MP -MF"main.d" -MT"main.o" -c -o "main.o" "../main.c"
In file included from ../main.c:2:
c:\users\ahmed kamal\downloads\program\avr-gcc-9.1.0-x64-mingw\avr\include\util\delay.h:112:3: warning: #warning "Compiler optimizations disabled; functions from <util/delay.h> won't work as designed" [-Wcpp]
  112 | # warning "Compiler optimizations disabled; functions from <util/delay.h> won't work as designed"
      |   ^~~~~~~
../main.c:8:6: warning: return type of 'main' is not 'int' [-Wmain]
    8 | void main()
      |      ^~~~
'Finished building: ../main.c'
' '
'Building target: Test_dio.elf'
'Invoking: AVR C Linker'
avr-gcc -Wl,-Map,Test_dio.map -mmcu=atmega32 -o "Test_dio.elf"  ./main.o   
'Finished building target: Test_dio.elf'
' '
'Invoking: AVR Create Extended Listing'
avr-objdump -h -S Test_dio.elf  >"Test_dio.lss"
'Finished building: Test_dio.lss'
' '
'Create Flash image (ihex format)'
avr-objcopy -R .eeprom -R .fuse -R .lock -R .signature -O ihex Test_dio.elf  "Test_dio.hex"
'Finished building: Test_dio.hex'
' '
'Create eeprom image (ihex format)'
avr-objcopy -j .eeprom --no-change-warnings --change-section-lma .eeprom=0 -O ihex Test_dio.elf  "Test_dio.eep"
'Finished building: Test_dio.eep'
' '
'Invoking: Print Size'
avr-size --format=berkeley -t Test_dio.elf
   text	   data	    bss	    dec	    hex	filename
   6178	     16	      0	   6194	   1832	Test_dio.elf
   6178	     16	      0	   6194	   1832	(TOTALS)
'Finished building: sizedummy'
' '

01:08:16 Build Finished. 0 errors, 2 warnings. (took 974ms)

