22:21:09 **** Incremental Build of configuration Debug for project WatchDog ****
make all 
'Building file: ../main.c'
'Invoking: AVR Compiler'
avr-gcc -Wall -g2 -gstabs -O0 -fpack-struct -fshort-enums -ffunction-sections -fdata-sections -std=gnu99 -funsigned-char -funsigned-bitfields -mmcu=atmega32 -DF_CPU=8000000UL -MMD -MP -MF"main.d" -MT"main.o" -c -o "main.o" "../main.c"
In file included from ../main.c:6:
c:\users\ahmed kamal\downloads\program\avr-gcc-9.1.0-x64-mingw\avr\include\util\delay.h:112:3: warning: #warning "Compiler optimizations disabled; functions from <util/delay.h> won't work as designed" [-Wcpp]
  112 | # warning "Compiler optimizations disabled; functions from <util/delay.h> won't work as designed"
      |   ^~~~~~~
../main.c:21:6: warning: return type of 'main' is not 'int' [-Wmain]
   21 | void main()
      |      ^~~~
'Finished building: ../main.c'
' '
'Building target: WatchDog.elf'
'Invoking: AVR C Linker'
avr-gcc -Wl,-Map,WatchDog.map -mmcu=atmega32 -o "WatchDog.elf"  ./DIO_program.o ./PORT_program.o ./main.o   
'Finished building target: WatchDog.elf'
' '
'Invoking: AVR Create Extended Listing'
avr-objdump -h -S WatchDog.elf  >"WatchDog.lss"
'Finished building: WatchDog.lss'
' '
'Invoking: Print Size'
avr-size --format=berkeley -t WatchDog.elf
   text	   data	    bss	    dec	    hex	filename
   2196	      0	      0	   2196	    894	WatchDog.elf
   2196	      0	      0	   2196	    894	(TOTALS)
'Finished building: sizedummy'
' '

22:21:10 Build Finished. 0 errors, 2 warnings. (took 958ms)

