Archive member included to satisfy reference by file (symbol)

c:/users/ahmed kamal/downloads/program/avr-gcc-9.1.0-x64-mingw/bin/../lib/gcc/avr/9.1.0/avr5\libgcc.a(_exit.o)
                              c:/users/ahmed kamal/downloads/program/avr-gcc-9.1.0-x64-mingw/bin/../lib/gcc/avr/9.1.0/../../../../avr/lib/avr5/crtatmega32.o (exit)
c:/users/ahmed kamal/downloads/program/avr-gcc-9.1.0-x64-mingw/bin/../lib/gcc/avr/9.1.0/avr5\libgcc.a(_copy_data.o)
                              ./main.o (__do_copy_data)
c:/users/ahmed kamal/downloads/program/avr-gcc-9.1.0-x64-mingw/bin/../lib/gcc/avr/9.1.0/avr5\libgcc.a(_clear_bss.o)
                              ./ADC_program.o (__do_clear_bss)

Allocating common symbols
Common symbol       size              file

ADC_flag            0x1               ./ADC_program.o
APP_u8ChainSynchResultArr
                    0x1               ./main.o
App_u16ADCReading   0x2               ./main.o

Memory Configuration

Name             Origin             Length             Attributes
text             0x0000000000000000 0x0000000000020000 xr
data             0x0000000000800060 0x000000000000ffa0 rw !x
eeprom           0x0000000000810000 0x0000000000010000 rw !x
fuse             0x0000000000820000 0x0000000000000400 rw !x
lock             0x0000000000830000 0x0000000000000400 rw !x
signature        0x0000000000840000 0x0000000000000400 rw !x
user_signatures  0x0000000000850000 0x0000000000000400 rw !x
*default*        0x0000000000000000 0xffffffffffffffff

Linker script and memory map

LOAD c:/users/ahmed kamal/downloads/program/avr-gcc-9.1.0-x64-mingw/bin/../lib/gcc/avr/9.1.0/../../../../avr/lib/avr5/crtatmega32.o
LOAD ./ADC_program.o
LOAD ./DIO_program.o
LOAD ./GIE_program.o
LOAD ./PORT_program.o
LOAD ./main.o
START GROUP
LOAD c:/users/ahmed kamal/downloads/program/avr-gcc-9.1.0-x64-mingw/bin/../lib/gcc/avr/9.1.0/avr5\libgcc.a
LOAD c:/users/ahmed kamal/downloads/program/avr-gcc-9.1.0-x64-mingw/bin/../lib/gcc/avr/9.1.0/../../../../avr/lib/avr5\libm.a
LOAD c:/users/ahmed kamal/downloads/program/avr-gcc-9.1.0-x64-mingw/bin/../lib/gcc/avr/9.1.0/../../../../avr/lib/avr5\libc.a
LOAD c:/users/ahmed kamal/downloads/program/avr-gcc-9.1.0-x64-mingw/bin/../lib/gcc/avr/9.1.0/../../../../avr/lib/avr5\libatmega32.a
END GROUP
                0x0000000000020000                __TEXT_REGION_LENGTH__ = DEFINED (__TEXT_REGION_LENGTH__)?__TEXT_REGION_LENGTH__:0x20000
                0x000000000000ffa0                __DATA_REGION_LENGTH__ = DEFINED (__DATA_REGION_LENGTH__)?__DATA_REGION_LENGTH__:0xffa0
                0x0000000000010000                __EEPROM_REGION_LENGTH__ = DEFINED (__EEPROM_REGION_LENGTH__)?__EEPROM_REGION_LENGTH__:0x10000
                0x0000000000000400                __FUSE_REGION_LENGTH__ = DEFINED (__FUSE_REGION_LENGTH__)?__FUSE_REGION_LENGTH__:0x400
                0x0000000000000400                __LOCK_REGION_LENGTH__ = DEFINED (__LOCK_REGION_LENGTH__)?__LOCK_REGION_LENGTH__:0x400
                0x0000000000000400                __SIGNATURE_REGION_LENGTH__ = DEFINED (__SIGNATURE_REGION_LENGTH__)?__SIGNATURE_REGION_LENGTH__:0x400
                0x0000000000000400                __USER_SIGNATURE_REGION_LENGTH__ = DEFINED (__USER_SIGNATURE_REGION_LENGTH__)?__USER_SIGNATURE_REGION_LENGTH__:0x400

.hash
 *(.hash)

.dynsym
 *(.dynsym)

.dynstr
 *(.dynstr)

.gnu.version
 *(.gnu.version)

.gnu.version_d
 *(.gnu.version_d)

.gnu.version_r
 *(.gnu.version_r)

.rel.init
 *(.rel.init)

.rela.init
 *(.rela.init)

.rel.text
 *(.rel.text)
 *(.rel.text.*)
 *(.rel.gnu.linkonce.t*)

.rela.text
 *(.rela.text)
 *(.rela.text.*)
 *(.rela.gnu.linkonce.t*)

.rel.fini
 *(.rel.fini)

.rela.fini
 *(.rela.fini)

.rel.rodata
 *(.rel.rodata)
 *(.rel.rodata.*)
 *(.rel.gnu.linkonce.r*)

.rela.rodata
 *(.rela.rodata)
 *(.rela.rodata.*)
 *(.rela.gnu.linkonce.r*)

.rel.data
 *(.rel.data)
 *(.rel.data.*)
 *(.rel.gnu.linkonce.d*)

.rela.data
 *(.rela.data)
 *(.rela.data.*)
 *(.rela.gnu.linkonce.d*)

.rel.ctors
 *(.rel.ctors)

.rela.ctors
 *(.rela.ctors)

.rel.dtors
 *(.rel.dtors)

.rela.dtors
 *(.rela.dtors)

.rel.got
 *(.rel.got)

.rela.got
 *(.rela.got)

.rel.bss
 *(.rel.bss)

.rela.bss
 *(.rela.bss)

.rel.plt
 *(.rel.plt)

.rela.plt
 *(.rela.plt)

.text           0x0000000000000000      0x9ce
 *(.vectors)
 .vectors       0x0000000000000000       0x54 c:/users/ahmed kamal/downloads/program/avr-gcc-9.1.0-x64-mingw/bin/../lib/gcc/avr/9.1.0/../../../../avr/lib/avr5/crtatmega32.o
                0x0000000000000000                __vector_default
                0x0000000000000000                __vectors
 *(.vectors)
 *(.progmem.gcc*)
                0x0000000000000054                . = ALIGN (0x2)
                0x0000000000000054                __trampolines_start = .
 *(.trampolines)
 .trampolines   0x0000000000000054        0x0 linker stubs
 *(.trampolines*)
                0x0000000000000054                __trampolines_end = .
 *libprintf_flt.a:*(.progmem.data)
 *libc.a:*(.progmem.data)
 *(.progmem.*)
                0x0000000000000054                . = ALIGN (0x2)
 *(.lowtext)
 *(.lowtext*)
                0x0000000000000054                __ctors_start = .
 *(.ctors)
                0x0000000000000054                __ctors_end = .
                0x0000000000000054                __dtors_start = .
 *(.dtors)
                0x0000000000000054                __dtors_end = .
 SORT_BY_NAME(*)(.ctors)
 SORT_BY_NAME(*)(.dtors)
 *(.init0)
 .init0         0x0000000000000054        0x0 c:/users/ahmed kamal/downloads/program/avr-gcc-9.1.0-x64-mingw/bin/../lib/gcc/avr/9.1.0/../../../../avr/lib/avr5/crtatmega32.o
                0x0000000000000054                __init
 *(.init0)
 *(.init1)
 *(.init1)
 *(.init2)
 .init2         0x0000000000000054        0xc c:/users/ahmed kamal/downloads/program/avr-gcc-9.1.0-x64-mingw/bin/../lib/gcc/avr/9.1.0/../../../../avr/lib/avr5/crtatmega32.o
 *(.init2)
 *(.init3)
 *(.init3)
 *(.init4)
 .init4         0x0000000000000060       0x16 c:/users/ahmed kamal/downloads/program/avr-gcc-9.1.0-x64-mingw/bin/../lib/gcc/avr/9.1.0/avr5\libgcc.a(_copy_data.o)
                0x0000000000000060                __do_copy_data
 .init4         0x0000000000000076       0x10 c:/users/ahmed kamal/downloads/program/avr-gcc-9.1.0-x64-mingw/bin/../lib/gcc/avr/9.1.0/avr5\libgcc.a(_clear_bss.o)
                0x0000000000000076                __do_clear_bss
 *(.init4)
 *(.init5)
 *(.init5)
 *(.init6)
 *(.init6)
 *(.init7)
 *(.init7)
 *(.init8)
 *(.init8)
 *(.init9)
 .init9         0x0000000000000086        0x8 c:/users/ahmed kamal/downloads/program/avr-gcc-9.1.0-x64-mingw/bin/../lib/gcc/avr/9.1.0/../../../../avr/lib/avr5/crtatmega32.o
 *(.init9)
 *(.text)
 .text          0x000000000000008e        0x4 c:/users/ahmed kamal/downloads/program/avr-gcc-9.1.0-x64-mingw/bin/../lib/gcc/avr/9.1.0/../../../../avr/lib/avr5/crtatmega32.o
                0x000000000000008e                __vector_1
                0x000000000000008e                __vector_12
                0x000000000000008e                __bad_interrupt
                0x000000000000008e                __vector_6
                0x000000000000008e                __vector_3
                0x000000000000008e                __vector_11
                0x000000000000008e                __vector_13
                0x000000000000008e                __vector_17
                0x000000000000008e                __vector_19
                0x000000000000008e                __vector_7
                0x000000000000008e                __vector_5
                0x000000000000008e                __vector_4
                0x000000000000008e                __vector_9
                0x000000000000008e                __vector_2
                0x000000000000008e                __vector_15
                0x000000000000008e                __vector_8
                0x000000000000008e                __vector_14
                0x000000000000008e                __vector_10
                0x000000000000008e                __vector_18
                0x000000000000008e                __vector_20
 .text          0x0000000000000092        0x0 ./ADC_program.o
 .text          0x0000000000000092        0x0 ./DIO_program.o
 .text          0x0000000000000092        0x0 ./GIE_program.o
 .text          0x0000000000000092        0x0 ./PORT_program.o
 .text          0x0000000000000092        0x0 ./main.o
 .text          0x0000000000000092        0x0 c:/users/ahmed kamal/downloads/program/avr-gcc-9.1.0-x64-mingw/bin/../lib/gcc/avr/9.1.0/avr5\libgcc.a(_exit.o)
 .text          0x0000000000000092        0x0 c:/users/ahmed kamal/downloads/program/avr-gcc-9.1.0-x64-mingw/bin/../lib/gcc/avr/9.1.0/avr5\libgcc.a(_copy_data.o)
 .text          0x0000000000000092        0x0 c:/users/ahmed kamal/downloads/program/avr-gcc-9.1.0-x64-mingw/bin/../lib/gcc/avr/9.1.0/avr5\libgcc.a(_clear_bss.o)
                0x0000000000000092                . = ALIGN (0x2)
 *(.text.*)
 .text.ADC_voidInit
                0x0000000000000092       0x7c ./ADC_program.o
                0x0000000000000092                ADC_voidInit
 .text.ADC_u8StartConversionSynch
                0x000000000000010e      0x10e ./ADC_program.o
                0x000000000000010e                ADC_u8StartConversionSynch
 .text.ADC_u8StartConversionAsynch
                0x000000000000021c       0xca ./ADC_program.o
                0x000000000000021c                ADC_u8StartConversionAsynch
 .text.ADC_u8StartChainAsynch
                0x00000000000002e6       0xf0 ./ADC_program.o
                0x00000000000002e6                ADC_u8StartChainAsynch
 .text.__vector_16
                0x00000000000003d6      0x154 ./ADC_program.o
                0x00000000000003d6                __vector_16
 .text.DIO_u8SetPinValue
                0x000000000000052a      0x212 ./DIO_program.o
                0x000000000000052a                DIO_u8SetPinValue
 .text.DIO_u8SetPortValue
                0x000000000000073c       0x7e ./DIO_program.o
                0x000000000000073c                DIO_u8SetPortValue
 .text.DIO_u8GetPinValue
                0x00000000000007ba      0x11e ./DIO_program.o
                0x00000000000007ba                DIO_u8GetPinValue
 .text.GIE_voidEnable
                0x00000000000008d8       0x22 ./GIE_program.o
                0x00000000000008d8                GIE_voidEnable
 .text.GIE_voidDisable
                0x00000000000008fa       0x22 ./GIE_program.o
                0x00000000000008fa                GIE_voidDisable
 .text.PORT_voidInit
                0x000000000000091c       0x54 ./PORT_program.o
                0x000000000000091c                PORT_voidInit
 .text.main     0x0000000000000970       0x16 ./main.o
                0x0000000000000970                main
 .text.APP_voidNotificationSingle
                0x0000000000000986       0x22 ./main.o
                0x0000000000000986                APP_voidNotificationSingle
 .text.APP_voidNotificationChain
                0x00000000000009a8       0x22 ./main.o
                0x00000000000009a8                APP_voidNotificationChain
 .text.libgcc.mul
                0x00000000000009ca        0x0 c:/users/ahmed kamal/downloads/program/avr-gcc-9.1.0-x64-mingw/bin/../lib/gcc/avr/9.1.0/avr5\libgcc.a(_exit.o)
 .text.libgcc.div
                0x00000000000009ca        0x0 c:/users/ahmed kamal/downloads/program/avr-gcc-9.1.0-x64-mingw/bin/../lib/gcc/avr/9.1.0/avr5\libgcc.a(_exit.o)
 .text.libgcc   0x00000000000009ca        0x0 c:/users/ahmed kamal/downloads/program/avr-gcc-9.1.0-x64-mingw/bin/../lib/gcc/avr/9.1.0/avr5\libgcc.a(_exit.o)
 .text.libgcc.prologue
                0x00000000000009ca        0x0 c:/users/ahmed kamal/downloads/program/avr-gcc-9.1.0-x64-mingw/bin/../lib/gcc/avr/9.1.0/avr5\libgcc.a(_exit.o)
 .text.libgcc.builtins
                0x00000000000009ca        0x0 c:/users/ahmed kamal/downloads/program/avr-gcc-9.1.0-x64-mingw/bin/../lib/gcc/avr/9.1.0/avr5\libgcc.a(_exit.o)
 .text.libgcc.fmul
                0x00000000000009ca        0x0 c:/users/ahmed kamal/downloads/program/avr-gcc-9.1.0-x64-mingw/bin/../lib/gcc/avr/9.1.0/avr5\libgcc.a(_exit.o)
 .text.libgcc.fixed
                0x00000000000009ca        0x0 c:/users/ahmed kamal/downloads/program/avr-gcc-9.1.0-x64-mingw/bin/../lib/gcc/avr/9.1.0/avr5\libgcc.a(_exit.o)
 .text.libgcc.mul
                0x00000000000009ca        0x0 c:/users/ahmed kamal/downloads/program/avr-gcc-9.1.0-x64-mingw/bin/../lib/gcc/avr/9.1.0/avr5\libgcc.a(_copy_data.o)
 .text.libgcc.div
                0x00000000000009ca        0x0 c:/users/ahmed kamal/downloads/program/avr-gcc-9.1.0-x64-mingw/bin/../lib/gcc/avr/9.1.0/avr5\libgcc.a(_copy_data.o)
 .text.libgcc   0x00000000000009ca        0x0 c:/users/ahmed kamal/downloads/program/avr-gcc-9.1.0-x64-mingw/bin/../lib/gcc/avr/9.1.0/avr5\libgcc.a(_copy_data.o)
 .text.libgcc.prologue
                0x00000000000009ca        0x0 c:/users/ahmed kamal/downloads/program/avr-gcc-9.1.0-x64-mingw/bin/../lib/gcc/avr/9.1.0/avr5\libgcc.a(_copy_data.o)
 .text.libgcc.builtins
                0x00000000000009ca        0x0 c:/users/ahmed kamal/downloads/program/avr-gcc-9.1.0-x64-mingw/bin/../lib/gcc/avr/9.1.0/avr5\libgcc.a(_copy_data.o)
 .text.libgcc.fmul
                0x00000000000009ca        0x0 c:/users/ahmed kamal/downloads/program/avr-gcc-9.1.0-x64-mingw/bin/../lib/gcc/avr/9.1.0/avr5\libgcc.a(_copy_data.o)
 .text.libgcc.fixed
                0x00000000000009ca        0x0 c:/users/ahmed kamal/downloads/program/avr-gcc-9.1.0-x64-mingw/bin/../lib/gcc/avr/9.1.0/avr5\libgcc.a(_copy_data.o)
 .text.libgcc.mul
                0x00000000000009ca        0x0 c:/users/ahmed kamal/downloads/program/avr-gcc-9.1.0-x64-mingw/bin/../lib/gcc/avr/9.1.0/avr5\libgcc.a(_clear_bss.o)
 .text.libgcc.div
                0x00000000000009ca        0x0 c:/users/ahmed kamal/downloads/program/avr-gcc-9.1.0-x64-mingw/bin/../lib/gcc/avr/9.1.0/avr5\libgcc.a(_clear_bss.o)
 .text.libgcc   0x00000000000009ca        0x0 c:/users/ahmed kamal/downloads/program/avr-gcc-9.1.0-x64-mingw/bin/../lib/gcc/avr/9.1.0/avr5\libgcc.a(_clear_bss.o)
 .text.libgcc.prologue
                0x00000000000009ca        0x0 c:/users/ahmed kamal/downloads/program/avr-gcc-9.1.0-x64-mingw/bin/../lib/gcc/avr/9.1.0/avr5\libgcc.a(_clear_bss.o)
 .text.libgcc.builtins
                0x00000000000009ca        0x0 c:/users/ahmed kamal/downloads/program/avr-gcc-9.1.0-x64-mingw/bin/../lib/gcc/avr/9.1.0/avr5\libgcc.a(_clear_bss.o)
 .text.libgcc.fmul
                0x00000000000009ca        0x0 c:/users/ahmed kamal/downloads/program/avr-gcc-9.1.0-x64-mingw/bin/../lib/gcc/avr/9.1.0/avr5\libgcc.a(_clear_bss.o)
 .text.libgcc.fixed
                0x00000000000009ca        0x0 c:/users/ahmed kamal/downloads/program/avr-gcc-9.1.0-x64-mingw/bin/../lib/gcc/avr/9.1.0/avr5\libgcc.a(_clear_bss.o)
                0x00000000000009ca                . = ALIGN (0x2)
 *(.fini9)
 .fini9         0x00000000000009ca        0x0 c:/users/ahmed kamal/downloads/program/avr-gcc-9.1.0-x64-mingw/bin/../lib/gcc/avr/9.1.0/avr5\libgcc.a(_exit.o)
                0x00000000000009ca                _exit
                0x00000000000009ca                exit
 *(.fini9)
 *(.fini8)
 *(.fini8)
 *(.fini7)
 *(.fini7)
 *(.fini6)
 *(.fini6)
 *(.fini5)
 *(.fini5)
 *(.fini4)
 *(.fini4)
 *(.fini3)
 *(.fini3)
 *(.fini2)
 *(.fini2)
 *(.fini1)
 *(.fini1)
 *(.fini0)
 .fini0         0x00000000000009ca        0x4 c:/users/ahmed kamal/downloads/program/avr-gcc-9.1.0-x64-mingw/bin/../lib/gcc/avr/9.1.0/avr5\libgcc.a(_exit.o)
 *(.fini0)
 *(.hightext)
 *(.hightext*)
 *(.progmemx.*)
                0x00000000000009ce                . = ALIGN (0x2)
 *(.jumptables)
 *(.jumptables*)
                0x00000000000009ce                _etext = .

.data           0x0000000000800060        0x8 load address 0x00000000000009ce
                0x0000000000800060                PROVIDE (__data_start = .)
 *(.data)
 .data          0x0000000000800060        0x0 c:/users/ahmed kamal/downloads/program/avr-gcc-9.1.0-x64-mingw/bin/../lib/gcc/avr/9.1.0/../../../../avr/lib/avr5/crtatmega32.o
 .data          0x0000000000800060        0x0 ./ADC_program.o
 .data          0x0000000000800060        0x0 ./DIO_program.o
 .data          0x0000000000800060        0x0 ./GIE_program.o
 .data          0x0000000000800060        0x0 ./PORT_program.o
 .data          0x0000000000800060        0x0 ./main.o
 .data          0x0000000000800060        0x0 c:/users/ahmed kamal/downloads/program/avr-gcc-9.1.0-x64-mingw/bin/../lib/gcc/avr/9.1.0/avr5\libgcc.a(_exit.o)
 .data          0x0000000000800060        0x0 c:/users/ahmed kamal/downloads/program/avr-gcc-9.1.0-x64-mingw/bin/../lib/gcc/avr/9.1.0/avr5\libgcc.a(_copy_data.o)
 .data          0x0000000000800060        0x0 c:/users/ahmed kamal/downloads/program/avr-gcc-9.1.0-x64-mingw/bin/../lib/gcc/avr/9.1.0/avr5\libgcc.a(_clear_bss.o)
 *(.data*)
 .data.APP_u8ChainSynchChannelArr
                0x0000000000800060        0x3 ./main.o
                0x0000000000800060                APP_u8ChainSynchChannelArr
 .data.Chain1   0x0000000000800063        0x5 ./main.o
                0x0000000000800063                Chain1
 *(.gnu.linkonce.d*)
 *(.rodata)
 *(.rodata*)
 *(.gnu.linkonce.r*)
                0x0000000000800068                . = ALIGN (0x2)
                0x0000000000800068                _edata = .
                0x0000000000800068                PROVIDE (__data_end = .)

.bss            0x0000000000800068       0x10
                0x0000000000800068                PROVIDE (__bss_start = .)
 *(.bss)
 .bss           0x0000000000800068        0x0 c:/users/ahmed kamal/downloads/program/avr-gcc-9.1.0-x64-mingw/bin/../lib/gcc/avr/9.1.0/../../../../avr/lib/avr5/crtatmega32.o
 .bss           0x0000000000800068        0x0 ./ADC_program.o
 .bss           0x0000000000800068        0x0 ./DIO_program.o
 .bss           0x0000000000800068        0x0 ./GIE_program.o
 .bss           0x0000000000800068        0x0 ./PORT_program.o
 .bss           0x0000000000800068        0x0 ./main.o
 .bss           0x0000000000800068        0x0 c:/users/ahmed kamal/downloads/program/avr-gcc-9.1.0-x64-mingw/bin/../lib/gcc/avr/9.1.0/avr5\libgcc.a(_exit.o)
 .bss           0x0000000000800068        0x0 c:/users/ahmed kamal/downloads/program/avr-gcc-9.1.0-x64-mingw/bin/../lib/gcc/avr/9.1.0/avr5\libgcc.a(_copy_data.o)
 .bss           0x0000000000800068        0x0 c:/users/ahmed kamal/downloads/program/avr-gcc-9.1.0-x64-mingw/bin/../lib/gcc/avr/9.1.0/avr5\libgcc.a(_clear_bss.o)
 *(.bss*)
 .bss.ADC_pu16Reading
                0x0000000000800068        0x2 ./ADC_program.o
 .bss.ADC_pvCallBackNotificationFunc
                0x000000000080006a        0x2 ./ADC_program.o
 .bss.ADC_pu8ChainChannelArr
                0x000000000080006c        0x2 ./ADC_program.o
 .bss.ADC_u8ChainSize
                0x000000000080006e        0x1 ./ADC_program.o
 .bss.ADC_pu16ChainResultArr
                0x000000000080006f        0x2 ./ADC_program.o
 .bss.ADC_u8ChainConversionIndex
                0x0000000000800071        0x1 ./ADC_program.o
 .bss.ADC_u8ISRSource
                0x0000000000800072        0x1 ./ADC_program.o
 .bss.ADC_u8BusyState
                0x0000000000800073        0x1 ./ADC_program.o
                0x0000000000800073                ADC_u8BusyState
 *(COMMON)
 COMMON         0x0000000000800074        0x1 ./ADC_program.o
                0x0000000000800074                ADC_flag
 COMMON         0x0000000000800075        0x3 ./main.o
                0x0000000000800075                APP_u8ChainSynchResultArr
                0x0000000000800076                App_u16ADCReading
                0x0000000000800078                PROVIDE (__bss_end = .)
                0x00000000000009ce                __data_load_start = LOADADDR (.data)
                0x00000000000009d6                __data_load_end = (__data_load_start + SIZEOF (.data))

.noinit         0x0000000000800078        0x0
                [!provide]                        PROVIDE (__noinit_start = .)
 *(.noinit*)
                [!provide]                        PROVIDE (__noinit_end = .)
                0x0000000000800078                _end = .
                [!provide]                        PROVIDE (__heap_start = .)

.eeprom         0x0000000000810000        0x0
 *(.eeprom*)
                0x0000000000810000                __eeprom_end = .

.fuse
 *(.fuse)
 *(.lfuse)
 *(.hfuse)
 *(.efuse)

.lock
 *(.lock*)

.signature
 *(.signature*)

.stab           0x0000000000000000     0x1a28
 *(.stab)
 .stab          0x0000000000000000      0x990 ./ADC_program.o
 .stab          0x0000000000000990      0x6e4 ./DIO_program.o
                                        0x75c (size before relaxing)
 .stab          0x0000000000001074      0x2e8 ./GIE_program.o
                                        0x360 (size before relaxing)
 .stab          0x000000000000135c      0x36c ./PORT_program.o
                                        0x3e4 (size before relaxing)
 .stab          0x00000000000016c8      0x360 ./main.o
                                        0x3fc (size before relaxing)

.stabstr        0x0000000000000000      0xd72
 *(.stabstr)
 .stabstr       0x0000000000000000      0xd72 ./ADC_program.o

.stab.excl
 *(.stab.excl)

.stab.exclstr
 *(.stab.exclstr)

.stab.index
 *(.stab.index)

.stab.indexstr
 *(.stab.indexstr)

.comment        0x0000000000000000       0x11
 *(.comment)
 .comment       0x0000000000000000       0x11 ./ADC_program.o
                                         0x12 (size before relaxing)
 .comment       0x0000000000000011       0x12 ./DIO_program.o
 .comment       0x0000000000000011       0x12 ./GIE_program.o
 .comment       0x0000000000000011       0x12 ./PORT_program.o
 .comment       0x0000000000000011       0x12 ./main.o

.note.gnu.avr.deviceinfo
                0x0000000000000000       0x3c
 .note.gnu.avr.deviceinfo
                0x0000000000000000       0x3c c:/users/ahmed kamal/downloads/program/avr-gcc-9.1.0-x64-mingw/bin/../lib/gcc/avr/9.1.0/../../../../avr/lib/avr5/crtatmega32.o

.note.gnu.build-id
 *(.note.gnu.build-id)

.debug
 *(.debug)

.line
 *(.line)

.debug_srcinfo
 *(.debug_srcinfo)

.debug_sfnames
 *(.debug_sfnames)

.debug_aranges  0x0000000000000000       0x60
 *(.debug_aranges)
 .debug_aranges
                0x0000000000000000       0x20 c:/users/ahmed kamal/downloads/program/avr-gcc-9.1.0-x64-mingw/bin/../lib/gcc/avr/9.1.0/avr5\libgcc.a(_exit.o)
 .debug_aranges
                0x0000000000000020       0x20 c:/users/ahmed kamal/downloads/program/avr-gcc-9.1.0-x64-mingw/bin/../lib/gcc/avr/9.1.0/avr5\libgcc.a(_copy_data.o)
 .debug_aranges
                0x0000000000000040       0x20 c:/users/ahmed kamal/downloads/program/avr-gcc-9.1.0-x64-mingw/bin/../lib/gcc/avr/9.1.0/avr5\libgcc.a(_clear_bss.o)

.debug_pubnames
 *(.debug_pubnames)

.debug_info     0x0000000000000000      0x558
 *(.debug_info .gnu.linkonce.wi.*)
 .debug_info    0x0000000000000000      0x4e6 c:/users/ahmed kamal/downloads/program/avr-gcc-9.1.0-x64-mingw/bin/../lib/gcc/avr/9.1.0/../../../../avr/lib/avr5/crtatmega32.o
 .debug_info    0x00000000000004e6       0x26 c:/users/ahmed kamal/downloads/program/avr-gcc-9.1.0-x64-mingw/bin/../lib/gcc/avr/9.1.0/avr5\libgcc.a(_exit.o)
 .debug_info    0x000000000000050c       0x26 c:/users/ahmed kamal/downloads/program/avr-gcc-9.1.0-x64-mingw/bin/../lib/gcc/avr/9.1.0/avr5\libgcc.a(_copy_data.o)
 .debug_info    0x0000000000000532       0x26 c:/users/ahmed kamal/downloads/program/avr-gcc-9.1.0-x64-mingw/bin/../lib/gcc/avr/9.1.0/avr5\libgcc.a(_clear_bss.o)

.debug_abbrev   0x0000000000000000      0x4df
 *(.debug_abbrev)
 .debug_abbrev  0x0000000000000000      0x4a3 c:/users/ahmed kamal/downloads/program/avr-gcc-9.1.0-x64-mingw/bin/../lib/gcc/avr/9.1.0/../../../../avr/lib/avr5/crtatmega32.o
 .debug_abbrev  0x00000000000004a3       0x14 c:/users/ahmed kamal/downloads/program/avr-gcc-9.1.0-x64-mingw/bin/../lib/gcc/avr/9.1.0/avr5\libgcc.a(_exit.o)
 .debug_abbrev  0x00000000000004b7       0x14 c:/users/ahmed kamal/downloads/program/avr-gcc-9.1.0-x64-mingw/bin/../lib/gcc/avr/9.1.0/avr5\libgcc.a(_copy_data.o)
 .debug_abbrev  0x00000000000004cb       0x14 c:/users/ahmed kamal/downloads/program/avr-gcc-9.1.0-x64-mingw/bin/../lib/gcc/avr/9.1.0/avr5\libgcc.a(_clear_bss.o)

.debug_line     0x0000000000000000      0x19a
 *(.debug_line .debug_line.* .debug_line_end)
 .debug_line    0x0000000000000000       0x1d c:/users/ahmed kamal/downloads/program/avr-gcc-9.1.0-x64-mingw/bin/../lib/gcc/avr/9.1.0/../../../../avr/lib/avr5/crtatmega32.o
 .debug_line    0x000000000000001d       0x61 c:/users/ahmed kamal/downloads/program/avr-gcc-9.1.0-x64-mingw/bin/../lib/gcc/avr/9.1.0/avr5\libgcc.a(_exit.o)
 .debug_line    0x000000000000007e       0x97 c:/users/ahmed kamal/downloads/program/avr-gcc-9.1.0-x64-mingw/bin/../lib/gcc/avr/9.1.0/avr5\libgcc.a(_copy_data.o)
 .debug_line    0x0000000000000115       0x85 c:/users/ahmed kamal/downloads/program/avr-gcc-9.1.0-x64-mingw/bin/../lib/gcc/avr/9.1.0/avr5\libgcc.a(_clear_bss.o)

.debug_frame
 *(.debug_frame)

.debug_str      0x0000000000000000      0x1f4
 *(.debug_str)
 .debug_str     0x0000000000000000      0x196 c:/users/ahmed kamal/downloads/program/avr-gcc-9.1.0-x64-mingw/bin/../lib/gcc/avr/9.1.0/../../../../avr/lib/avr5/crtatmega32.o
 .debug_str     0x0000000000000196       0x5e c:/users/ahmed kamal/downloads/program/avr-gcc-9.1.0-x64-mingw/bin/../lib/gcc/avr/9.1.0/avr5\libgcc.a(_exit.o)
 .debug_str     0x00000000000001f4       0x5e c:/users/ahmed kamal/downloads/program/avr-gcc-9.1.0-x64-mingw/bin/../lib/gcc/avr/9.1.0/avr5\libgcc.a(_copy_data.o)
 .debug_str     0x00000000000001f4       0x5e c:/users/ahmed kamal/downloads/program/avr-gcc-9.1.0-x64-mingw/bin/../lib/gcc/avr/9.1.0/avr5\libgcc.a(_clear_bss.o)

.debug_loc
 *(.debug_loc)

.debug_macinfo
 *(.debug_macinfo)

.debug_weaknames
 *(.debug_weaknames)

.debug_funcnames
 *(.debug_funcnames)

.debug_typenames
 *(.debug_typenames)

.debug_varnames
 *(.debug_varnames)

.debug_pubtypes
 *(.debug_pubtypes)

.debug_ranges
 *(.debug_ranges)

.debug_macro
 *(.debug_macro)

.debug_addr
 *(.debug_addr)
OUTPUT(SWC_ADC.elf elf32-avr)
LOAD linker stubs
