08:26:24 **** Build of configuration Debug for project BUZZER ****
make all 
'Building file: ../DIO_program.c'
'Invoking: AVR Compiler'
avr-gcc -Wall -g2 -gstabs -O0 -fpack-struct -fshort-enums -ffunction-sections -fdata-sections -std=gnu99 -funsigned-char -funsigned-bitfields -mmcu=atmega32 -DF_CPU=8000000UL -MMD -MP -MF"DIO_program.d" -MT"DIO_program.o" -c -o "DIO_program.o" "../DIO_program.c"
'Finished building: ../DIO_program.c'
' '
'Building file: ../PORT_program.c'
'Invoking: AVR Compiler'
avr-gcc -Wall -g2 -gstabs -O0 -fpack-struct -fshort-enums -ffunction-sections -fdata-sections -std=gnu99 -funsigned-char -funsigned-bitfields -mmcu=atmega32 -DF_CPU=8000000UL -MMD -MP -MF"PORT_program.d" -MT"PORT_program.o" -c -o "PORT_program.o" "../PORT_program.c"
'Finished building: ../PORT_program.c'
' '
'Building file: ../main.c'
'Invoking: AVR Compiler'
avr-gcc -Wall -g2 -gstabs -O0 -fpack-struct -fshort-enums -ffunction-sections -fdata-sections -std=gnu99 -funsigned-char -funsigned-bitfields -mmcu=atmega32 -DF_CPU=8000000UL -MMD -MP -MF"main.d" -MT"main.o" -c -o "main.o" "../main.c"
In file included from ../main.c:2:
c:\users\ahmed kamal\downloads\program\avr-gcc-9.1.0-x64-mingw\avr\include\util\delay.h:112:3: warning: #warning "Compiler optimizations disabled; functions from <util/delay.h> won't work as designed" [-Wcpp]
  112 | # warning "Compiler optimizations disabled; functions from <util/delay.h> won't work as designed"
      |   ^~~~~~~
../main.c:9:6: warning: return type of 'main' is not 'int' [-Wmain]
    9 | void main()
      |      ^~~~
'Finished building: ../main.c'
' '
'Building target: BUZZER.elf'
'Invoking: AVR C Linker'
avr-gcc -Wl,-Map,BUZZER.map -mmcu=atmega32 -o "BUZZER.elf"  ./DIO_program.o ./PORT_program.o ./main.o   
'Finished building target: BUZZER.elf'
' '
'Invoking: AVR Create Extended Listing'
avr-objdump -h -S BUZZER.elf  >"BUZZER.lss"
'Finished building: BUZZER.lss'
' '
'Invoking: Print Size'
avr-size --format=berkeley -t BUZZER.elf
   text	   data	    bss	    dec	    hex	filename
   3676	      0	      0	   3676	    e5c	BUZZER.elf
   3676	      0	      0	   3676	    e5c	(TOTALS)
'Finished building: sizedummy'
' '

08:26:28 Build Finished. 0 errors, 2 warnings. (took 3s.337ms)

