23:35:25 **** Incremental Build of configuration Debug for project DAC_R2R_ASS ****
make all 
'Building file: ../main.c'
'Invoking: AVR Compiler'
avr-gcc -Wall -g2 -gstabs -O0 -fpack-struct -fshort-enums -ffunction-sections -fdata-sections -std=gnu99 -funsigned-char -funsigned-bitfields -mmcu=atmega32 -DF_CPU=8000000UL -MMD -MP -MF"main.d" -MT"main.o" -c -o "main.o" "../main.c"
In file included from ../main.c:5:
c:\users\ahmed kamal\downloads\program\avr-gcc-9.1.0-x64-mingw\avr\include\util\delay.h:112:3: warning: #warning "Compiler optimizations disabled; functions from <util/delay.h> won't work as designed" [-Wcpp]
  112 | # warning "Compiler optimizations disabled; functions from <util/delay.h> won't work as designed"
      |   ^~~~~~~
../main.c:13:6: warning: return type of 'main' is not 'int' [-Wmain]
   13 | void main()
      |      ^~~~
'Finished building: ../main.c'
' '
'Building target: DAC_R2R_ASS.elf'
'Invoking: AVR C Linker'
avr-gcc -Wl,-Map,DAC_R2R_ASS.map -mmcu=atmega32 -o "DAC_R2R_ASS.elf"  ./DIO_program.o ./PORT_program.o ./main.o   
'Finished building target: DAC_R2R_ASS.elf'
' '
'Invoking: AVR Create Extended Listing'
avr-objdump -h -S DAC_R2R_ASS.elf  >"DAC_R2R_ASS.lss"
'Finished building: DAC_R2R_ASS.lss'
' '
'Invoking: Print Size'
avr-size --format=berkeley -t DAC_R2R_ASS.elf
   text	   data	    bss	    dec	    hex	filename
   2368	      0	      0	   2368	    940	DAC_R2R_ASS.elf
   2368	      0	      0	   2368	    940	(TOTALS)
'Finished building: sizedummy'
' '

23:35:25 Build Finished. 0 errors, 2 warnings. (took 776ms)

