01:58:35 **** Incremental Build of configuration Debug for project DC_Motor ****
make all 
'Building file: ../ADC_program.c'
'Invoking: AVR Compiler'
avr-gcc -Wall -g2 -gstabs -O0 -fpack-struct -fshort-enums -ffunction-sections -fdata-sections -std=gnu99 -funsigned-char -funsigned-bitfields -mmcu=atmega32 -DF_CPU=8000000UL -MMD -MP -MF"ADC_program.d" -MT"ADC_program.o" -c -o "ADC_program.o" "../ADC_program.c"
../ADC_program.c: In function 'ADC_u8StartChainAsynch':
../ADC_program.c:207:27: warning: assignment to 'u16 *' {aka 'short unsigned int *'} from incompatible pointer type 'u8 *' {aka 'unsigned char *'} [-Wincompatible-pointer-types]
  207 |     ADC_pu16ChainResultArr=Copy_psChain->Result;
      |                           ^
'Finished building: ../ADC_program.c'
' '
'Building file: ../main.c'
'Invoking: AVR Compiler'
avr-gcc -Wall -g2 -gstabs -O0 -fpack-struct -fshort-enums -ffunction-sections -fdata-sections -std=gnu99 -funsigned-char -funsigned-bitfields -mmcu=atmega32 -DF_CPU=8000000UL -MMD -MP -MF"main.d" -MT"main.o" -c -o "main.o" "../main.c"
In file included from ../main.c:10:
c:\users\ahmed kamal\downloads\program\avr-gcc-9.1.0-x64-mingw\avr\include\util\delay.h:112:3: warning: #warning "Compiler optimizations disabled; functions from <util/delay.h> won't work as designed" [-Wcpp]
  112 | # warning "Compiler optimizations disabled; functions from <util/delay.h> won't work as designed"
      |   ^~~~~~~
../main.c:25:6: warning: return type of 'main' is not 'int' [-Wmain]
   25 | void main ()
      |      ^~~~
'Finished building: ../main.c'
' '
'Building target: DC_Motor.elf'
'Invoking: AVR C Linker'
avr-gcc -Wl,-Map,DC_Motor.map -mmcu=atmega32 -o "DC_Motor.elf"  ./ADC_program.o ./DCMotor_program.o ./DIO_program.o ./PORT_program.o ./TIMER_program.o ./main.o   
'Finished building target: DC_Motor.elf'
' '
'Invoking: AVR Create Extended Listing'
avr-objdump -h -S DC_Motor.elf  >"DC_Motor.lss"
'Finished building: DC_Motor.lss'
' '
'Invoking: Print Size'
avr-size --format=berkeley -t DC_Motor.elf
   text	   data	    bss	    dec	    hex	filename
   5226	      0	     33	   5259	   148b	DC_Motor.elf
   5226	      0	     33	   5259	   148b	(TOTALS)
'Finished building: sizedummy'
' '

01:58:36 Build Finished. 0 errors, 3 warnings. (took 957ms)

