10:28:41 **** Incremental Build of configuration Debug for project LM32_LCD ****
make all 
'Building file: ../main.c'
'Invoking: AVR Compiler'
avr-gcc -Wall -g2 -gstabs -O0 -fpack-struct -fshort-enums -ffunction-sections -fdata-sections -std=gnu99 -funsigned-char -funsigned-bitfields -mmcu=atmega32 -DF_CPU=8000000UL -MMD -MP -MF"main.d" -MT"main.o" -c -o "main.o" "../main.c"
../main.c:9:6: warning: return type of 'main' is not 'int' [-Wmain]
    9 | void main()
      |      ^~~~
'Finished building: ../main.c'
' '
'Building target: LM32_LCD.elf'
'Invoking: AVR C Linker'
avr-gcc -Wl,-Map,LM32_LCD.map -mmcu=atmega32 -o "LM32_LCD.elf"  ./ADC_program.o ./CLCD_program.o ./DIO_program.o ./PORT_program.o ./main.o   
'Finished building target: LM32_LCD.elf'
' '
'Invoking: AVR Create Extended Listing'
avr-objdump -h -S LM32_LCD.elf  >"LM32_LCD.lss"
'Finished building: LM32_LCD.lss'
' '
'Create Flash image (ihex format)'
avr-objcopy -R .eeprom -R .fuse -R .lock -R .signature -O ihex LM32_LCD.elf  "LM32_LCD.hex"
'Finished building: LM32_LCD.hex'
' '
'Invoking: Print Size'
avr-size --format=berkeley -t LM32_LCD.elf
   text	   data	    bss	    dec	    hex	filename
   3768	      0	      0	   3768	    eb8	LM32_LCD.elf
   3768	      0	      0	   3768	    eb8	(TOTALS)
'Finished building: sizedummy'
' '

10:28:42 Build Finished. 0 errors, 1 warnings. (took 888ms)

