15:00:18 **** Incremental Build of configuration Debug for project motors ****
make all 
'Building file: ../PORT_program.c'
'Invoking: AVR Compiler'
avr-gcc -Wall -g2 -gstabs -O0 -fpack-struct -fshort-enums -ffunction-sections -fdata-sections -std=gnu99 -funsigned-char -funsigned-bitfields -mmcu=atmega32 -DF_CPU=8000000UL -MMD -MP -MF"PORT_program.d" -MT"PORT_program.o" -c -o "PORT_program.o" "../PORT_program.c"
'Finished building: ../PORT_program.c'
' '
'Building target: motors.elf'
'Invoking: AVR C Linker'
avr-gcc -Wl,-Map,motors.map -mmcu=atmega32 -o "motors.elf"  ./DIO_program.o ./PORT_program.o ./main.o ./motors_program.o   
'Finished building target: motors.elf'
' '
'Invoking: AVR Create Extended Listing'
avr-objdump -h -S motors.elf  >"motors.lss"
'Finished building: motors.lss'
' '
'Invoking: Print Size'
avr-size --format=berkeley -t motors.elf
   text	   data	    bss	    dec	    hex	filename
   2398	      0	      0	   2398	    95e	motors.elf
   2398	      0	      0	   2398	    95e	(TOTALS)
'Finished building: sizedummy'
' '

15:00:18 Build Finished. 0 errors, 0 warnings. (took 832ms)

