09:50:19 **** Incremental Build of configuration Debug for project SPI_SLAVE ****
make all 
'Building file: ../main.c'
'Invoking: AVR Compiler'
avr-gcc -Wall -g2 -gstabs -O0 -fpack-struct -fshort-enums -ffunction-sections -fdata-sections -std=gnu99 -funsigned-char -funsigned-bitfields -mmcu=atmega32 -DF_CPU=8000000UL -MMD -MP -MF"main.d" -MT"main.o" -c -o "main.o" "../main.c"
In file included from ../main.c:7:
c:\users\ahmed kamal\downloads\program\avr-gcc-9.1.0-x64-mingw\avr\include\util\delay.h:112:3: warning: #warning "Compiler optimizations disabled; functions from <util/delay.h> won't work as designed" [-Wcpp]
  112 | # warning "Compiler optimizations disabled; functions from <util/delay.h> won't work as designed"
      |   ^~~~~~~
../main.c:9:6: warning: return type of 'main' is not 'int' [-Wmain]
    9 | void main(void)
      |      ^~~~
'Finished building: ../main.c'
' '
'Building target: SPI_SLAVE.elf'
'Invoking: AVR C Linker'
avr-gcc -Wl,-Map,SPI_SLAVE.map -mmcu=atmega32 -o "SPI_SLAVE.elf"  ./DIO_program.o ./PORT_program.o ./SPI_program.o ./main.o   
'Finished building target: SPI_SLAVE.elf'
' '
'Invoking: AVR Create Extended Listing'
avr-objdump -h -S SPI_SLAVE.elf  >"SPI_SLAVE.lss"
'Finished building: SPI_SLAVE.lss'
' '
'Create Flash image (ihex format)'
avr-objcopy -R .eeprom -R .fuse -R .lock -R .signature -O ihex SPI_SLAVE.elf  "SPI_SLAVE.hex"
'Finished building: SPI_SLAVE.hex'
' '
'Invoking: Print Size'
avr-size --format=berkeley -t SPI_SLAVE.elf
   text	   data	    bss	    dec	    hex	filename
   2272	      0	      0	   2272	    8e0	SPI_SLAVE.elf
   2272	      0	      0	   2272	    8e0	(TOTALS)
'Finished building: sizedummy'
' '

09:50:20 Build Finished. 0 errors, 2 warnings. (took 992ms)

