01:22:14 **** Incremental Build of configuration Debug for project SSD_Multiplexer ****
make all 
'Building file: ../main.c'
'Invoking: AVR Compiler'
avr-gcc -Wall -g2 -gstabs -O0 -fpack-struct -fshort-enums -ffunction-sections -fdata-sections -std=gnu99 -funsigned-char -funsigned-bitfields -mmcu=atmega32 -DF_CPU=16000000UL -MMD -MP -MF"main.d" -MT"main.o" -c -o "main.o" "../main.c"
In file included from ../main.c:2:
c:\users\ahmed kamal\downloads\program\avr-gcc-9.1.0-x64-mingw\avr\include\util\delay.h:112:3: warning: #warning "Compiler optimizations disabled; functions from <util/delay.h> won't work as designed" [-Wcpp]
  112 | # warning "Compiler optimizations disabled; functions from <util/delay.h> won't work as designed"
      |   ^~~~~~~
../main.c:9:6: warning: return type of 'main' is not 'int' [-Wmain]
    9 | void main()
      |      ^~~~
'Finished building: ../main.c'
' '
'Building target: SSD_Multiplexer.elf'
'Invoking: AVR C Linker'
avr-gcc -Wl,-Map,SSD_Multiplexer.map -mmcu=atmega32 -o "SSD_Multiplexer.elf"  ./main.o   
'Finished building target: SSD_Multiplexer.elf'
' '
'Invoking: AVR Create Extended Listing'
avr-objdump -h -S SSD_Multiplexer.elf  >"SSD_Multiplexer.lss"
'Finished building: SSD_Multiplexer.lss'
' '
'Create Flash image (ihex format)'
avr-objcopy -R .eeprom -R .fuse -R .lock -R .signature -O ihex SSD_Multiplexer.elf  "SSD_Multiplexer.hex"
'Finished building: SSD_Multiplexer.hex'
' '
'Create eeprom image (ihex format)'
avr-objcopy -j .eeprom --no-change-warnings --change-section-lma .eeprom=0 -O ihex SSD_Multiplexer.elf  "SSD_Multiplexer.eep"
'Finished building: SSD_Multiplexer.eep'
' '
'Invoking: Print Size'
avr-size --format=berkeley -t SSD_Multiplexer.elf
   text	   data	    bss	    dec	    hex	filename
   1432	      0	      0	   1432	    598	SSD_Multiplexer.elf
   1432	      0	      0	   1432	    598	(TOTALS)
'Finished building: sizedummy'
' '

01:22:15 Build Finished. 0 errors, 2 warnings. (took 1s.87ms)

