17:01:12 **** Incremental Build of configuration Debug for project SSD_icre_dcre ****
make all 
'Building file: ../main.c'
'Invoking: AVR Compiler'
avr-gcc -Wall -g2 -gstabs -O0 -fpack-struct -fshort-enums -ffunction-sections -fdata-sections -std=gnu99 -funsigned-char -funsigned-bitfields -mmcu=atmega32 -DF_CPU=16000000UL -MMD -MP -MF"main.d" -MT"main.o" -c -o "main.o" "../main.c"
In file included from ../main.c:2:
c:\users\ahmed kamal\downloads\program\avr-gcc-9.1.0-x64-mingw\avr\include\util\delay.h:112:3: warning: #warning "Compiler optimizations disabled; functions from <util/delay.h> won't work as designed" [-Wcpp]
  112 | # warning "Compiler optimizations disabled; functions from <util/delay.h> won't work as designed"
      |   ^~~~~~~
../main.c:6:6: warning: return type of 'main' is not 'int' [-Wmain]
    6 | void main(void)
      |      ^~~~
../main.c: In function 'main':
../main.c:20:20: warning: left-hand operand of comma expression has no effect [-Wunused-value]
   20 |    for(i=0,j=9;i<10,j>=0;i++,j--)
      |                    ^
'Finished building: ../main.c'
' '
'Building target: SSD_icre_dcre.elf'
'Invoking: AVR C Linker'
avr-gcc -Wl,-Map,SSD_icre_dcre.map -mmcu=atmega32 -o "SSD_icre_dcre.elf"  ./main.o   
'Finished building target: SSD_icre_dcre.elf'
' '
'Invoking: AVR Create Extended Listing'
avr-objdump -h -S SSD_icre_dcre.elf  >"SSD_icre_dcre.lss"
'Finished building: SSD_icre_dcre.lss'
' '
'Create Flash image (ihex format)'
avr-objcopy -R .eeprom -R .fuse -R .lock -R .signature -O ihex SSD_icre_dcre.elf  "SSD_icre_dcre.hex"
'Finished building: SSD_icre_dcre.hex'
' '
'Create eeprom image (ihex format)'
avr-objcopy -j .eeprom --no-change-warnings --change-section-lma .eeprom=0 -O ihex SSD_icre_dcre.elf  "SSD_icre_dcre.eep"
'Finished building: SSD_icre_dcre.eep'
' '
'Invoking: Print Size'
avr-size --format=berkeley -t SSD_icre_dcre.elf
   text	   data	    bss	    dec	    hex	filename
   1598	     20	      0	   1618	    652	SSD_icre_dcre.elf
   1598	     20	      0	   1618	    652	(TOTALS)
'Finished building: sizedummy'
' '

17:01:13 Build Finished. 0 errors, 3 warnings. (took 1s.25ms)

