08:39:39 **** Incremental Build of configuration Debug for project SWC_UART ****
make all 
'Building file: ../UART_program.c'
'Invoking: AVR Compiler'
avr-gcc -Wall -g2 -gstabs -O0 -fpack-struct -fshort-enums -ffunction-sections -fdata-sections -std=gnu99 -funsigned-char -funsigned-bitfields -mmcu=atmega32 -DF_CPU=8000000UL -MMD -MP -MF"UART_program.d" -MT"UART_program.o" -c -o "UART_program.o" "../UART_program.c"
../UART_program.c: In function 'USART_Init':
../UART_program.c:118:31: warning: integer overflow in expression of type 'long int' results in '505032704' [-Woverflow]
  118 |  Local_u16Baud = ((OSC_FREQ/16*BAUD_RATE) -1);
      |                               ^
../UART_program.c: In function 'USART_u8ReceiveCharSynch':
../UART_program.c:257:1: warning: control reaches end of non-void function [-Wreturn-type]
  257 | }
      | ^
'Finished building: ../UART_program.c'
' '
'Building target: SWC_UART.elf'
'Invoking: AVR C Linker'
avr-gcc -Wl,-Map,SWC_UART.map -mmcu=atmega32 -o "SWC_UART.elf"  ./DIO_program.o ./PORT_program.o ./UART_program.o ./main.o   
'Finished building target: SWC_UART.elf'
' '
'Invoking: AVR Create Extended Listing'
avr-objdump -h -S SWC_UART.elf  >"SWC_UART.lss"
'Finished building: SWC_UART.lss'
' '
'Invoking: Print Size'
avr-size --format=berkeley -t SWC_UART.elf
   text	   data	    bss	    dec	    hex	filename
   2406	      0	     13	   2419	    973	SWC_UART.elf
   2406	      0	     13	   2419	    973	(TOTALS)
'Finished building: sizedummy'
' '

08:39:40 Build Finished. 0 errors, 2 warnings. (took 836ms)

