09:37:41 **** Incremental Build of configuration Debug for project SWC_CLCD ****
make all 
'Building file: ../CLCD_program.c'
'Invoking: AVR Compiler'
avr-gcc -Wall -g2 -gstabs -O0 -fpack-struct -fshort-enums -ffunction-sections -fdata-sections -std=gnu99 -funsigned-char -funsigned-bitfields -mmcu=atmega32 -DF_CPU=8000000UL -MMD -MP -MF"CLCD_program.d" -MT"CLCD_program.o" -c -o "CLCD_program.o" "../CLCD_program.c"
In file included from ../CLCD_program.c:14:
c:\users\ahmed kamal\downloads\program\avr-gcc-9.1.0-x64-mingw\avr\include\util\delay.h:112:3: warning: #warning "Compiler optimizations disabled; functions from <util/delay.h> won't work as designed" [-Wcpp]
  112 | # warning "Compiler optimizations disabled; functions from <util/delay.h> won't work as designed"
      |   ^~~~~~~
../CLCD_program.c: In function 'CLCD_voidGoToXY':
../CLCD_program.c:192:5: warning: unused variable 'Local_u8ErrorState' [-Wunused-variable]
  192 |  u8 Local_u8ErrorState=0;
      |     ^~~~~~~~~~~~~~~~~~
'Finished building: ../CLCD_program.c'
' '
'Building file: ../main.c'
'Invoking: AVR Compiler'
avr-gcc -Wall -g2 -gstabs -O0 -fpack-struct -fshort-enums -ffunction-sections -fdata-sections -std=gnu99 -funsigned-char -funsigned-bitfields -mmcu=atmega32 -DF_CPU=8000000UL -MMD -MP -MF"main.d" -MT"main.o" -c -o "main.o" "../main.c"
In file included from ../main.c:4:
c:\users\ahmed kamal\downloads\program\avr-gcc-9.1.0-x64-mingw\avr\include\util\delay.h:112:3: warning: #warning "Compiler optimizations disabled; functions from <util/delay.h> won't work as designed" [-Wcpp]
  112 | # warning "Compiler optimizations disabled; functions from <util/delay.h> won't work as designed"
      |   ^~~~~~~
../main.c:14:6: warning: return type of 'main' is not 'int' [-Wmain]
   14 | void main(void)
      |      ^~~~
../main.c: In function 'main':
../main.c:34:33: warning: passing argument 1 of 'CLCD_voidWriteSpecialCharacter' from incompatible pointer type [-Wincompatible-pointer-types]
   34 |  CLCD_voidWriteSpecialCharacter(&Hamoksha,0,1,0);
      |                                 ^~~~~~~~~
      |                                 |
      |                                 u8 (*)[8] {aka unsigned char (*)[8]}
In file included from ../main.c:9:
../CLCD_interface.h:25:40: note: expected 'u8 *' {aka 'unsigned char *'} but argument is of type 'u8 (*)[8]' {aka 'unsigned char (*)[8]'}
   25 | void CLCD_voidWriteSpecialCharacter(u8*Copy_pu8Pattern,u8 Copy_u8PatternNumber,u8 Copy_u8XPos,u8 Copy_u8YPos);
      |                                     ~~~^~~~~~~~~~~~~~~
../main.c:18:5: warning: unused variable 'Local_u8Counter' [-Wunused-variable]
   18 |  u8 Local_u8Counter;
      |     ^~~~~~~~~~~~~~~
'Finished building: ../main.c'
' '
'Building target: SWC_CLCD.elf'
'Invoking: AVR C Linker'
avr-gcc -Wl,-Map,SWC_CLCD.map -mmcu=atmega32 -o "SWC_CLCD.elf"  ./CLCD_program.o ./DIO_program.o ./PORT_program.o ./main.o   
'Finished building target: SWC_CLCD.elf'
' '
'Invoking: AVR Create Extended Listing'
avr-objdump -h -S SWC_CLCD.elf  >"SWC_CLCD.lss"
'Finished building: SWC_CLCD.lss'
' '
'Create Flash image (ihex format)'
avr-objcopy -R .eeprom -R .fuse -R .lock -R .signature -O ihex SWC_CLCD.elf  "SWC_CLCD.hex"
'Finished building: SWC_CLCD.hex'
' '
'Invoking: Print Size'
avr-size --format=berkeley -t SWC_CLCD.elf
   text	   data	    bss	    dec	    hex	filename
   4600	      8	      0	   4608	   1200	SWC_CLCD.elf
   4600	      8	      0	   4608	   1200	(TOTALS)
'Finished building: sizedummy'
' '

09:37:43 Build Finished. 0 errors, 6 warnings. (took 1s.474ms)

